
*** Running vivado
    with args -log top.vds -m64 -product Vivado -mode batch -messageDb vivado.pb -notrace -source top.tcl


ECHO is off.
ECHO is off.

****** Vivado v2023.2 (64-bit)
  **** SW Build 4029153 on Fri Oct 13 20:14:34 MDT 2023
  **** IP Build 4028589 on Sat Oct 14 00:45:43 MDT 2023
  **** SharedData Build 4025554 on Tue Oct 10 17:18:54 MDT 2023
    ** Copyright 1986-2022 Xilinx, Inc. All Rights Reserved.
    ** Copyright 2022-2023 Advanced Micro Devices, Inc. All Rights Reserved.

source top.tcl -notrace
create_project: Time (s): cpu = 00:00:04 ; elapsed = 00:00:05 . Memory (MB): peak = 473.859 ; gain = 181.535
Command: read_checkpoint -auto_incremental -incremental {C:/Users/Kumar Lab/Desktop/Jasper/xilinx_rx/xilinx_rx.srcs/utils_1/imports/synth_1/top.dcp}
INFO: [Vivado 12-5825] Read reference checkpoint from C:/Users/Kumar Lab/Desktop/Jasper/xilinx_rx/xilinx_rx.srcs/utils_1/imports/synth_1/top.dcp for incremental synthesis
INFO: [Vivado 12-7989] Please ensure there are no constraint changes
Command: synth_design -top top -part xc7vx690tffg1761-2
Starting synth_design
Attempting to get a license for feature 'Synthesis' and/or device 'xc7vx690t'
INFO: [Common 17-349] Got license for feature 'Synthesis' and/or device 'xc7vx690t'
INFO: [Common 17-1540] The version limit for your license is '2024.06' and has expired for new software. A version limit expiration means that, although you may be able to continue to use the current version of tools or IP with this license, you will not be eligible for new releases.
INFO: [Device 21-403] Loading part xc7vx690tffg1761-2
INFO: [Designutils 20-5440] No compile time benefit to using incremental synthesis; A full resynthesis will be run
INFO: [Designutils 20-4379] Flow is switching to default flow due to incremental criteria not met. If you would like to alter this behaviour and have the flow terminate instead, please set the following parameter config_implementation {autoIncr.Synth.RejectBehavior Terminate}
INFO: [Synth 8-7079] Multithreading enabled for synth_design using a maximum of 2 processes.
INFO: [Synth 8-7078] Launching helper process for spawning children vivado processes
INFO: [Synth 8-7075] Helper process launched with PID 64380
---------------------------------------------------------------------------------
Starting RTL Elaboration : Time (s): cpu = 00:00:03 ; elapsed = 00:00:04 . Memory (MB): peak = 1538.688 ; gain = 440.328
---------------------------------------------------------------------------------
INFO: [Synth 8-6157] synthesizing module 'top' [C:/Users/Kumar Lab/Desktop/Jasper/xilinx_rx/xilinx_rx.srcs/sources_1/new/top.v:4]
INFO: [Synth 8-6157] synthesizing module 'IBUFDS' [C:/Xilinx/Vivado/2023.2/scripts/rt/data/unisim_comp.v:73646]
INFO: [Synth 8-6155] done synthesizing module 'IBUFDS' (0#1) [C:/Xilinx/Vivado/2023.2/scripts/rt/data/unisim_comp.v:73646]
INFO: [Synth 8-6157] synthesizing module 'stable_clock_100' [C:/Users/Kumar Lab/Desktop/Jasper/xilinx_rx/xilinx_rx.srcs/sources_1/new/top.v:406]
INFO: [Synth 8-6157] synthesizing module 'MMCME2_BASE' [C:/Xilinx/Vivado/2023.2/scripts/rt/data/unisim_comp.v:82294]
	Parameter BANDWIDTH bound to: OPTIMIZED - type: string 
	Parameter CLKFBOUT_MULT_F bound to: 5.000000 - type: double 
	Parameter CLKIN1_PERIOD bound to: 5.000000 - type: double 
	Parameter CLKOUT0_DIVIDE_F bound to: 10.000000 - type: double 
	Parameter DIVCLK_DIVIDE bound to: 1 - type: integer 
	Parameter STARTUP_WAIT bound to: FALSE - type: string 
INFO: [Synth 8-6155] done synthesizing module 'MMCME2_BASE' (0#1) [C:/Xilinx/Vivado/2023.2/scripts/rt/data/unisim_comp.v:82294]
INFO: [Synth 8-6157] synthesizing module 'BUFG' [C:/Xilinx/Vivado/2023.2/scripts/rt/data/unisim_comp.v:1951]
INFO: [Synth 8-6155] done synthesizing module 'BUFG' (0#1) [C:/Xilinx/Vivado/2023.2/scripts/rt/data/unisim_comp.v:1951]
INFO: [Synth 8-6155] done synthesizing module 'stable_clock_100' (0#1) [C:/Users/Kumar Lab/Desktop/Jasper/xilinx_rx/xilinx_rx.srcs/sources_1/new/top.v:406]
INFO: [Synth 8-6157] synthesizing module 'OBUFDS' [C:/Xilinx/Vivado/2023.2/scripts/rt/data/unisim_comp.v:93073]
INFO: [Synth 8-6155] done synthesizing module 'OBUFDS' (0#1) [C:/Xilinx/Vivado/2023.2/scripts/rt/data/unisim_comp.v:93073]
INFO: [Synth 8-6157] synthesizing module 'xgmii_test_transmitter' [C:/Users/Kumar Lab/Desktop/Jasper/xilinx_rx/xilinx_rx.srcs/sources_1/new/top.v:223]
INFO: [Synth 8-6155] done synthesizing module 'xgmii_test_transmitter' (0#1) [C:/Users/Kumar Lab/Desktop/Jasper/xilinx_rx/xilinx_rx.srcs/sources_1/new/top.v:223]
INFO: [Synth 8-6157] synthesizing module 'ten_gig_eth_pcs_pma_0' [C:/Users/Kumar Lab/Desktop/Jasper/xilinx_rx/xilinx_rx.runs/synth_1/.Xil/Vivado-24424-ECE-OP7010PC2/realtime/ten_gig_eth_pcs_pma_0_stub.v:6]
INFO: [Synth 8-6155] done synthesizing module 'ten_gig_eth_pcs_pma_0' (0#1) [C:/Users/Kumar Lab/Desktop/Jasper/xilinx_rx/xilinx_rx.runs/synth_1/.Xil/Vivado-24424-ECE-OP7010PC2/realtime/ten_gig_eth_pcs_pma_0_stub.v:6]
INFO: [Synth 8-6157] synthesizing module 'xgmii_packet_monitor' [C:/Users/Kumar Lab/Desktop/Jasper/xilinx_rx/xilinx_rx.srcs/sources_1/new/top.v:336]
INFO: [Synth 8-6155] done synthesizing module 'xgmii_packet_monitor' (0#1) [C:/Users/Kumar Lab/Desktop/Jasper/xilinx_rx/xilinx_rx.srcs/sources_1/new/top.v:336]
INFO: [Synth 8-6155] done synthesizing module 'top' (0#1) [C:/Users/Kumar Lab/Desktop/Jasper/xilinx_rx/xilinx_rx.srcs/sources_1/new/top.v:4]
INFO: [Synth 8-6071] Mark debug on the nets applies keep_hierarchy on instance 'pcs_pma'. This will prevent further optimization [C:/Users/Kumar Lab/Desktop/Jasper/xilinx_rx/xilinx_rx.srcs/sources_1/new/top.v:118]
INFO: [Synth 8-6071] Mark debug on the nets applies keep_hierarchy on instance 'packet_monitor'. This will prevent further optimization [C:/Users/Kumar Lab/Desktop/Jasper/xilinx_rx/xilinx_rx.srcs/sources_1/new/top.v:182]
INFO: [Synth 8-6071] Mark debug on the nets applies keep_hierarchy on instance 'test_transmitter'. This will prevent further optimization [C:/Users/Kumar Lab/Desktop/Jasper/xilinx_rx/xilinx_rx.srcs/sources_1/new/top.v:97]
WARNING: [Synth 8-3917] design top has port sfp1_rs0 driven by constant 1
WARNING: [Synth 8-3917] design top has port sfp1_rs1 driven by constant 0
---------------------------------------------------------------------------------
Finished RTL Elaboration : Time (s): cpu = 00:00:04 ; elapsed = 00:00:05 . Memory (MB): peak = 1648.012 ; gain = 549.652
---------------------------------------------------------------------------------
---------------------------------------------------------------------------------
Start Handling Custom Attributes
---------------------------------------------------------------------------------
---------------------------------------------------------------------------------
Finished Handling Custom Attributes : Time (s): cpu = 00:00:04 ; elapsed = 00:00:05 . Memory (MB): peak = 1648.012 ; gain = 549.652
---------------------------------------------------------------------------------
---------------------------------------------------------------------------------
Finished RTL Optimization Phase 1 : Time (s): cpu = 00:00:04 ; elapsed = 00:00:05 . Memory (MB): peak = 1648.012 ; gain = 549.652
---------------------------------------------------------------------------------
Netlist sorting complete. Time (s): cpu = 00:00:00 ; elapsed = 00:00:00.009 . Memory (MB): peak = 1648.012 ; gain = 0.000
INFO: [Netlist 29-17] Analyzing 4 Unisim elements for replacement
INFO: [Netlist 29-28] Unisim Transformation completed in 0 CPU seconds
INFO: [Project 1-570] Preparing netlist for logic optimization

Processing XDC Constraints
Initializing timing engine
Parsing XDC File [c:/Users/Kumar Lab/Desktop/Jasper/xilinx_rx/xilinx_rx.gen/sources_1/ip/ten_gig_eth_pcs_pma_0/ten_gig_eth_pcs_pma_0/ten_gig_eth_pcs_pma_0_in_context.xdc] for cell 'pcs_pma'
Finished Parsing XDC File [c:/Users/Kumar Lab/Desktop/Jasper/xilinx_rx/xilinx_rx.gen/sources_1/ip/ten_gig_eth_pcs_pma_0/ten_gig_eth_pcs_pma_0/ten_gig_eth_pcs_pma_0_in_context.xdc] for cell 'pcs_pma'
Parsing XDC File [C:/Users/Kumar Lab/Desktop/Jasper/xilinx_rx/xilinx_rx.srcs/constrs_1/new/vc709.xdc]
INFO: [Timing 38-2] Deriving generated clocks [C:/Users/Kumar Lab/Desktop/Jasper/xilinx_rx/xilinx_rx.srcs/constrs_1/new/vc709.xdc:68]
Finished Parsing XDC File [C:/Users/Kumar Lab/Desktop/Jasper/xilinx_rx/xilinx_rx.srcs/constrs_1/new/vc709.xdc]
INFO: [Project 1-236] Implementation specific constraints were found while reading constraint file [C:/Users/Kumar Lab/Desktop/Jasper/xilinx_rx/xilinx_rx.srcs/constrs_1/new/vc709.xdc]. These constraints will be ignored for synthesis but will be used in implementation. Impacted constraints are listed in the file [.Xil/top_propImpl.xdc].
Resolution: To avoid this warning, move constraints listed in [.Xil/top_propImpl.xdc] to another XDC file and exclude this new file from synthesis with the used_in_synthesis property (File Properties dialog in GUI) and re-run elaboration/synthesis.
Parsing XDC File [C:/Users/Kumar Lab/Desktop/Jasper/xilinx_rx/xilinx_rx.runs/synth_1/dont_touch.xdc]
Finished Parsing XDC File [C:/Users/Kumar Lab/Desktop/Jasper/xilinx_rx/xilinx_rx.runs/synth_1/dont_touch.xdc]
Completed Processing XDC Constraints

Netlist sorting complete. Time (s): cpu = 00:00:00 ; elapsed = 00:00:00.001 . Memory (MB): peak = 1730.879 ; gain = 0.000
INFO: [Project 1-111] Unisim Transformation Summary:
  A total of 2 instances were transformed.
  MMCME2_BASE => MMCME2_ADV: 1 instance 
  OBUFDS => OBUFDS: 1 instance 

Access is denied.
Constraint Validation Runtime : Time (s): cpu = 00:00:00 ; elapsed = 00:00:00.004 . Memory (MB): peak = 1730.879 ; gain = 0.000
INFO: [Designutils 20-5440] No compile time benefit to using incremental synthesis; A full resynthesis will be run
INFO: [Designutils 20-4379] Flow is switching to default flow due to incremental criteria not met. If you would like to alter this behaviour and have the flow terminate instead, please set the following parameter config_implementation {autoIncr.Synth.RejectBehavior Terminate}
---------------------------------------------------------------------------------
Finished Constraint Validation : Time (s): cpu = 00:00:09 ; elapsed = 00:00:12 . Memory (MB): peak = 1730.879 ; gain = 632.520
---------------------------------------------------------------------------------
---------------------------------------------------------------------------------
Start Loading Part and Timing Information
---------------------------------------------------------------------------------
Loading part: xc7vx690tffg1761-2
---------------------------------------------------------------------------------
Finished Loading Part and Timing Information : Time (s): cpu = 00:00:09 ; elapsed = 00:00:12 . Memory (MB): peak = 1730.879 ; gain = 632.520
---------------------------------------------------------------------------------
---------------------------------------------------------------------------------
Start Applying 'set_property' XDC Constraints
---------------------------------------------------------------------------------
Applied set_property IO_BUFFER_TYPE = NONE for gt_refclk_n. (constraint file  {c:/Users/Kumar Lab/Desktop/Jasper/xilinx_rx/xilinx_rx.gen/sources_1/ip/ten_gig_eth_pcs_pma_0/ten_gig_eth_pcs_pma_0/ten_gig_eth_pcs_pma_0_in_context.xdc}, line 5).
Applied set_property CLOCK_BUFFER_TYPE = NONE for gt_refclk_n. (constraint file  {c:/Users/Kumar Lab/Desktop/Jasper/xilinx_rx/xilinx_rx.gen/sources_1/ip/ten_gig_eth_pcs_pma_0/ten_gig_eth_pcs_pma_0/ten_gig_eth_pcs_pma_0_in_context.xdc}, line 6).
Applied set_property IO_BUFFER_TYPE = NONE for gt_refclk_p. (constraint file  {c:/Users/Kumar Lab/Desktop/Jasper/xilinx_rx/xilinx_rx.gen/sources_1/ip/ten_gig_eth_pcs_pma_0/ten_gig_eth_pcs_pma_0/ten_gig_eth_pcs_pma_0_in_context.xdc}, line 7).
Applied set_property CLOCK_BUFFER_TYPE = NONE for gt_refclk_p. (constraint file  {c:/Users/Kumar Lab/Desktop/Jasper/xilinx_rx/xilinx_rx.gen/sources_1/ip/ten_gig_eth_pcs_pma_0/ten_gig_eth_pcs_pma_0/ten_gig_eth_pcs_pma_0_in_context.xdc}, line 8).
Applied set_property KEEP_HIERARCHY = SOFT for pcs_pma. (constraint file  auto generated constraint).
---------------------------------------------------------------------------------
Finished applying 'set_property' XDC Constraints : Time (s): cpu = 00:00:09 ; elapsed = 00:00:12 . Memory (MB): peak = 1730.879 ; gain = 632.520
---------------------------------------------------------------------------------
INFO: [Synth 8-802] inferred FSM for state register 'state_reg' in module 'xgmii_test_transmitter'
---------------------------------------------------------------------------------------------------
                   State |                     New Encoding |                Previous Encoding 
---------------------------------------------------------------------------------------------------
                 TX_WAIT |                      00000000001 |                             0000
                TX_START |                      00000000010 |                             0001
                TX_DATA0 |                      00000000100 |                             0010
                TX_DATA1 |                      00000001000 |                             0011
                TX_DATA2 |                      00000010000 |                             0100
                TX_DATA3 |                      00000100000 |                             0101
                TX_DATA4 |                      00001000000 |                             0110
                TX_DATA5 |                      00010000000 |                             0111
                TX_DATA6 |                      00100000000 |                             1000
                TX_DATA7 |                      01000000000 |                             1001
                 TX_TERM |                      10000000000 |                             1010
---------------------------------------------------------------------------------------------------
INFO: [Synth 8-3354] encoded FSM with state register 'state_reg' using encoding 'one-hot' in module 'xgmii_test_transmitter'
---------------------------------------------------------------------------------
Finished RTL Optimization Phase 2 : Time (s): cpu = 00:00:10 ; elapsed = 00:00:13 . Memory (MB): peak = 1730.879 ; gain = 632.520
---------------------------------------------------------------------------------
---------------------------------------------------------------------------------
Start RTL Component Statistics 
---------------------------------------------------------------------------------
Detailed RTL Component Info : 
+---Adders : 
	   2 Input   26 Bit       Adders := 1     
	   2 Input   24 Bit       Adders := 1     
+---Registers : 
	               64 Bit    Registers := 1     
	               26 Bit    Registers := 1     
	                8 Bit    Registers := 1     
	                1 Bit    Registers := 3     
+---Muxes : 
	  11 Input   64 Bit        Muxes := 1     
	   2 Input   26 Bit        Muxes := 1     
	   2 Input   24 Bit        Muxes := 2     
	  11 Input    8 Bit        Muxes := 1     
	  11 Input    1 Bit        Muxes := 1     
	   8 Input    1 Bit        Muxes := 2     
	   2 Input    1 Bit        Muxes := 11    
---------------------------------------------------------------------------------
Finished RTL Component Statistics 
---------------------------------------------------------------------------------
---------------------------------------------------------------------------------
Start Part Resource Summary
---------------------------------------------------------------------------------
Part Resources:
DSPs: 3600 (col length:200)
BRAMs: 2940 (col length: RAMB18 200 RAMB36 100)
---------------------------------------------------------------------------------
Finished Part Resource Summary
---------------------------------------------------------------------------------
---------------------------------------------------------------------------------
Start Cross Boundary and Area Optimization
---------------------------------------------------------------------------------
WARNING: [Synth 8-7080] Parallel synthesis criteria is not met
WARNING: [Synth 8-3917] design top has port sfp1_rs0 driven by constant 1
WARNING: [Synth 8-3917] design top has port sfp1_rs1 driven by constant 0
---------------------------------------------------------------------------------
Finished Cross Boundary and Area Optimization : Time (s): cpu = 00:00:11 ; elapsed = 00:00:15 . Memory (MB): peak = 1730.879 ; gain = 632.520
---------------------------------------------------------------------------------
---------------------------------------------------------------------------------
Start Applying XDC Timing Constraints
---------------------------------------------------------------------------------
---------------------------------------------------------------------------------
Finished Applying XDC Timing Constraints : Time (s): cpu = 00:00:13 ; elapsed = 00:00:19 . Memory (MB): peak = 1730.879 ; gain = 632.520
---------------------------------------------------------------------------------
---------------------------------------------------------------------------------
Start Timing Optimization
---------------------------------------------------------------------------------
---------------------------------------------------------------------------------
Finished Timing Optimization : Time (s): cpu = 00:00:13 ; elapsed = 00:00:19 . Memory (MB): peak = 1730.879 ; gain = 632.520
---------------------------------------------------------------------------------
---------------------------------------------------------------------------------
Start Technology Mapping
---------------------------------------------------------------------------------
---------------------------------------------------------------------------------
Finished Technology Mapping : Time (s): cpu = 00:00:14 ; elapsed = 00:00:20 . Memory (MB): peak = 1730.879 ; gain = 632.520
---------------------------------------------------------------------------------
---------------------------------------------------------------------------------
Start IO Insertion
---------------------------------------------------------------------------------
---------------------------------------------------------------------------------
Start Flattening Before IO Insertion
---------------------------------------------------------------------------------
---------------------------------------------------------------------------------
Finished Flattening Before IO Insertion
---------------------------------------------------------------------------------
---------------------------------------------------------------------------------
Start Final Netlist Cleanup
---------------------------------------------------------------------------------
---------------------------------------------------------------------------------
Finished Final Netlist Cleanup
---------------------------------------------------------------------------------
---------------------------------------------------------------------------------
Finished IO Insertion : Time (s): cpu = 00:00:15 ; elapsed = 00:00:22 . Memory (MB): peak = 1730.879 ; gain = 632.520
---------------------------------------------------------------------------------
---------------------------------------------------------------------------------
Start Renaming Generated Instances
---------------------------------------------------------------------------------
---------------------------------------------------------------------------------
Finished Renaming Generated Instances : Time (s): cpu = 00:00:15 ; elapsed = 00:00:22 . Memory (MB): peak = 1730.879 ; gain = 632.520
---------------------------------------------------------------------------------
---------------------------------------------------------------------------------
Start Rebuilding User Hierarchy
---------------------------------------------------------------------------------
---------------------------------------------------------------------------------
Finished Rebuilding User Hierarchy : Time (s): cpu = 00:00:15 ; elapsed = 00:00:23 . Memory (MB): peak = 1730.879 ; gain = 632.520
---------------------------------------------------------------------------------
---------------------------------------------------------------------------------
Start Renaming Generated Ports
---------------------------------------------------------------------------------
---------------------------------------------------------------------------------
Finished Renaming Generated Ports : Time (s): cpu = 00:00:15 ; elapsed = 00:00:23 . Memory (MB): peak = 1730.879 ; gain = 632.520
---------------------------------------------------------------------------------
---------------------------------------------------------------------------------
Start Handling Custom Attributes
---------------------------------------------------------------------------------
---------------------------------------------------------------------------------
Finished Handling Custom Attributes : Time (s): cpu = 00:00:15 ; elapsed = 00:00:23 . Memory (MB): peak = 1730.879 ; gain = 632.520
---------------------------------------------------------------------------------
---------------------------------------------------------------------------------
Start Renaming Generated Nets
---------------------------------------------------------------------------------
---------------------------------------------------------------------------------
Finished Renaming Generated Nets : Time (s): cpu = 00:00:15 ; elapsed = 00:00:23 . Memory (MB): peak = 1730.879 ; gain = 632.520
---------------------------------------------------------------------------------
---------------------------------------------------------------------------------
Start Writing Synthesis Report
---------------------------------------------------------------------------------

Report BlackBoxes: 
+------+----------------------+----------+
|      |BlackBox name         |Instances |
+------+----------------------+----------+
|1     |ten_gig_eth_pcs_pma_0 |         1|
+------+----------------------+----------+

Report Cell Usage: 
+------+--------------------+------+
|      |Cell                |Count |
+------+--------------------+------+
|1     |ten_gig_eth_pcs_pma |     1|
|2     |BUFG                |     2|
|3     |CARRY4              |    42|
|4     |LUT1                |    54|
|5     |LUT2                |    29|
|6     |LUT3                |    15|
|7     |LUT4                |    31|
|8     |LUT5                |    46|
|9     |LUT6                |    46|
|10    |MMCME2_BASE         |     1|
|11    |FDCE                |   190|
|12    |FDPE                |    27|
|13    |IBUF                |     6|
|14    |IBUFDS              |     2|
|15    |OBUF                |    13|
|16    |OBUFDS              |     1|
+------+--------------------+------+
---------------------------------------------------------------------------------
Finished Writing Synthesis Report : Time (s): cpu = 00:00:15 ; elapsed = 00:00:23 . Memory (MB): peak = 1730.879 ; gain = 632.520
---------------------------------------------------------------------------------
Synthesis finished with 0 errors, 0 critical warnings and 3 warnings.
Synthesis Optimization Runtime : Time (s): cpu = 00:00:09 ; elapsed = 00:00:20 . Memory (MB): peak = 1730.879 ; gain = 549.652
Synthesis Optimization Complete : Time (s): cpu = 00:00:15 ; elapsed = 00:00:23 . Memory (MB): peak = 1730.879 ; gain = 632.520
INFO: [Project 1-571] Translating synthesized netlist
Netlist sorting complete. Time (s): cpu = 00:00:00 ; elapsed = 00:00:00.008 . Memory (MB): peak = 1730.879 ; gain = 0.000
INFO: [Netlist 29-17] Analyzing 46 Unisim elements for replacement
INFO: [Netlist 29-28] Unisim Transformation completed in 0 CPU seconds
INFO: [Project 1-570] Preparing netlist for logic optimization
INFO: [Opt 31-138] Pushed 0 inverter(s) to 0 load pin(s).
Netlist sorting complete. Time (s): cpu = 00:00:00 ; elapsed = 00:00:00 . Memory (MB): peak = 1730.879 ; gain = 0.000
INFO: [Project 1-111] Unisim Transformation Summary:
  A total of 2 instances were transformed.
  MMCME2_BASE => MMCME2_ADV: 1 instance 
  OBUFDS => OBUFDS_DUAL_BUF (INV, OBUFDS(x2)): 1 instance 

Access is denied.
Synth Design complete | Checksum: 29243707
INFO: [Common 17-83] Releasing license: Synthesis
48 Infos, 5 Warnings, 0 Critical Warnings and 0 Errors encountered.
synth_design completed successfully
synth_design: Time (s): cpu = 00:00:19 ; elapsed = 00:00:30 . Memory (MB): peak = 1730.879 ; gain = 1240.562
Write ShapeDB Complete: Time (s): cpu = 00:00:00 ; elapsed = 00:00:00.001 . Memory (MB): peak = 1730.879 ; gain = 0.000
INFO: [Common 17-1381] The checkpoint 'C:/Users/Kumar Lab/Desktop/Jasper/xilinx_rx/xilinx_rx.runs/synth_1/top.dcp' has been generated.
INFO: [runtcl-4] Executing : report_utilization -file top_utilization_synth.rpt -pb top_utilization_synth.pb
INFO: [Common 17-206] Exiting Vivado at Thu Jul 23 11:52:37 2026...
