Copyright 1986-2022 Xilinx, Inc. All Rights Reserved. Copyright 2022-2023 Advanced Micro Devices, Inc. All Rights Reserved.
---------------------------------------------------------------------------------------------------------------------------------------------
| Tool Version : Vivado v.2023.2 (win64) Build 4029153 Fri Oct 13 20:14:34 MDT 2023
| Date         : Fri Aug 14 13:32:47 2026
| Host         : ECE-OP7010PC2 running 64-bit major release  (build 9200)
| Command      : report_timing_summary -file {C:/Users/Kumar Lab/Desktop/Jasper/xilinx_rx/qwn_raw_rx_timing.rpt}
| Design       : qwn_raw_rx_top
| Device       : 7vx690t-ffg1761
| Speed File   : -2  PRODUCTION 1.11 2014-09-11
| Design State : Routed
---------------------------------------------------------------------------------------------------------------------------------------------

Timing Summary Report

------------------------------------------------------------------------------------------------
| Timer Settings
| --------------
------------------------------------------------------------------------------------------------

  Enable Multi Corner Analysis               :  Yes
  Enable Pessimism Removal                   :  Yes
  Pessimism Removal Resolution               :  Nearest Common Node
  Enable Input Delay Default Clock           :  No
  Enable Preset / Clear Arcs                 :  No
  Disable Flight Delays                      :  No
  Ignore I/O Paths                           :  No
  Timing Early Launch at Borrowing Latches   :  No
  Borrow Time for Max Delay Exceptions       :  Yes
  Merge Timing Exceptions                    :  Yes
  Inter-SLR Compensation                     :  Conservative

  Corner  Analyze    Analyze    
  Name    Max Paths  Min Paths  
  ------  ---------  ---------  
  Slow    Yes        Yes        
  Fast    Yes        Yes        


------------------------------------------------------------------------------------------------
| Report Methodology
| ------------------
------------------------------------------------------------------------------------------------

Rule       Severity  Description                                           Violations  
---------  --------  ----------------------------------------------------  ----------  
LUTAR-1    Warning   LUT drives async reset alert                          1           
TIMING-28  Warning   Auto-derived clock referenced by a timing constraint  2           

Note: This report is based on the most recent report_methodology run and may not be up-to-date. Run report_methodology on the current design for the latest report.



check_timing report

Table of Contents
-----------------
1. checking no_clock (0)
2. checking constant_clock (0)
3. checking pulse_width_clock (0)
4. checking unconstrained_internal_endpoints (0)
5. checking no_input_delay (2)
6. checking no_output_delay (5)
7. checking multiple_clock (0)
8. checking generated_clocks (0)
9. checking loops (0)
10. checking partial_input_delay (0)
11. checking partial_output_delay (0)
12. checking latch_loops (0)

1. checking no_clock (0)
------------------------
 There are 0 register/latch pins with no clock.


2. checking constant_clock (0)
------------------------------
 There are 0 register/latch pins with constant_clock.


3. checking pulse_width_clock (0)
---------------------------------
 There are 0 register/latch pins which need pulse_width check


4. checking unconstrained_internal_endpoints (0)
------------------------------------------------
 There are 0 pins that are not constrained for maximum delay.

 There are 0 pins that are not constrained for maximum delay due to constant clock.


5. checking no_input_delay (2)
------------------------------
 There are 2 input ports with no input delay specified. (HIGH)

 There are 0 input ports with no input delay but user has a false path constraint.


6. checking no_output_delay (5)
-------------------------------
 There are 5 ports with no output delay specified. (HIGH)

 There are 0 ports with no output delay but user has a false path constraint

 There are 0 ports with no output delay but with a timing clock defined on it or propagating through it


7. checking multiple_clock (0)
------------------------------
 There are 0 register/latch pins with multiple clocks.


8. checking generated_clocks (0)
--------------------------------
 There are 0 generated clocks that are not connected to a clock source.


9. checking loops (0)
---------------------
 There are 0 combinational loops in the design.


10. checking partial_input_delay (0)
------------------------------------
 There are 0 input ports with partial input delay specified.


11. checking partial_output_delay (0)
-------------------------------------
 There are 0 ports with partial output delay specified.


12. checking latch_loops (0)
----------------------------
 There are 0 combinational latch loops in the design through latch input



------------------------------------------------------------------------------------------------
| Design Timing Summary
| ---------------------
------------------------------------------------------------------------------------------------

    WNS(ns)      TNS(ns)  TNS Failing Endpoints  TNS Total Endpoints      WHS(ns)      THS(ns)  THS Failing Endpoints  THS Total Endpoints     WPWS(ns)     TPWS(ns)  TPWS Failing Endpoints  TPWS Total Endpoints  
    -------      -------  ---------------------  -------------------      -------      -------  ---------------------  -------------------     --------     --------  ----------------------  --------------------  
      0.322        0.000                      0                 2052        0.107        0.000                      0                 2052        0.369        0.000                       0                  1028  


All user specified timing constraints are met.


------------------------------------------------------------------------------------------------
| Clock Summary
| -------------
------------------------------------------------------------------------------------------------

Clock                                                               Waveform(ns)         Period(ns)      Frequency(MHz)
-----                                                               ------------         ----------      --------------
gt_refclk_156m25                                                    {0.000 3.200}        6.400           156.250         
raw_gt_i/inst/qwn_gt_raw_i/gt0_qwn_gt_raw_i/gthe2_i/RXOUTCLK        {0.000 1.600}        3.200           312.500         
  clkfb_unbuffered                                                  {0.000 1.600}        3.200           312.500         
  rxusrclk2_unbuffered                                              {0.000 3.200}        6.400           156.250         
  rxusrclk_unbuffered                                               {0.000 1.600}        3.200           312.500         
raw_gt_i/inst/qwn_gt_raw_i/gt0_qwn_gt_raw_i/gthe2_i/RXOUTCLKFABRIC  {0.000 3.200}        6.400           156.250         
raw_gt_i/inst/qwn_gt_raw_i/gt0_qwn_gt_raw_i/gthe2_i/TXOUTCLK        {0.000 3.200}        6.400           156.250         
raw_gt_i/inst/qwn_gt_raw_i/gt0_qwn_gt_raw_i/gthe2_i/TXOUTCLKFABRIC  {0.000 3.200}        6.400           156.250         
si570_156m25                                                        {0.000 3.200}        6.400           156.250         
sysclk_200                                                          {0.000 2.500}        5.000           200.000         
  clk_100_unbuffered                                                {0.000 5.000}        10.000          100.000         
  clkfb_unbuffered_1                                                {0.000 2.500}        5.000           200.000         


------------------------------------------------------------------------------------------------
| Intra Clock Table
| -----------------
------------------------------------------------------------------------------------------------

Clock                                                             WNS(ns)      TNS(ns)  TNS Failing Endpoints  TNS Total Endpoints      WHS(ns)      THS(ns)  THS Failing Endpoints  THS Total Endpoints     WPWS(ns)     TPWS(ns)  TPWS Failing Endpoints  TPWS Total Endpoints  
-----                                                             -------      -------  ---------------------  -------------------      -------      -------  ---------------------  -------------------     --------     --------  ----------------------  --------------------  
gt_refclk_156m25                                                                                                                                                                                                4.992        0.000                       0                     2  
raw_gt_i/inst/qwn_gt_raw_i/gt0_qwn_gt_raw_i/gthe2_i/RXOUTCLK        2.533        0.000                      0                    5        0.131        0.000                      0                    5        0.600        0.000                       0                    12  
  clkfb_unbuffered                                                                                                                                                                                              1.792        0.000                       0                     3  
  rxusrclk2_unbuffered                                              0.322        0.000                      0                 1706        0.107        0.000                      0                 1706        0.738        0.000                       0                   812  
  rxusrclk_unbuffered                                               1.300        0.000                      0                   52        0.131        0.000                      0                   52        0.369        0.000                       0                    31  
sysclk_200                                                                                                                                                                                                      1.100        0.000                       0                     1  
  clk_100_unbuffered                                                7.722        0.000                      0                  289        0.108        0.000                      0                  289        4.286        0.000                       0                   164  
  clkfb_unbuffered_1                                                                                                                                                                                            3.592        0.000                       0                     3  


------------------------------------------------------------------------------------------------
| Inter Clock Table
| -----------------
------------------------------------------------------------------------------------------------

From Clock    To Clock          WNS(ns)      TNS(ns)  TNS Failing Endpoints  TNS Total Endpoints      WHS(ns)      THS(ns)  THS Failing Endpoints  THS Total Endpoints  
----------    --------          -------      -------  ---------------------  -------------------      -------      -------  ---------------------  -------------------  


------------------------------------------------------------------------------------------------
| Other Path Groups Table
| -----------------------
------------------------------------------------------------------------------------------------

Path Group    From Clock    To Clock          WNS(ns)      TNS(ns)  TNS Failing Endpoints  TNS Total Endpoints      WHS(ns)      THS(ns)  THS Failing Endpoints  THS Total Endpoints  
----------    ----------    --------          -------      -------  ---------------------  -------------------      -------      -------  ---------------------  -------------------  


------------------------------------------------------------------------------------------------
| Timing Details
| --------------
------------------------------------------------------------------------------------------------


---------------------------------------------------------------------------------------------------
From Clock:  gt_refclk_156m25
  To Clock:  gt_refclk_156m25

Setup :           NA  Failing Endpoints,  Worst Slack           NA  ,  Total Violation           NA
Hold  :           NA  Failing Endpoints,  Worst Slack           NA  ,  Total Violation           NA
PW    :            0  Failing Endpoints,  Worst Slack        4.992ns,  Total Violation        0.000ns
---------------------------------------------------------------------------------------------------


Pulse Width Checks
--------------------------------------------------------------------------------------
Clock Name:         gt_refclk_156m25
Waveform(ns):       { 0.000 3.200 }
Period(ns):         6.400
Sources:            { gt_refclk_p }

Check Type  Corner  Lib Pin        Reference Pin  Required(ns)  Actual(ns)  Slack(ns)  Location          Pin
Min Period  n/a     IBUFDS_GTE2/I  n/a            1.408         6.400       4.992      IBUFDS_GTE2_X1Y7  gt_refclk_input/I



---------------------------------------------------------------------------------------------------
From Clock:  raw_gt_i/inst/qwn_gt_raw_i/gt0_qwn_gt_raw_i/gthe2_i/RXOUTCLK
  To Clock:  raw_gt_i/inst/qwn_gt_raw_i/gt0_qwn_gt_raw_i/gthe2_i/RXOUTCLK

Setup :            0  Failing Endpoints,  Worst Slack        2.533ns,  Total Violation        0.000ns
Hold  :            0  Failing Endpoints,  Worst Slack        0.131ns,  Total Violation        0.000ns
PW    :            0  Failing Endpoints,  Worst Slack        0.600ns,  Total Violation        0.000ns
---------------------------------------------------------------------------------------------------


Max Delay Paths
--------------------------------------------------------------------------------------
Slack (MET) :             2.533ns  (required time - arrival time)
  Source:                 raw_gt_i/inst/gt0_rxresetfsm_i/sync_rxpmaresetdone_rx/data_sync_reg4/C
                            (rising edge-triggered cell FDRE clocked by raw_gt_i/inst/qwn_gt_raw_i/gt0_qwn_gt_raw_i/gthe2_i/RXOUTCLK  {rise@0.000ns fall@1.600ns period=3.200ns})
  Destination:            raw_gt_i/inst/gt0_rxresetfsm_i/sync_rxpmaresetdone_rx/data_sync_reg5/D
                            (rising edge-triggered cell FDRE clocked by raw_gt_i/inst/qwn_gt_raw_i/gt0_qwn_gt_raw_i/gthe2_i/RXOUTCLK  {rise@0.000ns fall@1.600ns period=3.200ns})
  Path Group:             raw_gt_i/inst/qwn_gt_raw_i/gt0_qwn_gt_raw_i/gthe2_i/RXOUTCLK
  Path Type:              Setup (Max at Slow Process Corner)
  Requirement:            3.200ns  (raw_gt_i/inst/qwn_gt_raw_i/gt0_qwn_gt_raw_i/gthe2_i/RXOUTCLK rise@3.200ns - raw_gt_i/inst/qwn_gt_raw_i/gt0_qwn_gt_raw_i/gthe2_i/RXOUTCLK rise@0.000ns)
  Data Path Delay:        0.645ns  (logic 0.259ns (40.153%)  route 0.386ns (59.847%))
  Logic Levels:           0  
  Clock Path Skew:        0.000ns (DCD - SCD + CPR)
    Destination Clock Delay (DCD):    3.494ns = ( 6.694 - 3.200 ) 
    Source Clock Delay      (SCD):    3.782ns
    Clock Pessimism Removal (CPR):    0.288ns
  Clock Uncertainty:      0.035ns  ((TSJ^2 + TIJ^2)^1/2 + DJ) / 2 + PE
    Total System Jitter     (TSJ):    0.071ns
    Total Input Jitter      (TIJ):    0.000ns
    Discrete Jitter          (DJ):    0.000ns
    Phase Error              (PE):    0.000ns

    Location             Delay type                Incr(ns)  Path(ns)    Netlist Resource(s)
  -------------------------------------------------------------------    -------------------
                         (clock raw_gt_i/inst/qwn_gt_raw_i/gt0_qwn_gt_raw_i/gthe2_i/RXOUTCLK rise edge)
                                                      0.000     0.000 r  
    GTHE2_CHANNEL_X1Y12  GTHE2_CHANNEL                0.000     0.000 r  raw_gt_i/inst/qwn_gt_raw_i/gt0_qwn_gt_raw_i/gthe2_i/RXOUTCLK
                         net (fo=2, routed)           2.024     2.024    raw_gt_i/inst/gt0_rxoutclk_out
    BUFGCTRL_X0Y2        BUFG (Prop_bufg_I_O)         0.093     2.117 r  raw_gt_i/inst/rxout0_buf/O
                         net (fo=9, routed)           1.665     3.782    raw_gt_i/inst/gt0_rxresetfsm_i/sync_rxpmaresetdone_rx/gt0_rxoutclk_i2
    SLICE_X216Y158       FDRE                                         r  raw_gt_i/inst/gt0_rxresetfsm_i/sync_rxpmaresetdone_rx/data_sync_reg4/C
  -------------------------------------------------------------------    -------------------
    SLICE_X216Y158       FDRE (Prop_fdre_C_Q)         0.259     4.041 r  raw_gt_i/inst/gt0_rxresetfsm_i/sync_rxpmaresetdone_rx/data_sync_reg4/Q
                         net (fo=1, routed)           0.386     4.427    raw_gt_i/inst/gt0_rxresetfsm_i/sync_rxpmaresetdone_rx/data_sync4
    SLICE_X216Y158       FDRE                                         r  raw_gt_i/inst/gt0_rxresetfsm_i/sync_rxpmaresetdone_rx/data_sync_reg5/D
  -------------------------------------------------------------------    -------------------

                         (clock raw_gt_i/inst/qwn_gt_raw_i/gt0_qwn_gt_raw_i/gthe2_i/RXOUTCLK rise edge)
                                                      3.200     3.200 r  
    GTHE2_CHANNEL_X1Y12  GTHE2_CHANNEL                0.000     3.200 r  raw_gt_i/inst/qwn_gt_raw_i/gt0_qwn_gt_raw_i/gthe2_i/RXOUTCLK
                         net (fo=2, routed)           1.887     5.087    raw_gt_i/inst/gt0_rxoutclk_out
    BUFGCTRL_X0Y2        BUFG (Prop_bufg_I_O)         0.083     5.170 r  raw_gt_i/inst/rxout0_buf/O
                         net (fo=9, routed)           1.524     6.694    raw_gt_i/inst/gt0_rxresetfsm_i/sync_rxpmaresetdone_rx/gt0_rxoutclk_i2
    SLICE_X216Y158       FDRE                                         r  raw_gt_i/inst/gt0_rxresetfsm_i/sync_rxpmaresetdone_rx/data_sync_reg5/C
                         clock pessimism              0.288     6.982    
                         clock uncertainty           -0.035     6.947    
    SLICE_X216Y158       FDRE (Setup_fdre_C_D)        0.013     6.960    raw_gt_i/inst/gt0_rxresetfsm_i/sync_rxpmaresetdone_rx/data_sync_reg5
  -------------------------------------------------------------------
                         required time                          6.960    
                         arrival time                          -4.427    
  -------------------------------------------------------------------
                         slack                                  2.533    





Min Delay Paths
--------------------------------------------------------------------------------------
Slack (MET) :             0.131ns  (arrival time - required time)
  Source:                 raw_gt_i/inst/gt0_rxresetfsm_i/sync_rxpmaresetdone_rx/data_sync_reg1/C
                            (rising edge-triggered cell FDRE clocked by raw_gt_i/inst/qwn_gt_raw_i/gt0_qwn_gt_raw_i/gthe2_i/RXOUTCLK  {rise@0.000ns fall@1.600ns period=3.200ns})
  Destination:            raw_gt_i/inst/gt0_rxresetfsm_i/sync_rxpmaresetdone_rx/data_sync_reg2/D
                            (rising edge-triggered cell FDRE clocked by raw_gt_i/inst/qwn_gt_raw_i/gt0_qwn_gt_raw_i/gthe2_i/RXOUTCLK  {rise@0.000ns fall@1.600ns period=3.200ns})
  Path Group:             raw_gt_i/inst/qwn_gt_raw_i/gt0_qwn_gt_raw_i/gthe2_i/RXOUTCLK
  Path Type:              Hold (Min at Fast Process Corner)
  Requirement:            0.000ns  (raw_gt_i/inst/qwn_gt_raw_i/gt0_qwn_gt_raw_i/gthe2_i/RXOUTCLK rise@0.000ns - raw_gt_i/inst/qwn_gt_raw_i/gt0_qwn_gt_raw_i/gthe2_i/RXOUTCLK rise@0.000ns)
  Data Path Delay:        0.173ns  (logic 0.118ns (68.255%)  route 0.055ns (31.745%))
  Logic Levels:           0  
  Clock Path Skew:        0.000ns (DCD - SCD - CPR)
    Destination Clock Delay (DCD):    2.001ns
    Source Clock Delay      (SCD):    1.685ns
    Clock Pessimism Removal (CPR):    0.316ns

    Location             Delay type                Incr(ns)  Path(ns)    Netlist Resource(s)
  -------------------------------------------------------------------    -------------------
                         (clock raw_gt_i/inst/qwn_gt_raw_i/gt0_qwn_gt_raw_i/gthe2_i/RXOUTCLK rise edge)
                                                      0.000     0.000 r  
    GTHE2_CHANNEL_X1Y12  GTHE2_CHANNEL                0.000     0.000 r  raw_gt_i/inst/qwn_gt_raw_i/gt0_qwn_gt_raw_i/gthe2_i/RXOUTCLK
                         net (fo=2, routed)           0.901     0.901    raw_gt_i/inst/gt0_rxoutclk_out
    BUFGCTRL_X0Y2        BUFG (Prop_bufg_I_O)         0.026     0.927 r  raw_gt_i/inst/rxout0_buf/O
                         net (fo=9, routed)           0.758     1.685    raw_gt_i/inst/gt0_rxresetfsm_i/sync_rxpmaresetdone_rx/gt0_rxoutclk_i2
    SLICE_X216Y158       FDRE                                         r  raw_gt_i/inst/gt0_rxresetfsm_i/sync_rxpmaresetdone_rx/data_sync_reg1/C
  -------------------------------------------------------------------    -------------------
    SLICE_X216Y158       FDRE (Prop_fdre_C_Q)         0.118     1.803 r  raw_gt_i/inst/gt0_rxresetfsm_i/sync_rxpmaresetdone_rx/data_sync_reg1/Q
                         net (fo=1, routed)           0.055     1.858    raw_gt_i/inst/gt0_rxresetfsm_i/sync_rxpmaresetdone_rx/data_sync1
    SLICE_X216Y158       FDRE                                         r  raw_gt_i/inst/gt0_rxresetfsm_i/sync_rxpmaresetdone_rx/data_sync_reg2/D
  -------------------------------------------------------------------    -------------------

                         (clock raw_gt_i/inst/qwn_gt_raw_i/gt0_qwn_gt_raw_i/gthe2_i/RXOUTCLK rise edge)
                                                      0.000     0.000 r  
    GTHE2_CHANNEL_X1Y12  GTHE2_CHANNEL                0.000     0.000 r  raw_gt_i/inst/qwn_gt_raw_i/gt0_qwn_gt_raw_i/gthe2_i/RXOUTCLK
                         net (fo=2, routed)           0.988     0.988    raw_gt_i/inst/gt0_rxoutclk_out
    BUFGCTRL_X0Y2        BUFG (Prop_bufg_I_O)         0.030     1.018 r  raw_gt_i/inst/rxout0_buf/O
                         net (fo=9, routed)           0.983     2.001    raw_gt_i/inst/gt0_rxresetfsm_i/sync_rxpmaresetdone_rx/gt0_rxoutclk_i2
    SLICE_X216Y158       FDRE                                         r  raw_gt_i/inst/gt0_rxresetfsm_i/sync_rxpmaresetdone_rx/data_sync_reg2/C
                         clock pessimism             -0.316     1.685    
    SLICE_X216Y158       FDRE (Hold_fdre_C_D)         0.042     1.727    raw_gt_i/inst/gt0_rxresetfsm_i/sync_rxpmaresetdone_rx/data_sync_reg2
  -------------------------------------------------------------------
                         required time                         -1.727    
                         arrival time                           1.858    
  -------------------------------------------------------------------
                         slack                                  0.131    





Pulse Width Checks
--------------------------------------------------------------------------------------
Clock Name:         raw_gt_i/inst/qwn_gt_raw_i/gt0_qwn_gt_raw_i/gthe2_i/RXOUTCLK
Waveform(ns):       { 0.000 1.600 }
Period(ns):         3.200
Sources:            { raw_gt_i/inst/qwn_gt_raw_i/gt0_qwn_gt_raw_i/gthe2_i/RXOUTCLK }

Check Type        Corner  Lib Pin                 Reference Pin  Required(ns)  Actual(ns)  Slack(ns)  Location             Pin
Min Period        n/a     GTHE2_CHANNEL/RXOUTCLK  n/a            2.420         3.200       0.780      GTHE2_CHANNEL_X1Y12  raw_gt_i/inst/qwn_gt_raw_i/gt0_qwn_gt_raw_i/gthe2_i/RXOUTCLK
Max Period        n/a     MMCME2_ADV/CLKIN1       n/a            100.000       3.200       96.800     MMCME2_ADV_X1Y3      rx_clock_i/rx_mmcm/CLKIN1
Low Pulse Width   Slow    MMCME2_ADV/CLKIN1       n/a            1.000         1.600       0.600      MMCME2_ADV_X1Y3      rx_clock_i/rx_mmcm/CLKIN1
High Pulse Width  Slow    MMCME2_ADV/CLKIN1       n/a            1.000         1.600       0.600      MMCME2_ADV_X1Y3      rx_clock_i/rx_mmcm/CLKIN1



---------------------------------------------------------------------------------------------------
From Clock:  clkfb_unbuffered
  To Clock:  clkfb_unbuffered

Setup :           NA  Failing Endpoints,  Worst Slack           NA  ,  Total Violation           NA
Hold  :           NA  Failing Endpoints,  Worst Slack           NA  ,  Total Violation           NA
PW    :            0  Failing Endpoints,  Worst Slack        1.792ns,  Total Violation        0.000ns
---------------------------------------------------------------------------------------------------


Pulse Width Checks
--------------------------------------------------------------------------------------
Clock Name:         clkfb_unbuffered
Waveform(ns):       { 0.000 1.600 }
Period(ns):         3.200
Sources:            { rx_clock_i/rx_mmcm/CLKFBOUT }

Check Type  Corner  Lib Pin             Reference Pin  Required(ns)  Actual(ns)  Slack(ns)  Location         Pin
Min Period  n/a     BUFG/I              n/a            1.408         3.200       1.792      BUFGCTRL_X0Y3    rx_clock_i/rx_feedback_buffer/I
Max Period  n/a     MMCME2_ADV/CLKFBIN  n/a            100.000       3.200       96.800     MMCME2_ADV_X1Y3  rx_clock_i/rx_mmcm/CLKFBIN



---------------------------------------------------------------------------------------------------
From Clock:  rxusrclk2_unbuffered
  To Clock:  rxusrclk2_unbuffered

Setup :            0  Failing Endpoints,  Worst Slack        0.322ns,  Total Violation        0.000ns
Hold  :            0  Failing Endpoints,  Worst Slack        0.107ns,  Total Violation        0.000ns
PW    :            0  Failing Endpoints,  Worst Slack        0.738ns,  Total Violation        0.000ns
---------------------------------------------------------------------------------------------------


Max Delay Paths
--------------------------------------------------------------------------------------
Slack (MET) :             0.322ns  (required time - arrival time)
  Source:                 fabric_cdr_i/incl_r_reg[1][1]/C
                            (rising edge-triggered cell FDRE clocked by rxusrclk2_unbuffered  {rise@0.000ns fall@3.200ns period=6.400ns})
  Destination:            fabric_cdr_i/rbits_o_reg[0]/D
                            (rising edge-triggered cell FDRE clocked by rxusrclk2_unbuffered  {rise@0.000ns fall@3.200ns period=6.400ns})
  Path Group:             rxusrclk2_unbuffered
  Path Type:              Setup (Max at Slow Process Corner)
  Requirement:            6.400ns  (rxusrclk2_unbuffered rise@6.400ns - rxusrclk2_unbuffered rise@0.000ns)
  Data Path Delay:        6.147ns  (logic 0.932ns (15.163%)  route 5.215ns (84.837%))
  Logic Levels:           15  (LUT3=1 LUT6=14)
  Clock Path Skew:        0.039ns (DCD - SCD + CPR)
    Destination Clock Delay (DCD):    1.181ns = ( 7.581 - 6.400 ) 
    Source Clock Delay      (SCD):    1.100ns
    Clock Pessimism Removal (CPR):    -0.042ns
  Clock Uncertainty:      0.035ns  ((TSJ^2 + TIJ^2)^1/2 + DJ) / 2 + PE
    Total System Jitter     (TSJ):    0.071ns
    Total Input Jitter      (TIJ):    0.000ns
    Discrete Jitter          (DJ):    0.000ns
    Phase Error              (PE):    0.000ns

    Location             Delay type                Incr(ns)  Path(ns)    Netlist Resource(s)
  -------------------------------------------------------------------    -------------------
                         (clock rxusrclk2_unbuffered rise edge)
                                                      0.000     0.000 r  
    GTHE2_CHANNEL_X1Y12  GTHE2_CHANNEL                0.000     0.000 r  raw_gt_i/inst/qwn_gt_raw_i/gt0_qwn_gt_raw_i/gthe2_i/RXOUTCLK
                         net (fo=2, routed)           1.050     1.050    rx_clock_i/rxoutclk
    MMCME2_ADV_X1Y3      MMCME2_ADV (Prop_mmcme2_adv_CLKIN1_CLKOUT1)
                                                     -3.502    -2.452 r  rx_clock_i/rx_mmcm/CLKOUT1
                         net (fo=1, routed)           1.802    -0.650    rx_clock_i/rxusrclk2_unbuffered
    BUFGCTRL_X0Y0        BUFG (Prop_bufg_I_O)         0.093    -0.557 r  rx_clock_i/rxusrclk2_buffer/O
                         net (fo=810, routed)         1.657     1.100    fabric_cdr_i/rxusrclk2
    SLICE_X194Y150       FDRE                                         r  fabric_cdr_i/incl_r_reg[1][1]/C
  -------------------------------------------------------------------    -------------------
    SLICE_X194Y150       FDRE (Prop_fdre_C_Q)         0.204     1.304 f  fabric_cdr_i/incl_r_reg[1][1]/Q
                         net (fo=4, routed)           0.528     1.832    fabric_cdr_i/incl_r_reg[1]_110[1]
    SLICE_X201Y150       LUT3 (Prop_lut3_I0_O)        0.126     1.958 f  fabric_cdr_i/rbits_o[0]_i_143/O
                         net (fo=1, routed)           0.447     2.404    fabric_cdr_i/rbits_o[0]_i_143_n_0
    SLICE_X200Y151       LUT6 (Prop_lut6_I1_O)        0.043     2.447 r  fabric_cdr_i/rbits_o[0]_i_137/O
                         net (fo=1, routed)           0.448     2.895    fabric_cdr_i/rbits_o[0]_i_137_n_0
    SLICE_X197Y151       LUT6 (Prop_lut6_I2_O)        0.043     2.938 r  fabric_cdr_i/rbits_o[0]_i_131/O
                         net (fo=1, routed)           0.383     3.320    fabric_cdr_i/rbits_o[0]_i_131_n_0
    SLICE_X196Y153       LUT6 (Prop_lut6_I3_O)        0.043     3.363 r  fabric_cdr_i/rbits_o[0]_i_120/O
                         net (fo=1, routed)           0.106     3.469    fabric_cdr_i/rbits_o[0]_i_120_n_0
    SLICE_X196Y153       LUT6 (Prop_lut6_I2_O)        0.043     3.512 r  fabric_cdr_i/rbits_o[0]_i_109/O
                         net (fo=1, routed)           0.443     3.955    fabric_cdr_i/rbits_o[0]_i_109_n_0
    SLICE_X198Y153       LUT6 (Prop_lut6_I2_O)        0.043     3.998 r  fabric_cdr_i/rbits_o[0]_i_98/O
                         net (fo=1, routed)           0.314     4.313    fabric_cdr_i/rbits_o[0]_i_98_n_0
    SLICE_X201Y149       LUT6 (Prop_lut6_I2_O)        0.043     4.356 r  fabric_cdr_i/rbits_o[0]_i_84/O
                         net (fo=1, routed)           0.460     4.815    fabric_cdr_i/rbits_o[0]_i_84_n_0
    SLICE_X207Y147       LUT6 (Prop_lut6_I2_O)        0.043     4.858 r  fabric_cdr_i/rbits_o[0]_i_72/O
                         net (fo=1, routed)           0.279     5.137    fabric_cdr_i/rbits_o[0]_i_72_n_0
    SLICE_X209Y145       LUT6 (Prop_lut6_I2_O)        0.043     5.180 r  fabric_cdr_i/rbits_o[0]_i_60/O
                         net (fo=1, routed)           0.426     5.606    fabric_cdr_i/rbits_o[0]_i_60_n_0
    SLICE_X209Y139       LUT6 (Prop_lut6_I2_O)        0.043     5.649 r  fabric_cdr_i/rbits_o[0]_i_45/O
                         net (fo=1, routed)           0.189     5.838    fabric_cdr_i/rbits_o[0]_i_45_n_0
    SLICE_X208Y138       LUT6 (Prop_lut6_I2_O)        0.043     5.881 r  fabric_cdr_i/rbits_o[0]_i_31/O
                         net (fo=1, routed)           0.422     6.302    fabric_cdr_i/rbits_o[0]_i_31_n_0
    SLICE_X203Y136       LUT6 (Prop_lut6_I2_O)        0.043     6.345 r  fabric_cdr_i/rbits_o[0]_i_18/O
                         net (fo=1, routed)           0.197     6.542    fabric_cdr_i/rbits_o[0]_i_18_n_0
    SLICE_X200Y136       LUT6 (Prop_lut6_I2_O)        0.043     6.585 r  fabric_cdr_i/rbits_o[0]_i_8/O
                         net (fo=1, routed)           0.323     6.907    fabric_cdr_i/rbits_o[0]_i_8_n_0
    SLICE_X197Y137       LUT6 (Prop_lut6_I2_O)        0.043     6.950 r  fabric_cdr_i/rbits_o[0]_i_3/O
                         net (fo=1, routed)           0.253     7.204    fabric_cdr_i/rbits_o[0]_i_3_n_0
    SLICE_X196Y135       LUT6 (Prop_lut6_I2_O)        0.043     7.247 r  fabric_cdr_i/rbits_o[0]_i_1/O
                         net (fo=1, routed)           0.000     7.247    fabric_cdr_i/packed[0]
    SLICE_X196Y135       FDRE                                         r  fabric_cdr_i/rbits_o_reg[0]/D
  -------------------------------------------------------------------    -------------------

                         (clock rxusrclk2_unbuffered rise edge)
                                                      6.400     6.400 r  
    GTHE2_CHANNEL_X1Y12  GTHE2_CHANNEL                0.000     6.400 r  raw_gt_i/inst/qwn_gt_raw_i/gt0_qwn_gt_raw_i/gthe2_i/RXOUTCLK
                         net (fo=2, routed)           0.949     7.349    rx_clock_i/rxoutclk
    MMCME2_ADV_X1Y3      MMCME2_ADV (Prop_mmcme2_adv_CLKIN1_CLKOUT1)
                                                     -3.213     4.136 r  rx_clock_i/rx_mmcm/CLKOUT1
                         net (fo=1, routed)           1.681     5.817    rx_clock_i/rxusrclk2_unbuffered
    BUFGCTRL_X0Y0        BUFG (Prop_bufg_I_O)         0.083     5.900 r  rx_clock_i/rxusrclk2_buffer/O
                         net (fo=810, routed)         1.681     7.581    fabric_cdr_i/rxusrclk2
    SLICE_X196Y135       FDRE                                         r  fabric_cdr_i/rbits_o_reg[0]/C
                         clock pessimism             -0.042     7.539    
                         clock uncertainty           -0.035     7.504    
    SLICE_X196Y135       FDRE (Setup_fdre_C_D)        0.065     7.569    fabric_cdr_i/rbits_o_reg[0]
  -------------------------------------------------------------------
                         required time                          7.569    
                         arrival time                          -7.247    
  -------------------------------------------------------------------
                         slack                                  0.322    





Min Delay Paths
--------------------------------------------------------------------------------------
Slack (MET) :             0.107ns  (arrival time - required time)
  Source:                 symbol_decoder_i/symbol_q_reg[6]/C
                            (rising edge-triggered cell FDRE clocked by rxusrclk2_unbuffered  {rise@0.000ns fall@3.200ns period=6.400ns})
  Destination:            symbol_decoder_i/decoder_input_reg_rep/ADDRARDADDR[10]
                            (rising edge-triggered cell RAMB18E1 clocked by rxusrclk2_unbuffered  {rise@0.000ns fall@3.200ns period=6.400ns})
  Path Group:             rxusrclk2_unbuffered
  Path Type:              Hold (Min at Fast Process Corner)
  Requirement:            0.000ns  (rxusrclk2_unbuffered rise@0.000ns - rxusrclk2_unbuffered rise@0.000ns)
  Data Path Delay:        0.336ns  (logic 0.100ns (29.728%)  route 0.236ns (70.272%))
  Logic Levels:           0  
  Clock Path Skew:        0.047ns (DCD - SCD - CPR)
    Destination Clock Delay (DCD):    0.713ns
    Source Clock Delay      (SCD):    0.605ns
    Clock Pessimism Removal (CPR):    0.061ns

    Location             Delay type                Incr(ns)  Path(ns)    Netlist Resource(s)
  -------------------------------------------------------------------    -------------------
                         (clock rxusrclk2_unbuffered rise edge)
                                                      0.000     0.000 r  
    GTHE2_CHANNEL_X1Y12  GTHE2_CHANNEL                0.000     0.000 r  raw_gt_i/inst/qwn_gt_raw_i/gt0_qwn_gt_raw_i/gthe2_i/RXOUTCLK
                         net (fo=2, routed)           0.471     0.471    rx_clock_i/rxoutclk
    MMCME2_ADV_X1Y3      MMCME2_ADV (Prop_mmcme2_adv_CLKIN1_CLKOUT1)
                                                     -1.444    -0.973 r  rx_clock_i/rx_mmcm/CLKOUT1
                         net (fo=1, routed)           0.757    -0.216    rx_clock_i/rxusrclk2_unbuffered
    BUFGCTRL_X0Y0        BUFG (Prop_bufg_I_O)         0.026    -0.190 r  rx_clock_i/rxusrclk2_buffer/O
                         net (fo=810, routed)         0.795     0.605    symbol_decoder_i/rxusrclk2
    SLICE_X193Y133       FDRE                                         r  symbol_decoder_i/symbol_q_reg[6]/C
  -------------------------------------------------------------------    -------------------
    SLICE_X193Y133       FDRE (Prop_fdre_C_Q)         0.100     0.705 r  symbol_decoder_i/symbol_q_reg[6]/Q
                         net (fo=2, routed)           0.236     0.941    symbol_decoder_i/symbol_q_reg_n_0_[6]
    RAMB18_X12Y54        RAMB18E1                                     r  symbol_decoder_i/decoder_input_reg_rep/ADDRARDADDR[10]
  -------------------------------------------------------------------    -------------------

                         (clock rxusrclk2_unbuffered rise edge)
                                                      0.000     0.000 r  
    GTHE2_CHANNEL_X1Y12  GTHE2_CHANNEL                0.000     0.000 r  raw_gt_i/inst/qwn_gt_raw_i/gt0_qwn_gt_raw_i/gthe2_i/RXOUTCLK
                         net (fo=2, routed)           0.533     0.533    rx_clock_i/rxoutclk
    MMCME2_ADV_X1Y3      MMCME2_ADV (Prop_mmcme2_adv_CLKIN1_CLKOUT1)
                                                     -1.747    -1.214 r  rx_clock_i/rx_mmcm/CLKOUT1
                         net (fo=1, routed)           0.824    -0.390    rx_clock_i/rxusrclk2_unbuffered
    BUFGCTRL_X0Y0        BUFG (Prop_bufg_I_O)         0.030    -0.360 r  rx_clock_i/rxusrclk2_buffer/O
                         net (fo=810, routed)         1.073     0.713    symbol_decoder_i/rxusrclk2
    RAMB18_X12Y54        RAMB18E1                                     r  symbol_decoder_i/decoder_input_reg_rep/CLKARDCLK
                         clock pessimism             -0.061     0.652    
    RAMB18_X12Y54        RAMB18E1 (Hold_ramb18e1_CLKARDCLK_ADDRARDADDR[10])
                                                      0.183     0.835    symbol_decoder_i/decoder_input_reg_rep
  -------------------------------------------------------------------
                         required time                         -0.835    
                         arrival time                           0.941    
  -------------------------------------------------------------------
                         slack                                  0.107    





Pulse Width Checks
--------------------------------------------------------------------------------------
Clock Name:         rxusrclk2_unbuffered
Waveform(ns):       { 0.000 3.200 }
Period(ns):         6.400
Sources:            { rx_clock_i/rx_mmcm/CLKOUT1 }

Check Type        Corner  Lib Pin                  Reference Pin  Required(ns)  Actual(ns)  Slack(ns)  Location             Pin
Min Period        n/a     GTHE2_CHANNEL/RXUSRCLK2  n/a            5.662         6.400       0.738      GTHE2_CHANNEL_X1Y12  raw_gt_i/inst/qwn_gt_raw_i/gt0_qwn_gt_raw_i/gthe2_i/RXUSRCLK2
Max Period        n/a     MMCME2_ADV/CLKOUT1       n/a            213.360       6.400       206.960    MMCME2_ADV_X1Y3      rx_clock_i/rx_mmcm/CLKOUT1
Low Pulse Width   Slow    FDRE/C                   n/a            0.400         3.200       2.800      SLICE_X196Y161       rx_ready_sync_reg[1]/C
High Pulse Width  Slow    FDRE/C                   n/a            0.350         3.200       2.850      SLICE_X182Y160       rx_heartbeat_reg[0]/C



---------------------------------------------------------------------------------------------------
From Clock:  rxusrclk_unbuffered
  To Clock:  rxusrclk_unbuffered

Setup :            0  Failing Endpoints,  Worst Slack        1.300ns,  Total Violation        0.000ns
Hold  :            0  Failing Endpoints,  Worst Slack        0.131ns,  Total Violation        0.000ns
PW    :            0  Failing Endpoints,  Worst Slack        0.369ns,  Total Violation        0.000ns
---------------------------------------------------------------------------------------------------


Max Delay Paths
--------------------------------------------------------------------------------------
Slack (MET) :             1.300ns  (required time - arrival time)
  Source:                 raw_gt_i/inst/gt0_rxresetfsm_i/wait_bypass_count_reg[6]/C
                            (rising edge-triggered cell FDRE clocked by rxusrclk_unbuffered  {rise@0.000ns fall@1.600ns period=3.200ns})
  Destination:            raw_gt_i/inst/gt0_rxresetfsm_i/wait_bypass_count_reg[10]/CE
                            (rising edge-triggered cell FDRE clocked by rxusrclk_unbuffered  {rise@0.000ns fall@1.600ns period=3.200ns})
  Path Group:             rxusrclk_unbuffered
  Path Type:              Setup (Max at Slow Process Corner)
  Requirement:            3.200ns  (rxusrclk_unbuffered rise@3.200ns - rxusrclk_unbuffered rise@0.000ns)
  Data Path Delay:        1.639ns  (logic 0.352ns (21.477%)  route 1.287ns (78.523%))
  Logic Levels:           3  (LUT2=1 LUT5=1 LUT6=1)
  Clock Path Skew:        -0.025ns (DCD - SCD + CPR)
    Destination Clock Delay (DCD):    1.018ns = ( 4.218 - 3.200 ) 
    Source Clock Delay      (SCD):    1.102ns
    Clock Pessimism Removal (CPR):    0.059ns
  Clock Uncertainty:      0.035ns  ((TSJ^2 + TIJ^2)^1/2 + DJ) / 2 + PE
    Total System Jitter     (TSJ):    0.071ns
    Total Input Jitter      (TIJ):    0.000ns
    Discrete Jitter          (DJ):    0.000ns
    Phase Error              (PE):    0.000ns

    Location             Delay type                Incr(ns)  Path(ns)    Netlist Resource(s)
  -------------------------------------------------------------------    -------------------
                         (clock rxusrclk_unbuffered rise edge)
                                                      0.000     0.000 r  
    GTHE2_CHANNEL_X1Y12  GTHE2_CHANNEL                0.000     0.000 r  raw_gt_i/inst/qwn_gt_raw_i/gt0_qwn_gt_raw_i/gthe2_i/RXOUTCLK
                         net (fo=2, routed)           1.050     1.050    rx_clock_i/rxoutclk
    MMCME2_ADV_X1Y3      MMCME2_ADV (Prop_mmcme2_adv_CLKIN1_CLKOUT0)
                                                     -3.502    -2.452 r  rx_clock_i/rx_mmcm/CLKOUT0
                         net (fo=1, routed)           1.802    -0.650    rx_clock_i/rxusrclk_unbuffered
    BUFGCTRL_X0Y1        BUFG (Prop_bufg_I_O)         0.093    -0.557 r  rx_clock_i/rxusrclk_buffer/O
                         net (fo=29, routed)          1.659     1.102    raw_gt_i/inst/gt0_rxresetfsm_i/gt0_rxusrclk_in
    SLICE_X207Y163       FDRE                                         r  raw_gt_i/inst/gt0_rxresetfsm_i/wait_bypass_count_reg[6]/C
  -------------------------------------------------------------------    -------------------
    SLICE_X207Y163       FDRE (Prop_fdre_C_Q)         0.223     1.325 r  raw_gt_i/inst/gt0_rxresetfsm_i/wait_bypass_count_reg[6]/Q
                         net (fo=2, routed)           0.474     1.799    raw_gt_i/inst/gt0_rxresetfsm_i/wait_bypass_count_reg[6]
    SLICE_X206Y163       LUT6 (Prop_lut6_I3_O)        0.043     1.842 f  raw_gt_i/inst/gt0_rxresetfsm_i/time_out_wait_bypass_i_4/O
                         net (fo=1, routed)           0.161     2.003    raw_gt_i/inst/gt0_rxresetfsm_i/time_out_wait_bypass_i_4_n_0
    SLICE_X206Y163       LUT5 (Prop_lut5_I4_O)        0.043     2.046 r  raw_gt_i/inst/gt0_rxresetfsm_i/time_out_wait_bypass_i_2/O
                         net (fo=2, routed)           0.252     2.298    raw_gt_i/inst/gt0_rxresetfsm_i/time_out_wait_bypass_i_2_n_0
    SLICE_X208Y163       LUT2 (Prop_lut2_I0_O)        0.043     2.341 r  raw_gt_i/inst/gt0_rxresetfsm_i/wait_bypass_count[0]_i_2/O
                         net (fo=13, routed)          0.400     2.741    raw_gt_i/inst/gt0_rxresetfsm_i/wait_bypass_count[0]_i_2_n_0
    SLICE_X207Y164       FDRE                                         r  raw_gt_i/inst/gt0_rxresetfsm_i/wait_bypass_count_reg[10]/CE
  -------------------------------------------------------------------    -------------------

                         (clock rxusrclk_unbuffered rise edge)
                                                      3.200     3.200 r  
    GTHE2_CHANNEL_X1Y12  GTHE2_CHANNEL                0.000     3.200 r  raw_gt_i/inst/qwn_gt_raw_i/gt0_qwn_gt_raw_i/gthe2_i/RXOUTCLK
                         net (fo=2, routed)           0.949     4.149    rx_clock_i/rxoutclk
    MMCME2_ADV_X1Y3      MMCME2_ADV (Prop_mmcme2_adv_CLKIN1_CLKOUT0)
                                                     -3.213     0.936 r  rx_clock_i/rx_mmcm/CLKOUT0
                         net (fo=1, routed)           1.681     2.617    rx_clock_i/rxusrclk_unbuffered
    BUFGCTRL_X0Y1        BUFG (Prop_bufg_I_O)         0.083     2.700 r  rx_clock_i/rxusrclk_buffer/O
                         net (fo=29, routed)          1.518     4.218    raw_gt_i/inst/gt0_rxresetfsm_i/gt0_rxusrclk_in
    SLICE_X207Y164       FDRE                                         r  raw_gt_i/inst/gt0_rxresetfsm_i/wait_bypass_count_reg[10]/C
                         clock pessimism              0.059     4.277    
                         clock uncertainty           -0.035     4.242    
    SLICE_X207Y164       FDRE (Setup_fdre_C_CE)      -0.201     4.041    raw_gt_i/inst/gt0_rxresetfsm_i/wait_bypass_count_reg[10]
  -------------------------------------------------------------------
                         required time                          4.041    
                         arrival time                          -2.741    
  -------------------------------------------------------------------
                         slack                                  1.300    





Min Delay Paths
--------------------------------------------------------------------------------------
Slack (MET) :             0.131ns  (arrival time - required time)
  Source:                 raw_gt_i/inst/gt0_rxresetfsm_i/sync_run_phase_alignment_int/data_sync_reg1/C
                            (rising edge-triggered cell FDRE clocked by rxusrclk_unbuffered  {rise@0.000ns fall@1.600ns period=3.200ns})
  Destination:            raw_gt_i/inst/gt0_rxresetfsm_i/sync_run_phase_alignment_int/data_sync_reg2/D
                            (rising edge-triggered cell FDRE clocked by rxusrclk_unbuffered  {rise@0.000ns fall@1.600ns period=3.200ns})
  Path Group:             rxusrclk_unbuffered
  Path Type:              Hold (Min at Fast Process Corner)
  Requirement:            0.000ns  (rxusrclk_unbuffered rise@0.000ns - rxusrclk_unbuffered rise@0.000ns)
  Data Path Delay:        0.173ns  (logic 0.118ns (68.255%)  route 0.055ns (31.745%))
  Logic Levels:           0  
  Clock Path Skew:        0.000ns (DCD - SCD - CPR)
    Destination Clock Delay (DCD):    0.616ns
    Source Clock Delay      (SCD):    0.562ns
    Clock Pessimism Removal (CPR):    0.054ns

    Location             Delay type                Incr(ns)  Path(ns)    Netlist Resource(s)
  -------------------------------------------------------------------    -------------------
                         (clock rxusrclk_unbuffered rise edge)
                                                      0.000     0.000 r  
    GTHE2_CHANNEL_X1Y12  GTHE2_CHANNEL                0.000     0.000 r  raw_gt_i/inst/qwn_gt_raw_i/gt0_qwn_gt_raw_i/gthe2_i/RXOUTCLK
                         net (fo=2, routed)           0.471     0.471    rx_clock_i/rxoutclk
    MMCME2_ADV_X1Y3      MMCME2_ADV (Prop_mmcme2_adv_CLKIN1_CLKOUT0)
                                                     -1.444    -0.973 r  rx_clock_i/rx_mmcm/CLKOUT0
                         net (fo=1, routed)           0.757    -0.216    rx_clock_i/rxusrclk_unbuffered
    BUFGCTRL_X0Y1        BUFG (Prop_bufg_I_O)         0.026    -0.190 r  rx_clock_i/rxusrclk_buffer/O
                         net (fo=29, routed)          0.752     0.562    raw_gt_i/inst/gt0_rxresetfsm_i/sync_run_phase_alignment_int/gt0_rxusrclk_in
    SLICE_X208Y164       FDRE                                         r  raw_gt_i/inst/gt0_rxresetfsm_i/sync_run_phase_alignment_int/data_sync_reg1/C
  -------------------------------------------------------------------    -------------------
    SLICE_X208Y164       FDRE (Prop_fdre_C_Q)         0.118     0.680 r  raw_gt_i/inst/gt0_rxresetfsm_i/sync_run_phase_alignment_int/data_sync_reg1/Q
                         net (fo=1, routed)           0.055     0.735    raw_gt_i/inst/gt0_rxresetfsm_i/sync_run_phase_alignment_int/data_sync1
    SLICE_X208Y164       FDRE                                         r  raw_gt_i/inst/gt0_rxresetfsm_i/sync_run_phase_alignment_int/data_sync_reg2/D
  -------------------------------------------------------------------    -------------------

                         (clock rxusrclk_unbuffered rise edge)
                                                      0.000     0.000 r  
    GTHE2_CHANNEL_X1Y12  GTHE2_CHANNEL                0.000     0.000 r  raw_gt_i/inst/qwn_gt_raw_i/gt0_qwn_gt_raw_i/gthe2_i/RXOUTCLK
                         net (fo=2, routed)           0.533     0.533    rx_clock_i/rxoutclk
    MMCME2_ADV_X1Y3      MMCME2_ADV (Prop_mmcme2_adv_CLKIN1_CLKOUT0)
                                                     -1.747    -1.214 r  rx_clock_i/rx_mmcm/CLKOUT0
                         net (fo=1, routed)           0.824    -0.390    rx_clock_i/rxusrclk_unbuffered
    BUFGCTRL_X0Y1        BUFG (Prop_bufg_I_O)         0.030    -0.360 r  rx_clock_i/rxusrclk_buffer/O
                         net (fo=29, routed)          0.976     0.616    raw_gt_i/inst/gt0_rxresetfsm_i/sync_run_phase_alignment_int/gt0_rxusrclk_in
    SLICE_X208Y164       FDRE                                         r  raw_gt_i/inst/gt0_rxresetfsm_i/sync_run_phase_alignment_int/data_sync_reg2/C
                         clock pessimism             -0.054     0.562    
    SLICE_X208Y164       FDRE (Hold_fdre_C_D)         0.042     0.604    raw_gt_i/inst/gt0_rxresetfsm_i/sync_run_phase_alignment_int/data_sync_reg2
  -------------------------------------------------------------------
                         required time                         -0.604    
                         arrival time                           0.735    
  -------------------------------------------------------------------
                         slack                                  0.131    





Pulse Width Checks
--------------------------------------------------------------------------------------
Clock Name:         rxusrclk_unbuffered
Waveform(ns):       { 0.000 1.600 }
Period(ns):         3.200
Sources:            { rx_clock_i/rx_mmcm/CLKOUT0 }

Check Type        Corner  Lib Pin                 Reference Pin  Required(ns)  Actual(ns)  Slack(ns)  Location             Pin
Min Period        n/a     GTHE2_CHANNEL/RXUSRCLK  n/a            2.831         3.200       0.369      GTHE2_CHANNEL_X1Y12  raw_gt_i/inst/qwn_gt_raw_i/gt0_qwn_gt_raw_i/gthe2_i/RXUSRCLK
Max Period        n/a     MMCME2_ADV/CLKOUT0      n/a            213.360       3.200       210.160    MMCME2_ADV_X1Y3      rx_clock_i/rx_mmcm/CLKOUT0
Low Pulse Width   Slow    FDRE/C                  n/a            0.400         1.600       1.200      SLICE_X208Y164       raw_gt_i/inst/gt0_rxresetfsm_i/sync_run_phase_alignment_int/data_sync_reg2/C
High Pulse Width  Slow    FDRE/C                  n/a            0.350         1.600       1.250      SLICE_X209Y164       raw_gt_i/inst/gt0_rxresetfsm_i/run_phase_alignment_int_s3_reg/C



---------------------------------------------------------------------------------------------------
From Clock:  sysclk_200
  To Clock:  sysclk_200

Setup :           NA  Failing Endpoints,  Worst Slack           NA  ,  Total Violation           NA
Hold  :           NA  Failing Endpoints,  Worst Slack           NA  ,  Total Violation           NA
PW    :            0  Failing Endpoints,  Worst Slack        1.100ns,  Total Violation        0.000ns
---------------------------------------------------------------------------------------------------


Pulse Width Checks
--------------------------------------------------------------------------------------
Clock Name:         sysclk_200
Waveform(ns):       { 0.000 2.500 }
Period(ns):         5.000
Sources:            { sysclk_p }

Check Type        Corner  Lib Pin            Reference Pin  Required(ns)  Actual(ns)  Slack(ns)  Location         Pin
Min Period        n/a     MMCME2_ADV/CLKIN1  n/a            1.071         5.000       3.929      MMCME2_ADV_X1Y8  stable_clock_i/stable_mmcm/CLKIN1
Max Period        n/a     MMCME2_ADV/CLKIN1  n/a            100.000       5.000       95.000     MMCME2_ADV_X1Y8  stable_clock_i/stable_mmcm/CLKIN1
Low Pulse Width   Slow    MMCME2_ADV/CLKIN1  n/a            1.400         2.500       1.100      MMCME2_ADV_X1Y8  stable_clock_i/stable_mmcm/CLKIN1
High Pulse Width  Slow    MMCME2_ADV/CLKIN1  n/a            1.400         2.500       1.100      MMCME2_ADV_X1Y8  stable_clock_i/stable_mmcm/CLKIN1



---------------------------------------------------------------------------------------------------
From Clock:  clk_100_unbuffered
  To Clock:  clk_100_unbuffered

Setup :            0  Failing Endpoints,  Worst Slack        7.722ns,  Total Violation        0.000ns
Hold  :            0  Failing Endpoints,  Worst Slack        0.108ns,  Total Violation        0.000ns
PW    :            0  Failing Endpoints,  Worst Slack        4.286ns,  Total Violation        0.000ns
---------------------------------------------------------------------------------------------------


Max Delay Paths
--------------------------------------------------------------------------------------
Slack (MET) :             7.722ns  (required time - arrival time)
  Source:                 raw_gt_i/inst/gt0_rx_cdrlock_counter_reg[0]/C
                            (rising edge-triggered cell FDRE clocked by clk_100_unbuffered  {rise@0.000ns fall@5.000ns period=10.000ns})
  Destination:            raw_gt_i/inst/gt0_rx_cdrlock_counter_reg[30]/D
                            (rising edge-triggered cell FDRE clocked by clk_100_unbuffered  {rise@0.000ns fall@5.000ns period=10.000ns})
  Path Group:             clk_100_unbuffered
  Path Type:              Setup (Max at Slow Process Corner)
  Requirement:            10.000ns  (clk_100_unbuffered rise@10.000ns - clk_100_unbuffered rise@0.000ns)
  Data Path Delay:        2.270ns  (logic 1.126ns (49.610%)  route 1.144ns (50.390%))
  Logic Levels:           9  (CARRY4=8 LUT5=1)
  Clock Path Skew:        0.000ns (DCD - SCD + CPR)
    Destination Clock Delay (DCD):    -1.479ns = ( 8.521 - 10.000 ) 
    Source Clock Delay      (SCD):    -2.134ns
    Clock Pessimism Removal (CPR):    -0.655ns
  Clock Uncertainty:      0.066ns  ((TSJ^2 + DJ^2)^1/2) / 2 + PE
    Total System Jitter     (TSJ):    0.071ns
    Discrete Jitter          (DJ):    0.112ns
    Phase Error              (PE):    0.000ns

    Location             Delay type                Incr(ns)  Path(ns)    Netlist Resource(s)
  -------------------------------------------------------------------    -------------------
                         (clock clk_100_unbuffered rise edge)
                                                      0.000     0.000 r  
    H19                                               0.000     0.000 r  sysclk_p (IN)
                         net (fo=0)                   0.000     0.000    sysclk_p
    H19                  IBUFDS (Prop_ibufds_I_O)     0.823     0.823 r  sysclk_input/O
                         net (fo=1, routed)           1.081     1.904    stable_clock_i/clk_200
    MMCME2_ADV_X1Y8      MMCME2_ADV (Prop_mmcme2_adv_CLKIN1_CLKOUT0)
                                                     -7.970    -6.066 r  stable_clock_i/stable_mmcm/CLKOUT0
                         net (fo=1, routed)           2.174    -3.892    stable_clock_i/clk_100_unbuffered
    BUFGCTRL_X0Y16       BUFG (Prop_bufg_I_O)         0.093    -3.799 r  stable_clock_i/stable_output_buffer/O
                         net (fo=162, routed)         1.665    -2.134    raw_gt_i/inst/sysclk_in
    SLICE_X217Y161       FDRE                                         r  raw_gt_i/inst/gt0_rx_cdrlock_counter_reg[0]/C
  -------------------------------------------------------------------    -------------------
    SLICE_X217Y161       FDRE (Prop_fdre_C_Q)         0.223    -1.911 r  raw_gt_i/inst/gt0_rx_cdrlock_counter_reg[0]/Q
                         net (fo=34, routed)          0.739    -1.172    raw_gt_i/inst/gt0_rx_cdrlock_counter_reg_n_0_[0]
    SLICE_X219Y155       CARRY4 (Prop_carry4_CYINIT_CO[3])
                                                      0.287    -0.885 r  raw_gt_i/inst/gt0_rx_cdrlock_counter_reg[4]_i_2/CO[3]
                         net (fo=1, routed)           0.000    -0.885    raw_gt_i/inst/gt0_rx_cdrlock_counter_reg[4]_i_2_n_0
    SLICE_X219Y156       CARRY4 (Prop_carry4_CI_CO[3])
                                                      0.053    -0.832 r  raw_gt_i/inst/gt0_rx_cdrlock_counter_reg[8]_i_2/CO[3]
                         net (fo=1, routed)           0.000    -0.832    raw_gt_i/inst/gt0_rx_cdrlock_counter_reg[8]_i_2_n_0
    SLICE_X219Y157       CARRY4 (Prop_carry4_CI_CO[3])
                                                      0.053    -0.779 r  raw_gt_i/inst/gt0_rx_cdrlock_counter_reg[12]_i_2/CO[3]
                         net (fo=1, routed)           0.000    -0.779    raw_gt_i/inst/gt0_rx_cdrlock_counter_reg[12]_i_2_n_0
    SLICE_X219Y158       CARRY4 (Prop_carry4_CI_CO[3])
                                                      0.053    -0.726 r  raw_gt_i/inst/gt0_rx_cdrlock_counter_reg[16]_i_2/CO[3]
                         net (fo=1, routed)           0.000    -0.726    raw_gt_i/inst/gt0_rx_cdrlock_counter_reg[16]_i_2_n_0
    SLICE_X219Y159       CARRY4 (Prop_carry4_CI_CO[3])
                                                      0.053    -0.673 r  raw_gt_i/inst/gt0_rx_cdrlock_counter_reg[20]_i_2/CO[3]
                         net (fo=1, routed)           0.000    -0.673    raw_gt_i/inst/gt0_rx_cdrlock_counter_reg[20]_i_2_n_0
    SLICE_X219Y160       CARRY4 (Prop_carry4_CI_CO[3])
                                                      0.053    -0.620 r  raw_gt_i/inst/gt0_rx_cdrlock_counter_reg[24]_i_2/CO[3]
                         net (fo=1, routed)           0.000    -0.620    raw_gt_i/inst/gt0_rx_cdrlock_counter_reg[24]_i_2_n_0
    SLICE_X219Y161       CARRY4 (Prop_carry4_CI_CO[3])
                                                      0.053    -0.567 r  raw_gt_i/inst/gt0_rx_cdrlock_counter_reg[28]_i_2/CO[3]
                         net (fo=1, routed)           0.000    -0.567    raw_gt_i/inst/gt0_rx_cdrlock_counter_reg[28]_i_2_n_0
    SLICE_X219Y162       CARRY4 (Prop_carry4_CI_O[1])
                                                      0.166    -0.401 r  raw_gt_i/inst/gt0_rx_cdrlock_counter_reg[31]_i_5/O[1]
                         net (fo=1, routed)           0.405     0.004    raw_gt_i/inst/data0[30]
    SLICE_X217Y161       LUT5 (Prop_lut5_I4_O)        0.132     0.136 r  raw_gt_i/inst/gt0_rx_cdrlock_counter[30]_i_1/O
                         net (fo=1, routed)           0.000     0.136    raw_gt_i/inst/gt0_rx_cdrlock_counter[30]
    SLICE_X217Y161       FDRE                                         r  raw_gt_i/inst/gt0_rx_cdrlock_counter_reg[30]/D
  -------------------------------------------------------------------    -------------------

                         (clock clk_100_unbuffered rise edge)
                                                     10.000    10.000 r  
    H19                                               0.000    10.000 r  sysclk_p (IN)
                         net (fo=0)                   0.000    10.000    sysclk_p
    H19                  IBUFDS (Prop_ibufds_I_O)     0.727    10.727 r  sysclk_input/O
                         net (fo=1, routed)           0.986    11.713    stable_clock_i/clk_200
    MMCME2_ADV_X1Y8      MMCME2_ADV (Prop_mmcme2_adv_CLKIN1_CLKOUT0)
                                                     -6.794     4.919 r  stable_clock_i/stable_mmcm/CLKOUT0
                         net (fo=1, routed)           1.995     6.914    stable_clock_i/clk_100_unbuffered
    BUFGCTRL_X0Y16       BUFG (Prop_bufg_I_O)         0.083     6.997 r  stable_clock_i/stable_output_buffer/O
                         net (fo=162, routed)         1.524     8.521    raw_gt_i/inst/sysclk_in
    SLICE_X217Y161       FDRE                                         r  raw_gt_i/inst/gt0_rx_cdrlock_counter_reg[30]/C
                         clock pessimism             -0.655     7.866    
                         clock uncertainty           -0.066     7.800    
    SLICE_X217Y161       FDRE (Setup_fdre_C_D)        0.058     7.858    raw_gt_i/inst/gt0_rx_cdrlock_counter_reg[30]
  -------------------------------------------------------------------
                         required time                          7.858    
                         arrival time                          -0.136    
  -------------------------------------------------------------------
                         slack                                  7.722    





Min Delay Paths
--------------------------------------------------------------------------------------
Slack (MET) :             0.108ns  (arrival time - required time)
  Source:                 raw_gt_i/inst/gt0_rxresetfsm_i/sync2_pmaresetdone/data_sync_reg1/C
                            (rising edge-triggered cell FDRE clocked by clk_100_unbuffered  {rise@0.000ns fall@5.000ns period=10.000ns})
  Destination:            raw_gt_i/inst/gt0_rxresetfsm_i/sync2_pmaresetdone/data_sync_reg2/D
                            (rising edge-triggered cell FDRE clocked by clk_100_unbuffered  {rise@0.000ns fall@5.000ns period=10.000ns})
  Path Group:             clk_100_unbuffered
  Path Type:              Hold (Min at Fast Process Corner)
  Requirement:            0.000ns  (clk_100_unbuffered rise@0.000ns - clk_100_unbuffered rise@0.000ns)
  Data Path Delay:        0.155ns  (logic 0.100ns (64.566%)  route 0.055ns (35.434%))
  Logic Levels:           0  
  Clock Path Skew:        0.000ns (DCD - SCD - CPR)
    Destination Clock Delay (DCD):    -0.633ns
    Source Clock Delay      (SCD):    -0.576ns
    Clock Pessimism Removal (CPR):    -0.057ns

    Location             Delay type                Incr(ns)  Path(ns)    Netlist Resource(s)
  -------------------------------------------------------------------    -------------------
                         (clock clk_100_unbuffered rise edge)
                                                      0.000     0.000 r  
    H19                                               0.000     0.000 r  sysclk_p (IN)
                         net (fo=0)                   0.000     0.000    sysclk_p
    H19                  IBUFDS (Prop_ibufds_I_O)     0.359     0.359 r  sysclk_input/O
                         net (fo=1, routed)           0.503     0.862    stable_clock_i/clk_200
    MMCME2_ADV_X1Y8      MMCME2_ADV (Prop_mmcme2_adv_CLKIN1_CLKOUT0)
                                                     -3.385    -2.523 r  stable_clock_i/stable_mmcm/CLKOUT0
                         net (fo=1, routed)           1.161    -1.362    stable_clock_i/clk_100_unbuffered
    BUFGCTRL_X0Y16       BUFG (Prop_bufg_I_O)         0.026    -1.336 r  stable_clock_i/stable_output_buffer/O
                         net (fo=162, routed)         0.760    -0.576    raw_gt_i/inst/gt0_rxresetfsm_i/sync2_pmaresetdone/sysclk_in
    SLICE_X215Y159       FDRE                                         r  raw_gt_i/inst/gt0_rxresetfsm_i/sync2_pmaresetdone/data_sync_reg1/C
  -------------------------------------------------------------------    -------------------
    SLICE_X215Y159       FDRE (Prop_fdre_C_Q)         0.100    -0.476 r  raw_gt_i/inst/gt0_rxresetfsm_i/sync2_pmaresetdone/data_sync_reg1/Q
                         net (fo=1, routed)           0.055    -0.421    raw_gt_i/inst/gt0_rxresetfsm_i/sync2_pmaresetdone/data_sync1
    SLICE_X215Y159       FDRE                                         r  raw_gt_i/inst/gt0_rxresetfsm_i/sync2_pmaresetdone/data_sync_reg2/D
  -------------------------------------------------------------------    -------------------

                         (clock clk_100_unbuffered rise edge)
                                                      0.000     0.000 r  
    H19                                               0.000     0.000 r  sysclk_p (IN)
                         net (fo=0)                   0.000     0.000    sysclk_p
    H19                  IBUFDS (Prop_ibufds_I_O)     0.437     0.437 r  sysclk_input/O
                         net (fo=1, routed)           0.553     0.990    stable_clock_i/clk_200
    MMCME2_ADV_X1Y8      MMCME2_ADV (Prop_mmcme2_adv_CLKIN1_CLKOUT0)
                                                     -3.873    -2.883 r  stable_clock_i/stable_mmcm/CLKOUT0
                         net (fo=1, routed)           1.235    -1.648    stable_clock_i/clk_100_unbuffered
    BUFGCTRL_X0Y16       BUFG (Prop_bufg_I_O)         0.030    -1.618 r  stable_clock_i/stable_output_buffer/O
                         net (fo=162, routed)         0.985    -0.633    raw_gt_i/inst/gt0_rxresetfsm_i/sync2_pmaresetdone/sysclk_in
    SLICE_X215Y159       FDRE                                         r  raw_gt_i/inst/gt0_rxresetfsm_i/sync2_pmaresetdone/data_sync_reg2/C
                         clock pessimism              0.057    -0.576    
    SLICE_X215Y159       FDRE (Hold_fdre_C_D)         0.047    -0.529    raw_gt_i/inst/gt0_rxresetfsm_i/sync2_pmaresetdone/data_sync_reg2
  -------------------------------------------------------------------
                         required time                          0.529    
                         arrival time                          -0.421    
  -------------------------------------------------------------------
                         slack                                  0.108    





Pulse Width Checks
--------------------------------------------------------------------------------------
Clock Name:         clk_100_unbuffered
Waveform(ns):       { 0.000 5.000 }
Period(ns):         10.000
Sources:            { stable_clock_i/stable_mmcm/CLKOUT0 }

Check Type        Corner  Lib Pin              Reference Pin  Required(ns)  Actual(ns)  Slack(ns)  Location           Pin
Min Period        n/a     GTHE2_COMMON/DRPCLK  n/a            5.714         10.000      4.286      GTHE2_COMMON_X1Y3  qpll_i/gthe2_common_i/DRPCLK
Max Period        n/a     MMCME2_ADV/CLKOUT0   n/a            213.360       10.000      203.360    MMCME2_ADV_X1Y8    stable_clock_i/stable_mmcm/CLKOUT0
Low Pulse Width   Slow    FDRE/C               n/a            0.400         5.000       4.600      SLICE_X217Y161     raw_gt_i/inst/gt0_rx_cdrlock_counter_reg[30]/C
High Pulse Width  Slow    FDRE/C               n/a            0.350         5.000       4.650      SLICE_X217Y161     raw_gt_i/inst/gt0_rx_cdrlock_counter_reg[0]/C



---------------------------------------------------------------------------------------------------
From Clock:  clkfb_unbuffered_1
  To Clock:  clkfb_unbuffered_1

Setup :           NA  Failing Endpoints,  Worst Slack           NA  ,  Total Violation           NA
Hold  :           NA  Failing Endpoints,  Worst Slack           NA  ,  Total Violation           NA
PW    :            0  Failing Endpoints,  Worst Slack        3.592ns,  Total Violation        0.000ns
---------------------------------------------------------------------------------------------------


Pulse Width Checks
--------------------------------------------------------------------------------------
Clock Name:         clkfb_unbuffered_1
Waveform(ns):       { 0.000 2.500 }
Period(ns):         5.000
Sources:            { stable_clock_i/stable_mmcm/CLKFBOUT }

Check Type  Corner  Lib Pin             Reference Pin  Required(ns)  Actual(ns)  Slack(ns)  Location         Pin
Min Period  n/a     BUFG/I              n/a            1.408         5.000       3.591      BUFGCTRL_X0Y17   stable_clock_i/stable_feedback_buffer/I
Max Period  n/a     MMCME2_ADV/CLKFBIN  n/a            100.000       5.000       95.000     MMCME2_ADV_X1Y8  stable_clock_i/stable_mmcm/CLKFBIN



