#-----------------------------------------------------------
# Vivado v2023.2 (64-bit)
# SW Build 4029153 on Fri Oct 13 20:14:34 MDT 2023
# IP Build 4028589 on Sat Oct 14 00:45:43 MDT 2023
# SharedData Build 4025554 on Tue Oct 10 17:18:54 MDT 2023
# Start of session at: Wed Jul 22 10:22:50 2026
# Process ID: 47392
# Current directory: C:/Users/Kumar Lab/Desktop/Jasper/xilinx_rx
# Command line: vivado.exe -gui_launcher_event rodinguilauncherevent20464 C:\Users\Kumar Lab\Desktop\Jasper\xilinx_rx\xilinx_rx.xpr
# Log file: C:/Users/Kumar Lab/Desktop/Jasper/xilinx_rx/vivado.log
# Journal file: C:/Users/Kumar Lab/Desktop/Jasper/xilinx_rx\vivado.jou
# Running On: ECE-OP7010PC2, OS: Windows, CPU Frequency: 2112 MHz, CPU Physical cores: 16, Host memory: 34033 MB
#-----------------------------------------------------------
start_gui
open_project {C:/Users/Kumar Lab/Desktop/Jasper/xilinx_rx/xilinx_rx.xpr}
WARNING: [Board 49-26] cannot add Board Part xilinx.com:kcu105:part0:1.6 available at C:/Xilinx/Vivado/2023.2/data/xhub/boards/XilinxBoardStore/boards/Xilinx/kcu105/1.6/board.xml as part xcku040-ffva1156-2-e specified in board_part file is either invalid or not available
WARNING: [Board 49-26] cannot add Board Part xilinx.com:kcu105:part0:1.7 available at C:/Xilinx/Vivado/2023.2/data/xhub/boards/XilinxBoardStore/boards/Xilinx/kcu105/1.7/board.xml as part xcku040-ffva1156-2-e specified in board_part file is either invalid or not available
WARNING: [Board 49-26] cannot add Board Part xilinx.com:kcu116:part0:1.4 available at C:/Xilinx/Vivado/2023.2/data/xhub/boards/XilinxBoardStore/boards/Xilinx/kcu116/1.4/board.xml as part xcku5p-ffvb676-2-e specified in board_part file is either invalid or not available
WARNING: [Board 49-26] cannot add Board Part xilinx.com:kcu116:part0:1.5 available at C:/Xilinx/Vivado/2023.2/data/xhub/boards/XilinxBoardStore/boards/Xilinx/kcu116/1.5/board.xml as part xcku5p-ffvb676-2-e specified in board_part file is either invalid or not available
WARNING: [Board 49-26] cannot add Board Part xilinx.com:kcu1500:part0:1.2 available at C:/Xilinx/Vivado/2023.2/data/xhub/boards/XilinxBoardStore/boards/Xilinx/kcu1500/1.2/board.xml as part xcku115-flvb2104-2-e specified in board_part file is either invalid or not available
WARNING: [Board 49-26] cannot add Board Part xilinx.com:vck190:part0:2.2 available at C:/Xilinx/Vivado/2023.2/data/xhub/boards/XilinxBoardStore/boards/Xilinx/vck190/production/2.2/board.xml as part xcvc1902-vsva2197-2mp-e-s specified in board_part file is either invalid or not available
WARNING: [Board 49-26] cannot add Board Part xilinx.com:vck190:part0:3.0 available at C:/Xilinx/Vivado/2023.2/data/xhub/boards/XilinxBoardStore/boards/Xilinx/vck190/production/3.0/board.xml as part xcvc1902-vsva2197-2mp-e-s specified in board_part file is either invalid or not available
WARNING: [Board 49-26] cannot add Board Part xilinx.com:vck190:part0:3.1 available at C:/Xilinx/Vivado/2023.2/data/xhub/boards/XilinxBoardStore/boards/Xilinx/vck190/production/3.1/board.xml as part xcvc1902-vsva2197-2mp-e-s specified in board_part file is either invalid or not available
WARNING: [Board 49-26] cannot add Board Part xilinx.com:vck190:part0:3.2 available at C:/Xilinx/Vivado/2023.2/data/xhub/boards/XilinxBoardStore/boards/Xilinx/vck190/production/3.2/board.xml as part xcvc1902-vsva2197-2mp-e-s specified in board_part file is either invalid or not available
WARNING: [Board 49-26] cannot add Board Part xilinx.com:vck190_newl:part0:1.0 available at C:/Xilinx/Vivado/2023.2/data/xhub/boards/XilinxBoardStore/boards/Xilinx/vck190_newl/production/1.0/board.xml as part xcvc1902-vsva2197-2mp-e-s specified in board_part file is either invalid or not available
WARNING: [Board 49-26] cannot add Board Part xilinx.com:vck190_newl:part0:1.1 available at C:/Xilinx/Vivado/2023.2/data/xhub/boards/XilinxBoardStore/boards/Xilinx/vck190_newl/production/1.1/board.xml as part xcvc1902-vsva2197-2mp-e-s specified in board_part file is either invalid or not available
WARNING: [Board 49-26] cannot add Board Part xilinx.com:vcu108:part0:1.6 available at C:/Xilinx/Vivado/2023.2/data/xhub/boards/XilinxBoardStore/boards/Xilinx/vcu108/1.6/board.xml as part xcvu095-ffva2104-2-e specified in board_part file is either invalid or not available
WARNING: [Board 49-26] cannot add Board Part xilinx.com:vcu108:part0:1.7 available at C:/Xilinx/Vivado/2023.2/data/xhub/boards/XilinxBoardStore/boards/Xilinx/vcu108/1.7/board.xml as part xcvu095-ffva2104-2-e specified in board_part file is either invalid or not available
WARNING: [Board 49-26] cannot add Board Part xilinx.com:vcu110:part0:1.4 available at C:/Xilinx/Vivado/2023.2/data/xhub/boards/XilinxBoardStore/boards/Xilinx/vcu110/1.4/board.xml as part xcvu190-flgc2104-2-e specified in board_part file is either invalid or not available
WARNING: [Board 49-26] cannot add Board Part xilinx.com:vcu118:part0:2.0 available at C:/Xilinx/Vivado/2023.2/data/xhub/boards/XilinxBoardStore/boards/Xilinx/vcu118/2.0/board.xml as part xcvu9p-flga2104-2l-e specified in board_part file is either invalid or not available
WARNING: [Board 49-26] cannot add Board Part xilinx.com:vcu118:part0:2.3 available at C:/Xilinx/Vivado/2023.2/data/xhub/boards/XilinxBoardStore/boards/Xilinx/vcu118/2.3/board.xml as part xcvu9p-flga2104-2l-e specified in board_part file is either invalid or not available
WARNING: [Board 49-26] cannot add Board Part xilinx.com:vcu118:part0:2.4 available at C:/Xilinx/Vivado/2023.2/data/xhub/boards/XilinxBoardStore/boards/Xilinx/vcu118/2.4/board.xml as part xcvu9p-flga2104-2l-e specified in board_part file is either invalid or not available
WARNING: [Board 49-26] cannot add Board Part xilinx.com:vcu128:part0:1.0 available at C:/Xilinx/Vivado/2023.2/data/xhub/boards/XilinxBoardStore/boards/Xilinx/vcu128/production/1.0/board.xml as part xcvu37p-fsvh2892-2l-e specified in board_part file is either invalid or not available
WARNING: [Board 49-26] cannot add Board Part xilinx.com:vcu129:part0:1.0 available at C:/Xilinx/Vivado/2023.2/data/xhub/boards/XilinxBoardStore/boards/Xilinx/vcu129/production/1.0/board.xml as part xcvu29p-fsga2577-2l-e specified in board_part file is either invalid or not available
WARNING: [Board 49-26] cannot add Board Part xilinx.com:vcu1525:part0:1.3 available at C:/Xilinx/Vivado/2023.2/data/xhub/boards/XilinxBoardStore/boards/Xilinx/vcu1525/1.3/board.xml as part xcvu9p-fsgd2104-2l-e specified in board_part file is either invalid or not available
WARNING: [Board 49-26] cannot add Board Part xilinx.com:vek280:part0:1.0 available at C:/Xilinx/Vivado/2023.2/data/xhub/boards/XilinxBoardStore/boards/Xilinx/vek280/production/1.0/board.xml as part xcve2802-vsvh1760-2mp-e-s specified in board_part file is either invalid or not available
WARNING: [Board 49-26] cannot add Board Part xilinx.com:vek280_es:part0:1.0 available at C:/Xilinx/Vivado/2023.2/data/xhub/boards/XilinxBoardStore/boards/Xilinx/vek280/es/rev_a/1.0/board.xml as part xcve2802-vsvh1760-2lp-e-s-es1 specified in board_part file is either invalid or not available
WARNING: [Board 49-26] cannot add Board Part xilinx.com:vek280_es:part0:1.1 available at C:/Xilinx/Vivado/2023.2/data/xhub/boards/XilinxBoardStore/boards/Xilinx/vek280/es/rev_a/1.1/board.xml as part xcve2802-vsvh1760-2lp-e-s-es1 specified in board_part file is either invalid or not available
WARNING: [Board 49-26] cannot add Board Part xilinx.com:vek280_es_revb:part0:1.0 available at C:/Xilinx/Vivado/2023.2/data/xhub/boards/XilinxBoardStore/boards/Xilinx/vek280/es/rev_b/1.0/board.xml as part xcve2802-vsvh1760-2mp-e-s-es1 specified in board_part file is either invalid or not available
WARNING: [Board 49-26] cannot add Board Part xilinx.com:vek280_es_revb:part0:1.1 available at C:/Xilinx/Vivado/2023.2/data/xhub/boards/XilinxBoardStore/boards/Xilinx/vek280/es/rev_b/1.1/board.xml as part xcve2802-vsvh1760-2mp-e-s-es1 specified in board_part file is either invalid or not available
WARNING: [Board 49-26] cannot add Board Part xilinx.com:vermeo_t1_mpsoc:part0:1.0 available at C:/Xilinx/Vivado/2023.2/data/xhub/boards/XilinxBoardStore/boards/Xilinx/vermeo_t1_mpsoc/1.0/board.xml as part xczu19eg-ffvd1760-2l-e specified in board_part file is either invalid or not available
WARNING: [Board 49-26] cannot add Board Part xilinx.com:vermeo_t1_rfsoc:part0:1.0 available at C:/Xilinx/Vivado/2023.2/data/xhub/boards/XilinxBoardStore/boards/Xilinx/vermeo_t1_rfsoc/1.0/board.xml as part xczu21dr-ffvd1156-2l-e specified in board_part file is either invalid or not available
WARNING: [Board 49-26] cannot add Board Part xilinx.com:vhk158:part0:1.0 available at C:/Xilinx/Vivado/2023.2/data/xhub/boards/XilinxBoardStore/boards/Xilinx/vhk158/production/1.0/board.xml as part xcvh1582-vsva3697-2mp-e-s specified in board_part file is either invalid or not available
WARNING: [Board 49-26] cannot add Board Part xilinx.com:vhk158:part0:1.1 available at C:/Xilinx/Vivado/2023.2/data/xhub/boards/XilinxBoardStore/boards/Xilinx/vhk158/production/1.1/board.xml as part xcvh1582-vsva3697-2mp-e-s specified in board_part file is either invalid or not available
WARNING: [Board 49-26] cannot add Board Part xilinx.com:vhk158_es:part0:1.0 available at C:/Xilinx/Vivado/2023.2/data/xhub/boards/XilinxBoardStore/boards/Xilinx/vhk158/es/1.0/board.xml as part xcvh1582-vsva3697-2mp-e-s-es1 specified in board_part file is either invalid or not available
WARNING: [Board 49-26] cannot add Board Part xilinx.com:vhk158_es:part0:1.1 available at C:/Xilinx/Vivado/2023.2/data/xhub/boards/XilinxBoardStore/boards/Xilinx/vhk158/es/1.1/board.xml as part xcvh1582-vsva3697-2mp-e-s-es1 specified in board_part file is either invalid or not available
WARNING: [Board 49-26] cannot add Board Part xilinx.com:vmk180:part0:2.2 available at C:/Xilinx/Vivado/2023.2/data/xhub/boards/XilinxBoardStore/boards/Xilinx/vmk180/production/2.2/board.xml as part xcvm1802-vsva2197-2mp-e-s specified in board_part file is either invalid or not available
WARNING: [Board 49-26] cannot add Board Part xilinx.com:vmk180:part0:3.0 available at C:/Xilinx/Vivado/2023.2/data/xhub/boards/XilinxBoardStore/boards/Xilinx/vmk180/production/3.0/board.xml as part xcvm1802-vsva2197-2mp-e-s specified in board_part file is either invalid or not available
WARNING: [Board 49-26] cannot add Board Part xilinx.com:vmk180:part0:3.1 available at C:/Xilinx/Vivado/2023.2/data/xhub/boards/XilinxBoardStore/boards/Xilinx/vmk180/production/3.1/board.xml as part xcvm1802-vsva2197-2mp-e-s specified in board_part file is either invalid or not available
WARNING: [Board 49-26] cannot add Board Part xilinx.com:vmk180:part0:3.2 available at C:/Xilinx/Vivado/2023.2/data/xhub/boards/XilinxBoardStore/boards/Xilinx/vmk180/production/3.2/board.xml as part xcvm1802-vsva2197-2mp-e-s specified in board_part file is either invalid or not available
WARNING: [Board 49-26] cannot add Board Part xilinx.com:vmk180_newl:part0:1.0 available at C:/Xilinx/Vivado/2023.2/data/xhub/boards/XilinxBoardStore/boards/Xilinx/vmk180_newl/production/1.0/board.xml as part xcvm1802-vsva2197-2mp-e-s specified in board_part file is either invalid or not available
WARNING: [Board 49-26] cannot add Board Part xilinx.com:vmk180_newl:part0:1.1 available at C:/Xilinx/Vivado/2023.2/data/xhub/boards/XilinxBoardStore/boards/Xilinx/vmk180_newl/production/1.1/board.xml as part xcvm1802-vsva2197-2mp-e-s specified in board_part file is either invalid or not available
WARNING: [Board 49-26] cannot add Board Part xilinx.com:vpk120:part0:1.0 available at C:/Xilinx/Vivado/2023.2/data/xhub/boards/XilinxBoardStore/boards/Xilinx/vpk120/production/1.0/board.xml as part xcvp1202-vsva2785-2mp-e-s specified in board_part file is either invalid or not available
WARNING: [Board 49-26] cannot add Board Part xilinx.com:vpk120:part0:1.1 available at C:/Xilinx/Vivado/2023.2/data/xhub/boards/XilinxBoardStore/boards/Xilinx/vpk120/production/1.1/board.xml as part xcvp1202-vsva2785-2mp-e-s specified in board_part file is either invalid or not available
WARNING: [Board 49-26] cannot add Board Part xilinx.com:vpk120:part0:1.2 available at C:/Xilinx/Vivado/2023.2/data/xhub/boards/XilinxBoardStore/boards/Xilinx/vpk120/production/1.2/board.xml as part xcvp1202-vsva2785-2mp-e-s specified in board_part file is either invalid or not available
WARNING: [Board 49-26] cannot add Board Part xilinx.com:vpk180:part0:1.0 available at C:/Xilinx/Vivado/2023.2/data/xhub/boards/XilinxBoardStore/boards/Xilinx/vpk180/production/1.0/board.xml as part xcvp1802-lsvc4072-2mp-e-s specified in board_part file is either invalid or not available
WARNING: [Board 49-26] cannot add Board Part xilinx.com:vpk180:part0:1.1 available at C:/Xilinx/Vivado/2023.2/data/xhub/boards/XilinxBoardStore/boards/Xilinx/vpk180/production/1.1/board.xml as part xcvp1802-lsvc4072-2mp-e-s specified in board_part file is either invalid or not available
WARNING: [Board 49-26] cannot add Board Part xilinx.com:zc702:part0:1.4 available at C:/Xilinx/Vivado/2023.2/data/xhub/boards/XilinxBoardStore/boards/Xilinx/zc702/1.4/board.xml as part xc7z020clg484-1 specified in board_part file is either invalid or not available
WARNING: [Board 49-26] cannot add Board Part xilinx.com:zc706:part0:1.4 available at C:/Xilinx/Vivado/2023.2/data/xhub/boards/XilinxBoardStore/boards/Xilinx/zc706/1.4/board.xml as part xc7z045ffg900-2 specified in board_part file is either invalid or not available
WARNING: [Board 49-26] cannot add Board Part xilinx.com:zcu102:part0:3.3 available at C:/Xilinx/Vivado/2023.2/data/xhub/boards/XilinxBoardStore/boards/Xilinx/zcu102/3.3/board.xml as part xczu9eg-ffvb1156-2-e specified in board_part file is either invalid or not available
WARNING: [Board 49-26] cannot add Board Part xilinx.com:zcu102:part0:3.4 available at C:/Xilinx/Vivado/2023.2/data/xhub/boards/XilinxBoardStore/boards/Xilinx/zcu102/3.4/board.xml as part xczu9eg-ffvb1156-2-e specified in board_part file is either invalid or not available
WARNING: [Board 49-26] cannot add Board Part xilinx.com:zcu104:part0:1.1 available at C:/Xilinx/Vivado/2023.2/data/xhub/boards/XilinxBoardStore/boards/Xilinx/zcu104/1.1/board.xml as part xczu7ev-ffvc1156-2-e specified in board_part file is either invalid or not available
WARNING: [Board 49-26] cannot add Board Part xilinx.com:zcu106:part0:2.4 available at C:/Xilinx/Vivado/2023.2/data/xhub/boards/XilinxBoardStore/boards/Xilinx/zcu106/2.4/board.xml as part xczu7ev-ffvc1156-2-e specified in board_part file is either invalid or not available
WARNING: [Board 49-26] cannot add Board Part xilinx.com:zcu106:part0:2.5 available at C:/Xilinx/Vivado/2023.2/data/xhub/boards/XilinxBoardStore/boards/Xilinx/zcu106/2.5/board.xml as part xczu7ev-ffvc1156-2-e specified in board_part file is either invalid or not available
WARNING: [Board 49-26] cannot add Board Part xilinx.com:zcu106:part0:2.6 available at C:/Xilinx/Vivado/2023.2/data/xhub/boards/XilinxBoardStore/boards/Xilinx/zcu106/2.6/board.xml as part xczu7ev-ffvc1156-2-e specified in board_part file is either invalid or not available
WARNING: [Board 49-26] cannot add Board Part xilinx.com:zcu111:part0:1.2 available at C:/Xilinx/Vivado/2023.2/data/xhub/boards/XilinxBoardStore/boards/Xilinx/zcu111/1.2/board.xml as part xczu28dr-ffvg1517-2-e specified in board_part file is either invalid or not available
WARNING: [Board 49-26] cannot add Board Part xilinx.com:zcu111:part0:1.3 available at C:/Xilinx/Vivado/2023.2/data/xhub/boards/XilinxBoardStore/boards/Xilinx/zcu111/1.3/board.xml as part xczu28dr-ffvg1517-2-e specified in board_part file is either invalid or not available
WARNING: [Board 49-26] cannot add Board Part xilinx.com:zcu111:part0:1.4 available at C:/Xilinx/Vivado/2023.2/data/xhub/boards/XilinxBoardStore/boards/Xilinx/zcu111/1.4/board.xml as part xczu28dr-ffvg1517-2-e specified in board_part file is either invalid or not available
WARNING: [Board 49-26] cannot add Board Part xilinx.com:zcu1275:part0:1.0 available at C:/Xilinx/Vivado/2023.2/data/xhub/boards/XilinxBoardStore/boards/Xilinx/zcu1275/1.0/board.xml as part xczu29dr-ffvf1760-2-e specified in board_part file is either invalid or not available
WARNING: [Board 49-26] cannot add Board Part xilinx.com:zcu1285:part0:1.0 available at C:/Xilinx/Vivado/2023.2/data/xhub/boards/XilinxBoardStore/boards/Xilinx/zcu1285/1.0/board.xml as part xczu39dr-ffvf1760-2-i specified in board_part file is either invalid or not available
WARNING: [Board 49-26] cannot add Board Part xilinx.com:zcu208:part0:2.0 available at C:/Xilinx/Vivado/2023.2/data/xhub/boards/XilinxBoardStore/boards/Xilinx/zcu208/production/2.0/board.xml as part xczu48dr-fsvg1517-2-e specified in board_part file is either invalid or not available
WARNING: [Board 49-26] cannot add Board Part xilinx.com:zcu208ld:part0:2.0 available at C:/Xilinx/Vivado/2023.2/data/xhub/boards/XilinxBoardStore/boards/Xilinx/zcu208ld/production/2.0/board.xml as part xczu58dr-fsvg1517-2-i specified in board_part file is either invalid or not available
WARNING: [Board 49-26] cannot add Board Part xilinx.com:zcu216:part0:2.0 available at C:/Xilinx/Vivado/2023.2/data/xhub/boards/XilinxBoardStore/boards/Xilinx/zcu216/production/2.0/board.xml as part xczu49dr-ffvf1760-2-e specified in board_part file is either invalid or not available
WARNING: [Board 49-26] cannot add Board Part xilinx.com:zcu216ld:part0:2.0 available at C:/Xilinx/Vivado/2023.2/data/xhub/boards/XilinxBoardStore/boards/Xilinx/zcu216ld/production/2.0/board.xml as part xczu59dr-ffvf1760-2-i specified in board_part file is either invalid or not available
WARNING: [Board 49-26] cannot add Board Part xilinx.com:zcu670:part0:2.0 available at C:/Xilinx/Vivado/2023.2/data/xhub/boards/XilinxBoardStore/boards/Xilinx/zcu670/2.0/board.xml as part xczu67dr-fsve1156-2-i specified in board_part file is either invalid or not available
WARNING: [Board 49-26] cannot add Board Part xilinx.com:zcu670ld:part0:1.0 available at C:/Xilinx/Vivado/2023.2/data/xhub/boards/XilinxBoardStore/boards/Xilinx/zcu670ld/1.0/board.xml as part xczu57dr-fsve1156-2-i specified in board_part file is either invalid or not available
Scanning sources...
Finished scanning sources
INFO: [IP_Flow 19-234] Refreshing IP repositories
INFO: [IP_Flow 19-1704] No user IP repositories specified
INFO: [IP_Flow 19-2313] Loaded Vivado IP repository 'C:/Xilinx/Vivado/2023.2/data/ip'.
open_project: Time (s): cpu = 00:00:07 ; elapsed = 00:00:07 . Memory (MB): peak = 1515.328 ; gain = 411.039
update_compile_order -fileset sources_1
file mkdir C:/Users/Kumar Lab/Desktop/Jasper/xilinx_rx/xilinx_rx.srcs/sources_1/new
file mkdir C:/Users/Kumar Lab/Desktop/Jasper/xilinx_rx/xilinx_rx.srcs/sources_1/new
file mkdir C:/Users/Kumar Lab/Desktop/Jasper/xilinx_rx/xilinx_rx.srcs/sources_1/new
file mkdir C:/Users/Kumar Lab/Desktop/Jasper/xilinx_rx/xilinx_rx.srcs/sources_1/new
file mkdir C:/Users/Kumar Lab/Desktop/Jasper/xilinx_rx/xilinx_rx.srcs/sources_1/new
file mkdir C:/Users/Kumar Lab/Desktop/Jasper/xilinx_rx/xilinx_rx.srcs/sources_1/new
file mkdir {C:/Users/Kumar Lab/Desktop/Jasper/xilinx_rx/xilinx_rx.srcs/sources_1/new}
close [ open {C:/Users/Kumar Lab/Desktop/Jasper/xilinx_rx/xilinx_rx.srcs/sources_1/new/top.v} w ]
add_files {{C:/Users/Kumar Lab/Desktop/Jasper/xilinx_rx/xilinx_rx.srcs/sources_1/new/top.v}}
create_bd_design "design_1"
Wrote  : <C:\Users\Kumar Lab\Desktop\Jasper\xilinx_rx\xilinx_rx.srcs\sources_1\bd\design_1\design_1.bd> 
update_compile_order -fileset sources_1
startgroup
create_bd_cell -type ip -vlnv xilinx.com:ip:ten_gig_eth_pcs_pma:6.0 ten_gig_eth_pcs_pma_0
endgroup
undo
INFO: [Common 17-17] undo 'endgroup'
INFO: [Common 17-17] undo 'create_bd_cell -type ip -vlnv xilinx.com:ip:ten_gig_eth_pcs_pma:6.0 ten_gig_eth_pcs_pma_0'
INFO: [Common 17-17] undo 'startgroup'
startgroup
create_bd_cell -type ip -vlnv xilinx.com:ip:ten_gig_eth_pcs_pma:6.0 ten_gig_eth_pcs_pma_0
endgroup
startgroup
apply_bd_automation -rule xilinx.com:bd_rule:clkrst -config { Clk {New Clocking Wizard} Freq {100} Ref_Clk0 {} Ref_Clk1 {} Ref_Clk2 {}}  [get_bd_pins ten_gig_eth_pcs_pma_0/qplloutclk]
INFO: [Device 21-403] Loading part xc7vx690tffg1761-2
create_bd_cell: Time (s): cpu = 00:00:06 ; elapsed = 00:00:08 . Memory (MB): peak = 2335.164 ; gain = 627.008
apply_bd_automation: Time (s): cpu = 00:00:06 ; elapsed = 00:00:08 . Memory (MB): peak = 2335.164 ; gain = 627.008
apply_bd_automation -rule xilinx.com:bd_rule:clkrst -config { Clk {New Clocking Wizard} Freq {100} Ref_Clk0 {} Ref_Clk1 {} Ref_Clk2 {}}  [get_bd_pins ten_gig_eth_pcs_pma_0/qplloutrefclk]
apply_bd_automation -rule xilinx.com:bd_rule:clkrst -config { Clk {New Clocking Wizard} Freq {100} Ref_Clk0 {} Ref_Clk1 {} Ref_Clk2 {}}  [get_bd_pins ten_gig_eth_pcs_pma_0/txusrclk]
apply_bd_automation -rule xilinx.com:bd_rule:clkrst -config { Clk {New Clocking Wizard} Freq {100} Ref_Clk0 {} Ref_Clk1 {} Ref_Clk2 {}}  [get_bd_pins ten_gig_eth_pcs_pma_0/txusrclk2]
endgroup
validate_bd_design
ERROR: [BD 41-758] The following clock pins are not connected to a valid clock source: 
/ten_gig_eth_pcs_pma_0/coreclk
/ten_gig_eth_pcs_pma_0/dclk
/clk_wiz/clk_in1
/clk_wiz_1/clk_in1
/clk_wiz_2/clk_in1
/clk_wiz_3/clk_in1

ERROR: [Common 17-39] 'validate_bd_design' failed due to earlier errors.
undo
INFO: [Common 17-17] undo 'endgroup'
INFO: [Common 17-17] undo 'apply_bd_automation -rule xilinx.com:bd_rule:clkrst -config { Clk {New Clocking Wizard} Freq {100} Ref_Clk0 {} Ref_Clk1 {} Ref_Clk2 {}}  [get_bd_pins ten_gig_eth_pcs_pma_0/txusrclk2]'
INFO: [Common 17-17] undo 'apply_bd_automation -rule xilinx.com:bd_rule:clkrst -config { Clk {New Clocking Wizard} Freq {100} Ref_Clk0 {} Ref_Clk1 {} Ref_Clk2 {}}  [get_bd_pins ten_gig_eth_pcs_pma_0/txusrclk]'
INFO: [Common 17-17] undo 'apply_bd_automation -rule xilinx.com:bd_rule:clkrst -config { Clk {New Clocking Wizard} Freq {100} Ref_Clk0 {} Ref_Clk1 {} Ref_Clk2 {}}  [get_bd_pins ten_gig_eth_pcs_pma_0/qplloutrefclk]'
INFO: [Common 17-17] undo 'apply_bd_automation -rule xilinx.com:bd_rule:clkrst -config { Clk {New Clocking Wizard} Freq {100} Ref_Clk0 {} Ref_Clk1 {} Ref_Clk2 {}}  [get_bd_pins ten_gig_eth_pcs_pma_0/qplloutclk]'
INFO: [Common 17-17] undo 'startgroup'
undo
INFO: [Common 17-17] undo 'endgroup'
INFO: [Common 17-17] undo 'create_bd_cell -type ip -vlnv xilinx.com:ip:ten_gig_eth_pcs_pma:6.0 ten_gig_eth_pcs_pma_0'
INFO: [Common 17-17] undo 'startgroup'
export_ip_user_files -of_objects  [get_files {{C:/Users/Kumar Lab/Desktop/Jasper/xilinx_rx/xilinx_rx.srcs/sources_1/bd/design_1/design_1.bd}}] -no_script -reset -force -quiet
remove_files  {{C:/Users/Kumar Lab/Desktop/Jasper/xilinx_rx/xilinx_rx.srcs/sources_1/bd/design_1/design_1.bd}}
Wrote  : <C:/Users/Kumar Lab/Desktop/Jasper/xilinx_rx/xilinx_rx.srcs/sources_1/bd/design_1/ui/bd_1f5defd0.ui> 
remove_files  {{C:/Users/Kumar Lab/Desktop/Jasper/xilinx_rx/xilinx_rx.srcs/sources_1/bd/design_1/design_1.bd}}
WARNING: [Vivado 12-818] No files matched 'C:/Users/Kumar Lab/Desktop/Jasper/xilinx_rx/xilinx_rx.srcs/sources_1/bd/design_1/design_1.bd'
file delete -force {C:/Users/Kumar Lab/Desktop/Jasper/xilinx_rx/xilinx_rx.srcs/sources_1/bd/design_1/design_1.bd}
set_property -dict [list \
  CONFIG.gt0_val_align_comma_enable {1111111111} \
  CONFIG.gt0_val_align_comma_word {Any_Byte_Boundary} \
  CONFIG.gt0_val_comma_preset {User_defined} \
  CONFIG.gt0_val_dec_mcomma_detect {false} \
  CONFIG.gt0_val_dec_pcomma_detect {false} \
  CONFIG.gt0_val_decoding {64B/66B} \
  CONFIG.gt0_val_dfe_mode {DFE-Auto_(no_sliding_TAP)} \
  CONFIG.gt0_val_encoding {64B/66B_with_Ext_Seq_Ctr} \
  CONFIG.gt0_val_port_rxcharisk {false} \
  CONFIG.gt0_val_rx_cm_trim {800} \
  CONFIG.gt0_val_rx_data_width {64} \
  CONFIG.gt0_val_rx_int_datawidth {32} \
  CONFIG.gt0_val_rx_termination_voltage {Programmable} \
  CONFIG.gt0_val_rxcomma_deten {false} \
  CONFIG.gt0_val_tx_data_width {64} \
  CONFIG.gt0_val_tx_int_datawidth {32} \
] [get_ips gtwizard_0]
generate_target all [get_files  {{C:/Users/Kumar Lab/Desktop/Jasper/xilinx_rx/xilinx_rx.srcs/sources_1/ip/gtwizard_0/gtwizard_0.xci}}]
INFO: [IP_Flow 19-1686] Generating 'Instantiation Template' target for IP 'gtwizard_0'...
INFO: [IP_Flow 19-1686] Generating 'Synthesis' target for IP 'gtwizard_0'...
INFO: [IP_Flow 19-1686] Generating 'Simulation' target for IP 'gtwizard_0'...
INFO: [IP_Flow 19-1686] Generating 'Implementation' target for IP 'gtwizard_0'...
INFO: [IP_Flow 19-1686] Generating 'Change Log' target for IP 'gtwizard_0'...
catch { config_ip_cache -export [get_ips -all gtwizard_0] }
INFO: [IP_Flow 19-6924] IPCACHE: Running cache check for IP inst: gtwizard_0
export_ip_user_files -of_objects [get_files {{C:/Users/Kumar Lab/Desktop/Jasper/xilinx_rx/xilinx_rx.srcs/sources_1/ip/gtwizard_0/gtwizard_0.xci}}] -no_script -sync -force -quiet
reset_run gtwizard_0_synth_1
launch_runs gtwizard_0_synth_1 -jobs 16
INFO: [IP_Flow 19-6924] IPCACHE: Running cache check for IP inst: gtwizard_0
[Wed Jul 22 11:15:31 2026] Launched gtwizard_0_synth_1...
Run output will be captured here: C:/Users/Kumar Lab/Desktop/Jasper/xilinx_rx/xilinx_rx.runs/gtwizard_0_synth_1/runme.log
export_simulation -of_objects [get_files {{C:/Users/Kumar Lab/Desktop/Jasper/xilinx_rx/xilinx_rx.srcs/sources_1/ip/gtwizard_0/gtwizard_0.xci}}] -directory {C:/Users/Kumar Lab/Desktop/Jasper/xilinx_rx/xilinx_rx.ip_user_files/sim_scripts} -ip_user_files_dir {C:/Users/Kumar Lab/Desktop/Jasper/xilinx_rx/xilinx_rx.ip_user_files} -ipstatic_source_dir {C:/Users/Kumar Lab/Desktop/Jasper/xilinx_rx/xilinx_rx.ip_user_files/ipstatic} -lib_map_path [list {modelsim=C:/Users/Kumar Lab/Desktop/Jasper/xilinx_rx/xilinx_rx.cache/compile_simlib/modelsim} {questa=C:/Users/Kumar Lab/Desktop/Jasper/xilinx_rx/xilinx_rx.cache/compile_simlib/questa} {riviera=C:/Users/Kumar Lab/Desktop/Jasper/xilinx_rx/xilinx_rx.cache/compile_simlib/riviera} {activehdl=C:/Users/Kumar Lab/Desktop/Jasper/xilinx_rx/xilinx_rx.cache/compile_simlib/activehdl}] -use_ip_compiled_libs -force -quiet
create_ip -name ten_gig_eth_pcs_pma -vendor xilinx.com -library ip -version 6.0 -module_name ten_gig_eth_pcs_pma_0
set_property -dict [list \
  CONFIG.DClkRate {156.25} \
  CONFIG.MDIO_Management {false} \
  CONFIG.SupportLevel {1} \
  CONFIG.TransceiverControl {false} \
  CONFIG.base_kr {BASE-R} \
] [get_ips ten_gig_eth_pcs_pma_0]
generate_target {instantiation_template} [get_files {{c:/Users/Kumar Lab/Desktop/Jasper/xilinx_rx/xilinx_rx.srcs/sources_1/ip/ten_gig_eth_pcs_pma_0/ten_gig_eth_pcs_pma_0.xci}}]
INFO: [IP_Flow 19-1686] Generating 'Instantiation Template' target for IP 'ten_gig_eth_pcs_pma_0'...
update_compile_order -fileset sources_1
generate_target all [get_files  {{c:/Users/Kumar Lab/Desktop/Jasper/xilinx_rx/xilinx_rx.srcs/sources_1/ip/ten_gig_eth_pcs_pma_0/ten_gig_eth_pcs_pma_0.xci}}]
INFO: [IP_Flow 19-1686] Generating 'Synthesis' target for IP 'ten_gig_eth_pcs_pma_0'...
WARNING: [IP_Flow 19-650] IP license key 'ten_gig_eth_pcs_pma_basekr@2015.04' is enabled with a Design_Linking license.
WARNING: [IP_Flow 19-650] IP license key 'ten_gig_eth_pcs_pma_basekr@2015.04' is enabled with a Design_Linking license.
INFO: [IP_Flow 19-1686] Generating 'Simulation' target for IP 'ten_gig_eth_pcs_pma_0'...
WARNING: [IP_Flow 19-650] IP license key 'ten_gig_eth_pcs_pma_basekr@2015.04' is enabled with a Design_Linking license.
WARNING: [IP_Flow 19-650] IP license key 'ten_gig_eth_pcs_pma_basekr@2015.04' is enabled with a Design_Linking license.
INFO: [IP_Flow 19-1686] Generating 'Change Log' target for IP 'ten_gig_eth_pcs_pma_0'...
catch { config_ip_cache -export [get_ips -all ten_gig_eth_pcs_pma_0] }
INFO: [IP_Flow 19-6924] IPCACHE: Running cache check for IP inst: ten_gig_eth_pcs_pma_0
export_ip_user_files -of_objects [get_files {{c:/Users/Kumar Lab/Desktop/Jasper/xilinx_rx/xilinx_rx.srcs/sources_1/ip/ten_gig_eth_pcs_pma_0/ten_gig_eth_pcs_pma_0.xci}}] -no_script -sync -force -quiet
INFO: [Vivado 12-23855] The given sub-design is auto disabled, no action will be taken: 'c:/Users/Kumar Lab/Desktop/Jasper/xilinx_rx/xilinx_rx.srcs/sources_1/ip/ten_gig_eth_pcs_pma_0/ten_gig_eth_pcs_pma_0.xci'
export_simulation -of_objects [get_files {{c:/Users/Kumar Lab/Desktop/Jasper/xilinx_rx/xilinx_rx.srcs/sources_1/ip/ten_gig_eth_pcs_pma_0/ten_gig_eth_pcs_pma_0.xci}}] -directory {C:/Users/Kumar Lab/Desktop/Jasper/xilinx_rx/xilinx_rx.ip_user_files/sim_scripts} -ip_user_files_dir {C:/Users/Kumar Lab/Desktop/Jasper/xilinx_rx/xilinx_rx.ip_user_files} -ipstatic_source_dir {C:/Users/Kumar Lab/Desktop/Jasper/xilinx_rx/xilinx_rx.ip_user_files/ipstatic} -lib_map_path [list {modelsim=C:/Users/Kumar Lab/Desktop/Jasper/xilinx_rx/xilinx_rx.cache/compile_simlib/modelsim} {questa=C:/Users/Kumar Lab/Desktop/Jasper/xilinx_rx/xilinx_rx.cache/compile_simlib/questa} {riviera=C:/Users/Kumar Lab/Desktop/Jasper/xilinx_rx/xilinx_rx.cache/compile_simlib/riviera} {activehdl=C:/Users/Kumar Lab/Desktop/Jasper/xilinx_rx/xilinx_rx.cache/compile_simlib/activehdl}] -use_ip_compiled_libs -force -quiet
set_property CONFIG.DClkRate {100} [get_ips ten_gig_eth_pcs_pma_0]
generate_target all [get_files  {{c:/Users/Kumar Lab/Desktop/Jasper/xilinx_rx/xilinx_rx.srcs/sources_1/ip/ten_gig_eth_pcs_pma_0/ten_gig_eth_pcs_pma_0.xci}}]
INFO: [IP_Flow 19-1686] Generating 'Instantiation Template' target for IP 'ten_gig_eth_pcs_pma_0'...
INFO: [IP_Flow 19-1686] Generating 'Synthesis' target for IP 'ten_gig_eth_pcs_pma_0'...
WARNING: [IP_Flow 19-650] IP license key 'ten_gig_eth_pcs_pma_basekr@2015.04' is enabled with a Design_Linking license.
WARNING: [IP_Flow 19-650] IP license key 'ten_gig_eth_pcs_pma_basekr@2015.04' is enabled with a Design_Linking license.
INFO: [IP_Flow 19-1686] Generating 'Simulation' target for IP 'ten_gig_eth_pcs_pma_0'...
WARNING: [IP_Flow 19-650] IP license key 'ten_gig_eth_pcs_pma_basekr@2015.04' is enabled with a Design_Linking license.
WARNING: [IP_Flow 19-650] IP license key 'ten_gig_eth_pcs_pma_basekr@2015.04' is enabled with a Design_Linking license.
INFO: [IP_Flow 19-1686] Generating 'Change Log' target for IP 'ten_gig_eth_pcs_pma_0'...
catch { config_ip_cache -export [get_ips -all ten_gig_eth_pcs_pma_0] }
INFO: [IP_Flow 19-6924] IPCACHE: Running cache check for IP inst: ten_gig_eth_pcs_pma_0
export_ip_user_files -of_objects [get_files {{c:/Users/Kumar Lab/Desktop/Jasper/xilinx_rx/xilinx_rx.srcs/sources_1/ip/ten_gig_eth_pcs_pma_0/ten_gig_eth_pcs_pma_0.xci}}] -no_script -sync -force -quiet
INFO: [Vivado 12-23855] The given sub-design is auto disabled, no action will be taken: 'c:/Users/Kumar Lab/Desktop/Jasper/xilinx_rx/xilinx_rx.srcs/sources_1/ip/ten_gig_eth_pcs_pma_0/ten_gig_eth_pcs_pma_0.xci'
export_simulation -of_objects [get_files {{c:/Users/Kumar Lab/Desktop/Jasper/xilinx_rx/xilinx_rx.srcs/sources_1/ip/ten_gig_eth_pcs_pma_0/ten_gig_eth_pcs_pma_0.xci}}] -directory {C:/Users/Kumar Lab/Desktop/Jasper/xilinx_rx/xilinx_rx.ip_user_files/sim_scripts} -ip_user_files_dir {C:/Users/Kumar Lab/Desktop/Jasper/xilinx_rx/xilinx_rx.ip_user_files} -ipstatic_source_dir {C:/Users/Kumar Lab/Desktop/Jasper/xilinx_rx/xilinx_rx.ip_user_files/ipstatic} -lib_map_path [list {modelsim=C:/Users/Kumar Lab/Desktop/Jasper/xilinx_rx/xilinx_rx.cache/compile_simlib/modelsim} {questa=C:/Users/Kumar Lab/Desktop/Jasper/xilinx_rx/xilinx_rx.cache/compile_simlib/questa} {riviera=C:/Users/Kumar Lab/Desktop/Jasper/xilinx_rx/xilinx_rx.cache/compile_simlib/riviera} {activehdl=C:/Users/Kumar Lab/Desktop/Jasper/xilinx_rx/xilinx_rx.cache/compile_simlib/activehdl}] -use_ip_compiled_libs -force -quiet
update_compile_order -fileset sources_1
launch_runs synth_1 -jobs 16
INFO: [IP_Flow 19-6924] IPCACHE: Running cache check for IP inst: ten_gig_eth_pcs_pma_0
INFO: [IP_Flow 19-6922] IPCACHE: Exporting cached entry d4f24a937f98860c to dir: c:/Users/Kumar Lab/Desktop/Jasper/xilinx_rx/xilinx_rx.gen/sources_1/ip/ten_gig_eth_pcs_pma_0
INFO: [IP_Flow 19-6928] IPCACHE: copied cached file c:/Users/Kumar Lab/Desktop/Jasper/xilinx_rx/xilinx_rx.cache/ip/2023.2/d/4/d4f24a937f98860c/ten_gig_eth_pcs_pma_0.dcp to c:/Users/Kumar Lab/Desktop/Jasper/xilinx_rx/xilinx_rx.gen/sources_1/ip/ten_gig_eth_pcs_pma_0/ten_gig_eth_pcs_pma_0.dcp.
INFO: [IP_Flow 19-6926] IPCACHE: added file to list for BOM: c:/Users/Kumar Lab/Desktop/Jasper/xilinx_rx/xilinx_rx.gen/sources_1/ip/ten_gig_eth_pcs_pma_0/ten_gig_eth_pcs_pma_0.dcp
INFO: [IP_Flow 19-6928] IPCACHE: copied cached file c:/Users/Kumar Lab/Desktop/Jasper/xilinx_rx/xilinx_rx.cache/ip/2023.2/d/4/d4f24a937f98860c/ten_gig_eth_pcs_pma_0_sim_netlist.v to c:/Users/Kumar Lab/Desktop/Jasper/xilinx_rx/xilinx_rx.gen/sources_1/ip/ten_gig_eth_pcs_pma_0/ten_gig_eth_pcs_pma_0_sim_netlist.v.
INFO: [IP_Flow 19-6926] IPCACHE: added file to list for BOM: c:/Users/Kumar Lab/Desktop/Jasper/xilinx_rx/xilinx_rx.gen/sources_1/ip/ten_gig_eth_pcs_pma_0/ten_gig_eth_pcs_pma_0_sim_netlist.v
INFO: [IP_Flow 19-6928] IPCACHE: copied cached file c:/Users/Kumar Lab/Desktop/Jasper/xilinx_rx/xilinx_rx.cache/ip/2023.2/d/4/d4f24a937f98860c/ten_gig_eth_pcs_pma_0_sim_netlist.vhdl to c:/Users/Kumar Lab/Desktop/Jasper/xilinx_rx/xilinx_rx.gen/sources_1/ip/ten_gig_eth_pcs_pma_0/ten_gig_eth_pcs_pma_0_sim_netlist.vhdl.
INFO: [IP_Flow 19-6926] IPCACHE: added file to list for BOM: c:/Users/Kumar Lab/Desktop/Jasper/xilinx_rx/xilinx_rx.gen/sources_1/ip/ten_gig_eth_pcs_pma_0/ten_gig_eth_pcs_pma_0_sim_netlist.vhdl
INFO: [IP_Flow 19-6928] IPCACHE: copied cached file c:/Users/Kumar Lab/Desktop/Jasper/xilinx_rx/xilinx_rx.cache/ip/2023.2/d/4/d4f24a937f98860c/ten_gig_eth_pcs_pma_0_stub.v to c:/Users/Kumar Lab/Desktop/Jasper/xilinx_rx/xilinx_rx.gen/sources_1/ip/ten_gig_eth_pcs_pma_0/ten_gig_eth_pcs_pma_0_stub.v.
INFO: [IP_Flow 19-6926] IPCACHE: added file to list for BOM: c:/Users/Kumar Lab/Desktop/Jasper/xilinx_rx/xilinx_rx.gen/sources_1/ip/ten_gig_eth_pcs_pma_0/ten_gig_eth_pcs_pma_0_stub.v
INFO: [IP_Flow 19-6928] IPCACHE: copied cached file c:/Users/Kumar Lab/Desktop/Jasper/xilinx_rx/xilinx_rx.cache/ip/2023.2/d/4/d4f24a937f98860c/ten_gig_eth_pcs_pma_0_stub.vhdl to c:/Users/Kumar Lab/Desktop/Jasper/xilinx_rx/xilinx_rx.gen/sources_1/ip/ten_gig_eth_pcs_pma_0/ten_gig_eth_pcs_pma_0_stub.vhdl.
INFO: [IP_Flow 19-6926] IPCACHE: added file to list for BOM: c:/Users/Kumar Lab/Desktop/Jasper/xilinx_rx/xilinx_rx.gen/sources_1/ip/ten_gig_eth_pcs_pma_0/ten_gig_eth_pcs_pma_0_stub.vhdl
INFO: [IP_Flow 19-4993] Using cached IP synthesis design for IP ten_gig_eth_pcs_pma_0, cache-ID = d4f24a937f98860c; cache size = 7.104 MB.
INFO: [Vivado 12-4149] The synthesis checkpoint for IP 'c:/Users/Kumar Lab/Desktop/Jasper/xilinx_rx/xilinx_rx.srcs/sources_1/ip/ten_gig_eth_pcs_pma_0/ten_gig_eth_pcs_pma_0.xci' is already up-to-date
WARNING: [Vivado 12-7122] Auto Incremental Compile:: No reference checkpoint was found in run synth_1. Auto-incremental flow will not be run, the standard flow will be run instead.
[Wed Jul 22 12:41:27 2026] Launched synth_1...
Run output will be captured here: C:/Users/Kumar Lab/Desktop/Jasper/xilinx_rx/xilinx_rx.runs/synth_1/runme.log
WARNING: [Common 17-9] Error reading message records.
WARNING: [Common 17-9] Error reading message records.
reset_run synth_1
INFO: [Project 1-1160] Copying file C:/Users/Kumar Lab/Desktop/Jasper/xilinx_rx/xilinx_rx.runs/synth_1/top.dcp to C:/Users/Kumar Lab/Desktop/Jasper/xilinx_rx/xilinx_rx.srcs/utils_1/imports/synth_1 and adding it to utils fileset
launch_runs impl_1 -to_step write_bitstream -jobs 16
INFO: [Vivado 12-4149] The synthesis checkpoint for IP 'c:/Users/Kumar Lab/Desktop/Jasper/xilinx_rx/xilinx_rx.srcs/sources_1/ip/ten_gig_eth_pcs_pma_0/ten_gig_eth_pcs_pma_0.xci' is already up-to-date
[Wed Jul 22 14:06:15 2026] Launched synth_1...
Run output will be captured here: C:/Users/Kumar Lab/Desktop/Jasper/xilinx_rx/xilinx_rx.runs/synth_1/runme.log
[Wed Jul 22 14:06:15 2026] Launched impl_1...
Run output will be captured here: C:/Users/Kumar Lab/Desktop/Jasper/xilinx_rx/xilinx_rx.runs/impl_1/runme.log
reset_run impl_1 -prev_step 
launch_runs impl_1 -to_step write_bitstream -jobs 16
INFO: [Vivado 12-4149] The synthesis checkpoint for IP 'c:/Users/Kumar Lab/Desktop/Jasper/xilinx_rx/xilinx_rx.srcs/sources_1/ip/ten_gig_eth_pcs_pma_0/ten_gig_eth_pcs_pma_0.xci' is already up-to-date
[Wed Jul 22 14:09:10 2026] Launched impl_1...
Run output will be captured here: C:/Users/Kumar Lab/Desktop/Jasper/xilinx_rx/xilinx_rx.runs/impl_1/runme.log
reset_run impl_1 -prev_step 
launch_runs impl_1 -to_step write_bitstream -jobs 16
INFO: [Vivado 12-4149] The synthesis checkpoint for IP 'c:/Users/Kumar Lab/Desktop/Jasper/xilinx_rx/xilinx_rx.srcs/sources_1/ip/ten_gig_eth_pcs_pma_0/ten_gig_eth_pcs_pma_0.xci' is already up-to-date
[Wed Jul 22 14:09:39 2026] Launched impl_1...
Run output will be captured here: C:/Users/Kumar Lab/Desktop/Jasper/xilinx_rx/xilinx_rx.runs/impl_1/runme.log
add_files -fileset constrs_1 -norecurse {{C:/Users/Kumar Lab/Desktop/Jasper/xilinx_rx/xilinx_rx.srcs/constrs_1/new/vc709.xdc}}
reset_run impl_1 -prev_step 
reset_run synth_1
INFO: [Project 1-1161] Replacing file C:/Users/Kumar Lab/Desktop/Jasper/xilinx_rx/xilinx_rx.srcs/utils_1/imports/synth_1/top.dcp with file C:/Users/Kumar Lab/Desktop/Jasper/xilinx_rx/xilinx_rx.runs/synth_1/top.dcp
launch_runs impl_1 -jobs 16
INFO: [Vivado 12-4149] The synthesis checkpoint for IP 'c:/Users/Kumar Lab/Desktop/Jasper/xilinx_rx/xilinx_rx.srcs/sources_1/ip/ten_gig_eth_pcs_pma_0/ten_gig_eth_pcs_pma_0.xci' is already up-to-date
[Wed Jul 22 14:14:46 2026] Launched synth_1...
Run output will be captured here: C:/Users/Kumar Lab/Desktop/Jasper/xilinx_rx/xilinx_rx.runs/synth_1/runme.log
[Wed Jul 22 14:14:46 2026] Launched impl_1...
Run output will be captured here: C:/Users/Kumar Lab/Desktop/Jasper/xilinx_rx/xilinx_rx.runs/impl_1/runme.log
launch_runs impl_1 -to_step write_bitstream -jobs 16
INFO: [Vivado 12-4149] The synthesis checkpoint for IP 'c:/Users/Kumar Lab/Desktop/Jasper/xilinx_rx/xilinx_rx.srcs/sources_1/ip/ten_gig_eth_pcs_pma_0/ten_gig_eth_pcs_pma_0.xci' is already up-to-date
[Wed Jul 22 14:17:10 2026] Launched impl_1...
Run output will be captured here: C:/Users/Kumar Lab/Desktop/Jasper/xilinx_rx/xilinx_rx.runs/impl_1/runme.log
open_run impl_1
Netlist sorting complete. Time (s): cpu = 00:00:00 ; elapsed = 00:00:00.051 . Memory (MB): peak = 2468.367 ; gain = 0.000
INFO: [Netlist 29-17] Analyzing 98 Unisim elements for replacement
INFO: [Netlist 29-28] Unisim Transformation completed in 0 CPU seconds
INFO: [Project 1-479] Netlist was created with Vivado 2023.2
INFO: [Project 1-570] Preparing netlist for logic optimization
Read ShapeDB Complete: Time (s): cpu = 00:00:00 ; elapsed = 00:00:00.013 . Memory (MB): peak = 2533.957 ; gain = 1.719
INFO: [Timing 38-478] Restoring timing data from binary archive.
INFO: [Timing 38-479] Binary timing data restore complete.
INFO: [Project 1-856] Restoring constraints from binary archive.
INFO: [Project 1-853] Binary constraint restore complete.
INFO: [Designutils 20-5722] Start Reading Physical Databases.
Reading placement.
Read Netlist Cache: Time (s): cpu = 00:00:00 ; elapsed = 00:00:00.004 . Memory (MB): peak = 3369.387 ; gain = 0.000
Reading placer database...
Read Device Cache: Time (s): cpu = 00:00:00 ; elapsed = 00:00:00.021 . Memory (MB): peak = 3369.387 ; gain = 0.000
Read PlaceDB: Time (s): cpu = 00:00:00 ; elapsed = 00:00:00.086 . Memory (MB): peak = 3369.387 ; gain = 0.000
Read PulsedLatchDB: Time (s): cpu = 00:00:00 ; elapsed = 00:00:00 . Memory (MB): peak = 3369.387 ; gain = 0.000
Reading routing.
Read RouteStorage: Time (s): cpu = 00:00:00 ; elapsed = 00:00:00.075 . Memory (MB): peak = 3369.387 ; gain = 0.000
Read Physdb Files: Time (s): cpu = 00:00:00 ; elapsed = 00:00:00.196 . Memory (MB): peak = 3369.387 ; gain = 0.000
Restored from archive | CPU: 0.000000 secs | Memory: 0.000000 MB |
Finished XDEF File Restore: Time (s): cpu = 00:00:00 ; elapsed = 00:00:00.196 . Memory (MB): peak = 3369.387 ; gain = 0.000
Netlist sorting complete. Time (s): cpu = 00:00:00 ; elapsed = 00:00:00.001 . Memory (MB): peak = 3369.387 ; gain = 0.000
INFO: [Project 1-111] Unisim Transformation Summary:
  A total of 25 instances were transformed.
  RAM32M => RAM32M (RAMD32(x6), RAMS32(x2)): 23 instances
  RAM32X1D => RAM32X1D (RAMD32(x2)): 2 instances

open_hw_manager
connect_hw_server -allow_non_jtag
INFO: [Labtools 27-2285] Connecting to hw_server url TCP:localhost:3121
INFO: [Labtools 27-2222] Launching hw_server...
INFO: [Labtools 27-2221] Launch Output:
ECHO is off.
ECHO is off.

****** Xilinx hw_server v2023.2
  **** Build date : Oct 13 2023 at 21:31:40
    ** Copyright 1986-2022 Xilinx, Inc. All Rights Reserved.


INFO: [Labtools 27-3415] Connecting to cs_server url TCP:localhost:0
INFO: [Labtools 27-3417] Launching cs_server...
INFO: [Labtools 27-2221] Launch Output:
ECHO is off.
ECHO is off.


******** Xilinx cs_server v2023.2.0
  ****** Build date   : Oct 09 2023-23:01:56
    **** Build number : 2023.2.1696910516
      ** Copyright 2017-2022 Xilinx, Inc. All Rights Reserved.
      ** Copyright 2022-2026 Advanced Micro Devices, Inc. All Rights Reserved.



open_hw_target
INFO: [Labtoolstcl 44-466] Opening hw_target localhost:3121/xilinx_tcf/Digilent/210203B707C6A
set_property PROGRAM.FILE {C:/Users/Kumar Lab/Desktop/Jasper/xilinx_rx/xilinx_rx.runs/impl_1/top.bit} [get_hw_devices xc7vx690t_0]
current_hw_device [get_hw_devices xc7vx690t_0]
refresh_hw_device -update_hw_probes false [lindex [get_hw_devices xc7vx690t_0] 0]
INFO: [Labtools 27-2302] Device xc7vx690t (JTAG device index = 0) is programmed with a design that has 1 ILA core(s).
INFO: [Labtools 27-2302] Device xc7vx690t (JTAG device index = 0) is programmed with a design that has 1 VIO core(s).
close_hw_target {localhost:3121/xilinx_tcf/Digilent/210203B707C6A}
INFO: [Labtoolstcl 44-464] Closing hw_target localhost:3121/xilinx_tcf/Digilent/210203B707C6A
open_hw_target {localhost:3121/xilinx_tcf/Digilent/210203B32C16A}
INFO: [Labtoolstcl 44-466] Opening hw_target localhost:3121/xilinx_tcf/Digilent/210203B32C16A
set_property PROGRAM.FILE {C:/Users/Kumar Lab/Desktop/Jasper/xilinx_rx/xilinx_rx.runs/impl_1/top.bit} [get_hw_devices xc7vx690t_0_1]
current_hw_device [get_hw_devices xc7vx690t_0_1]
refresh_hw_device -update_hw_probes false [lindex [get_hw_devices xc7vx690t_0_1] 0]
INFO: [Labtools 27-2302] Device xc7vx690t (JTAG device index = 0) is programmed with a design that has 1 ILA core(s).
INFO: [Labtools 27-2302] Device xc7vx690t (JTAG device index = 0) is programmed with a design that has 1 VIO core(s).
refresh_hw_target {localhost:3121/xilinx_tcf/Digilent/210203B32C16A}
set_property PROBES.FILE {} [get_hw_devices xc7vx690t_0_1]
set_property FULL_PROBES.FILE {} [get_hw_devices xc7vx690t_0_1]
set_property PROGRAM.FILE {C:/Users/Kumar Lab/Desktop/Jasper/xilinx_rx/xilinx_rx.runs/impl_1/top.bit} [get_hw_devices xc7vx690t_0_1]
program_hw_devices [get_hw_devices xc7vx690t_0_1]
INFO: [Labtools 27-3164] End of startup status: HIGH
refresh_hw_device [lindex [get_hw_devices xc7vx690t_0_1] 0]
INFO: [Labtools 27-1434] Device xc7vx690t (JTAG device index = 0) is programmed with a design that has no supported debug core(s) in it.
WARNING: [Common 17-9] Error reading message records.
WARNING: [Common 17-9] Error reading message records.
WARNING: [Common 17-9] Error reading message records.
WARNING: [Common 17-9] Error reading message records.
WARNING: [Common 17-9] Error reading message records.
WARNING: [Common 17-9] Error reading message records.
set_property PROBES.FILE {} [get_hw_devices xc7vx690t_0_1]
set_property FULL_PROBES.FILE {} [get_hw_devices xc7vx690t_0_1]
set_property PROGRAM.FILE {C:/Users/Kumar Lab/Desktop/Jasper/xilinx_rx/xilinx_rx.runs/impl_1/top.bit} [get_hw_devices xc7vx690t_0_1]
program_hw_devices [get_hw_devices xc7vx690t_0_1]
INFO: [Labtools 27-3164] End of startup status: HIGH
refresh_hw_device [lindex [get_hw_devices xc7vx690t_0_1] 0]
INFO: [Labtools 27-1434] Device xc7vx690t (JTAG device index = 0) is programmed with a design that has no supported debug core(s) in it.
close_hw_manager
open_hw_manager
connect_hw_server -allow_non_jtag
INFO: [Labtools 27-2285] Connecting to hw_server url TCP:localhost:3121
INFO: [Labtools 27-2222] Launching hw_server...
INFO: [Labtools 27-2221] Launch Output:
ECHO is off.
ECHO is off.

****** Xilinx hw_server v2023.2
  **** Build date : Oct 13 2023 at 21:31:40
    ** Copyright 1986-2022 Xilinx, Inc. All Rights Reserved.


INFO: [Labtools 27-3415] Connecting to cs_server url TCP:localhost:0
INFO: [Labtools 27-3417] Launching cs_server...
INFO: [Labtools 27-2221] Launch Output:
ECHO is off.
ECHO is off.


******** Xilinx cs_server v2023.2.0
  ****** Build date   : Oct 09 2023-23:01:56
    **** Build number : 2023.2.1696910516
      ** Copyright 2017-2022 Xilinx, Inc. All Rights Reserved.
      ** Copyright 2022-2026 Advanced Micro Devices, Inc. All Rights Reserved.



open_hw_target
INFO: [Labtoolstcl 44-466] Opening hw_target localhost:3121/xilinx_tcf/Digilent/210203B707C6A
set_property PROGRAM.FILE {C:/Users/Kumar Lab/Desktop/Jasper/xilinx_rx/xilinx_rx.runs/impl_1/top.bit} [get_hw_devices xc7vx690t_0]
current_hw_device [get_hw_devices xc7vx690t_0]
refresh_hw_device -update_hw_probes false [lindex [get_hw_devices xc7vx690t_0] 0]
INFO: [Labtools 27-2302] Device xc7vx690t (JTAG device index = 0) is programmed with a design that has 1 ILA core(s).
INFO: [Labtools 27-2302] Device xc7vx690t (JTAG device index = 0) is programmed with a design that has 1 VIO core(s).
close_hw_target {localhost:3121/xilinx_tcf/Digilent/210203B707C6A}
INFO: [Labtoolstcl 44-464] Closing hw_target localhost:3121/xilinx_tcf/Digilent/210203B707C6A
open_hw_target {localhost:3121/xilinx_tcf/Digilent/210203B32C16A}
INFO: [Labtoolstcl 44-466] Opening hw_target localhost:3121/xilinx_tcf/Digilent/210203B32C16A
set_property PROGRAM.FILE {C:/Users/Kumar Lab/Desktop/Jasper/xilinx_rx/xilinx_rx.runs/impl_1/top.bit} [get_hw_devices xc7vx690t_0_1]
current_hw_device [get_hw_devices xc7vx690t_0_1]
refresh_hw_device -update_hw_probes false [lindex [get_hw_devices xc7vx690t_0_1] 0]
INFO: [Labtools 27-1434] Device xc7vx690t (JTAG device index = 0) is programmed with a design that has no supported debug core(s) in it.
set_property PROBES.FILE {} [get_hw_devices xc7vx690t_0_1]
set_property FULL_PROBES.FILE {} [get_hw_devices xc7vx690t_0_1]
set_property PROGRAM.FILE {C:/Users/Kumar Lab/Desktop/Jasper/xilinx_rx/xilinx_rx.runs/impl_1/top.bit} [get_hw_devices xc7vx690t_0_1]
program_hw_devices [get_hw_devices xc7vx690t_0_1]
INFO: [Labtools 27-3164] End of startup status: HIGH
refresh_hw_device [lindex [get_hw_devices xc7vx690t_0_1] 0]
INFO: [Labtools 27-1434] Device xc7vx690t (JTAG device index = 0) is programmed with a design that has no supported debug core(s) in it.
reset_run synth_1
INFO: [Project 1-1161] Replacing file C:/Users/Kumar Lab/Desktop/Jasper/xilinx_rx/xilinx_rx.srcs/utils_1/imports/synth_1/top.dcp with file C:/Users/Kumar Lab/Desktop/Jasper/xilinx_rx/xilinx_rx.runs/synth_1/top.dcp
WARNING: [Vivado 12-1017] Problems encountered:
1. Failed to delete one or more files in run directory C:/Users/Kumar Lab/Desktop/Jasper/xilinx_rx/xilinx_rx.runs/synth_1

launch_runs impl_1 -jobs 16
INFO: [Vivado 12-4149] The synthesis checkpoint for IP 'c:/Users/Kumar Lab/Desktop/Jasper/xilinx_rx/xilinx_rx.srcs/sources_1/ip/ten_gig_eth_pcs_pma_0/ten_gig_eth_pcs_pma_0.xci' is already up-to-date
[Wed Jul 22 15:56:25 2026] Launched synth_1...
Run output will be captured here: C:/Users/Kumar Lab/Desktop/Jasper/xilinx_rx/xilinx_rx.runs/synth_1/runme.log
[Wed Jul 22 15:56:25 2026] Launched impl_1...
Run output will be captured here: C:/Users/Kumar Lab/Desktop/Jasper/xilinx_rx/xilinx_rx.runs/impl_1/runme.log
set_property PROBES.FILE {} [get_hw_devices xc7vx690t_0_1]
set_property FULL_PROBES.FILE {} [get_hw_devices xc7vx690t_0_1]
set_property PROGRAM.FILE {C:/Users/Kumar Lab/Desktop/Jasper/xilinx_rx/xilinx_rx.runs/impl_1/top.bit} [get_hw_devices xc7vx690t_0_1]
program_hw_devices [get_hw_devices xc7vx690t_0_1]
INFO: [Labtools 27-3164] End of startup status: HIGH
refresh_hw_device [lindex [get_hw_devices xc7vx690t_0_1] 0]
INFO: [Labtools 27-1434] Device xc7vx690t (JTAG device index = 0) is programmed with a design that has no supported debug core(s) in it.
reset_run synth_1
WARNING: [Vivado 12-1017] Problems encountered:
1. Failed to delete one or more files in run directory C:/Users/Kumar Lab/Desktop/Jasper/xilinx_rx/xilinx_rx.runs/synth_1

launch_runs impl_1 -to_step write_bitstream -jobs 16
INFO: [Vivado 12-4149] The synthesis checkpoint for IP 'c:/Users/Kumar Lab/Desktop/Jasper/xilinx_rx/xilinx_rx.srcs/sources_1/ip/ten_gig_eth_pcs_pma_0/ten_gig_eth_pcs_pma_0.xci' is already up-to-date
[Wed Jul 22 16:25:39 2026] Launched synth_1...
Run output will be captured here: C:/Users/Kumar Lab/Desktop/Jasper/xilinx_rx/xilinx_rx.runs/synth_1/runme.log
[Wed Jul 22 16:25:39 2026] Launched impl_1...
Run output will be captured here: C:/Users/Kumar Lab/Desktop/Jasper/xilinx_rx/xilinx_rx.runs/impl_1/runme.log
close_hw_manager
reset_run synth_1
WARNING: [Vivado 12-1017] Problems encountered:
1. Failed to delete one or more files in run directory C:/Users/Kumar Lab/Desktop/Jasper/xilinx_rx/xilinx_rx.runs/synth_1

launch_runs synth_1 -jobs 16
INFO: [Vivado 12-4149] The synthesis checkpoint for IP 'c:/Users/Kumar Lab/Desktop/Jasper/xilinx_rx/xilinx_rx.srcs/sources_1/ip/ten_gig_eth_pcs_pma_0/ten_gig_eth_pcs_pma_0.xci' is already up-to-date
[Wed Jul 22 16:25:53 2026] Launched synth_1...
Run output will be captured here: C:/Users/Kumar Lab/Desktop/Jasper/xilinx_rx/xilinx_rx.runs/synth_1/runme.log
close_design
reset_run synth_1
WARNING: [Vivado 12-1017] Problems encountered:
1. Failed to delete one or more files in run directory C:/Users/Kumar Lab/Desktop/Jasper/xilinx_rx/xilinx_rx.runs/synth_1

launch_runs synth_1 -jobs 16
INFO: [Vivado 12-4149] The synthesis checkpoint for IP 'c:/Users/Kumar Lab/Desktop/Jasper/xilinx_rx/xilinx_rx.srcs/sources_1/ip/ten_gig_eth_pcs_pma_0/ten_gig_eth_pcs_pma_0.xci' is already up-to-date
[Wed Jul 22 16:26:14 2026] Launched synth_1...
Run output will be captured here: C:/Users/Kumar Lab/Desktop/Jasper/xilinx_rx/xilinx_rx.runs/synth_1/runme.log
launch_runs impl_1 -jobs 16
INFO: [Vivado 12-4149] The synthesis checkpoint for IP 'c:/Users/Kumar Lab/Desktop/Jasper/xilinx_rx/xilinx_rx.srcs/sources_1/ip/ten_gig_eth_pcs_pma_0/ten_gig_eth_pcs_pma_0.xci' is already up-to-date
[Wed Jul 22 16:27:08 2026] Launched impl_1...
Run output will be captured here: C:/Users/Kumar Lab/Desktop/Jasper/xilinx_rx/xilinx_rx.runs/impl_1/runme.log
open_run impl_1
Netlist sorting complete. Time (s): cpu = 00:00:00 ; elapsed = 00:00:00.053 . Memory (MB): peak = 3883.352 ; gain = 0.000
INFO: [Netlist 29-17] Analyzing 112 Unisim elements for replacement
INFO: [Netlist 29-28] Unisim Transformation completed in 0 CPU seconds
INFO: [Project 1-479] Netlist was created with Vivado 2023.2
INFO: [Project 1-570] Preparing netlist for logic optimization
Read ShapeDB Complete: Time (s): cpu = 00:00:00 ; elapsed = 00:00:00.013 . Memory (MB): peak = 3883.352 ; gain = 0.000
INFO: [Timing 38-478] Restoring timing data from binary archive.
INFO: [Timing 38-479] Binary timing data restore complete.
INFO: [Project 1-856] Restoring constraints from binary archive.
INFO: [Project 1-853] Binary constraint restore complete.
INFO: [Designutils 20-5722] Start Reading Physical Databases.
Reading placement.
Read Netlist Cache: Time (s): cpu = 00:00:00 ; elapsed = 00:00:00.004 . Memory (MB): peak = 3883.352 ; gain = 0.000
Reading placer database...
Read Device Cache: Time (s): cpu = 00:00:00 ; elapsed = 00:00:00.020 . Memory (MB): peak = 3883.352 ; gain = 0.000
Read PlaceDB: Time (s): cpu = 00:00:00 ; elapsed = 00:00:00.085 . Memory (MB): peak = 3883.352 ; gain = 0.000
Read PulsedLatchDB: Time (s): cpu = 00:00:00 ; elapsed = 00:00:00 . Memory (MB): peak = 3883.352 ; gain = 0.000
Reading routing.
Read RouteStorage: Time (s): cpu = 00:00:00 ; elapsed = 00:00:00.096 . Memory (MB): peak = 3883.352 ; gain = 0.000
Read Physdb Files: Time (s): cpu = 00:00:00 ; elapsed = 00:00:00.216 . Memory (MB): peak = 3883.352 ; gain = 0.000
Restored from archive | CPU: 0.000000 secs | Memory: 0.000000 MB |
Finished XDEF File Restore: Time (s): cpu = 00:00:00 ; elapsed = 00:00:00.217 . Memory (MB): peak = 3883.352 ; gain = 0.000
Netlist sorting complete. Time (s): cpu = 00:00:00 ; elapsed = 00:00:00.001 . Memory (MB): peak = 3883.352 ; gain = 0.000
INFO: [Project 1-111] Unisim Transformation Summary:
  A total of 25 instances were transformed.
  RAM32M => RAM32M (RAMD32(x6), RAMS32(x2)): 23 instances
  RAM32X1D => RAM32X1D (RAMD32(x2)): 2 instances

launch_runs impl_1 -to_step write_bitstream -jobs 16
INFO: [Vivado 12-4149] The synthesis checkpoint for IP 'c:/Users/Kumar Lab/Desktop/Jasper/xilinx_rx/xilinx_rx.srcs/sources_1/ip/ten_gig_eth_pcs_pma_0/ten_gig_eth_pcs_pma_0.xci' is already up-to-date
[Wed Jul 22 16:29:21 2026] Launched impl_1...
Run output will be captured here: C:/Users/Kumar Lab/Desktop/Jasper/xilinx_rx/xilinx_rx.runs/impl_1/runme.log
open_hw_manager
connect_hw_server -allow_non_jtag
INFO: [Labtools 27-2285] Connecting to hw_server url TCP:localhost:3121
INFO: [Labtools 27-2222] Launching hw_server...
INFO: [Labtools 27-2221] Launch Output:
ECHO is off.
ECHO is off.

****** Xilinx hw_server v2023.2
  **** Build date : Oct 13 2023 at 21:31:40
    ** Copyright 1986-2022 Xilinx, Inc. All Rights Reserved.


INFO: [Labtools 27-3415] Connecting to cs_server url TCP:localhost:0
INFO: [Labtools 27-3417] Launching cs_server...
INFO: [Labtools 27-2221] Launch Output:
ECHO is off.
ECHO is off.


******** Xilinx cs_server v2023.2.0
  ****** Build date   : Oct 09 2023-23:01:56
    **** Build number : 2023.2.1696910516
      ** Copyright 2017-2022 Xilinx, Inc. All Rights Reserved.
      ** Copyright 2022-2026 Advanced Micro Devices, Inc. All Rights Reserved.



open_hw_target
INFO: [Labtoolstcl 44-466] Opening hw_target localhost:3121/xilinx_tcf/Digilent/210203B707C6A
set_property PROGRAM.FILE {C:/Users/Kumar Lab/Desktop/Jasper/xilinx_rx/xilinx_rx.runs/impl_1/top.bit} [get_hw_devices xc7vx690t_0]
current_hw_device [get_hw_devices xc7vx690t_0]
refresh_hw_device -update_hw_probes false [lindex [get_hw_devices xc7vx690t_0] 0]
INFO: [Labtools 27-2302] Device xc7vx690t (JTAG device index = 0) is programmed with a design that has 1 ILA core(s).
INFO: [Labtools 27-2302] Device xc7vx690t (JTAG device index = 0) is programmed with a design that has 1 VIO core(s).
close_hw_target {localhost:3121/xilinx_tcf/Digilent/210203B707C6A}
INFO: [Labtoolstcl 44-464] Closing hw_target localhost:3121/xilinx_tcf/Digilent/210203B707C6A
open_hw_target {localhost:3121/xilinx_tcf/Digilent/210203B32C16A}
INFO: [Labtoolstcl 44-466] Opening hw_target localhost:3121/xilinx_tcf/Digilent/210203B32C16A
set_property PROGRAM.FILE {C:/Users/Kumar Lab/Desktop/Jasper/xilinx_rx/xilinx_rx.runs/impl_1/top.bit} [get_hw_devices xc7vx690t_0_1]
current_hw_device [get_hw_devices xc7vx690t_0_1]
refresh_hw_device -update_hw_probes false [lindex [get_hw_devices xc7vx690t_0_1] 0]
INFO: [Labtools 27-1434] Device xc7vx690t (JTAG device index = 0) is programmed with a design that has no supported debug core(s) in it.
set_property PROBES.FILE {} [get_hw_devices xc7vx690t_0_1]
set_property FULL_PROBES.FILE {} [get_hw_devices xc7vx690t_0_1]
set_property PROGRAM.FILE {C:/Users/Kumar Lab/Desktop/Jasper/xilinx_rx/xilinx_rx.runs/impl_1/top.bit} [get_hw_devices xc7vx690t_0_1]
program_hw_devices [get_hw_devices xc7vx690t_0_1]
INFO: [Labtools 27-3164] End of startup status: HIGH
refresh_hw_device [lindex [get_hw_devices xc7vx690t_0_1] 0]
INFO: [Labtools 27-1434] Device xc7vx690t (JTAG device index = 0) is programmed with a design that has no supported debug core(s) in it.
close_hw_manager
open_hw_manager
connect_hw_server -allow_non_jtag
INFO: [Labtools 27-2285] Connecting to hw_server url TCP:localhost:3121
INFO: [Labtools 27-2222] Launching hw_server...
INFO: [Labtools 27-2221] Launch Output:
ECHO is off.
ECHO is off.

****** Xilinx hw_server v2023.2
  **** Build date : Oct 13 2023 at 21:31:40
    ** Copyright 1986-2022 Xilinx, Inc. All Rights Reserved.


INFO: [Labtools 27-3415] Connecting to cs_server url TCP:localhost:0
INFO: [Labtools 27-3417] Launching cs_server...
INFO: [Labtools 27-2221] Launch Output:
ECHO is off.
ECHO is off.


******** Xilinx cs_server v2023.2.0
  ****** Build date   : Oct 09 2023-23:01:56
    **** Build number : 2023.2.1696910516
      ** Copyright 2017-2022 Xilinx, Inc. All Rights Reserved.
      ** Copyright 2022-2026 Advanced Micro Devices, Inc. All Rights Reserved.



open_hw_target
INFO: [Labtoolstcl 44-466] Opening hw_target localhost:3121/xilinx_tcf/Digilent/210203B707C6A
set_property PROGRAM.FILE {C:/Users/Kumar Lab/Desktop/Jasper/xilinx_rx/xilinx_rx.runs/impl_1/top.bit} [get_hw_devices xc7vx690t_0]
current_hw_device [get_hw_devices xc7vx690t_0]
refresh_hw_device -update_hw_probes false [lindex [get_hw_devices xc7vx690t_0] 0]
INFO: [Labtools 27-2302] Device xc7vx690t (JTAG device index = 0) is programmed with a design that has 1 ILA core(s).
INFO: [Labtools 27-2302] Device xc7vx690t (JTAG device index = 0) is programmed with a design that has 1 VIO core(s).
close_hw_target {localhost:3121/xilinx_tcf/Digilent/210203B707C6A}
INFO: [Labtoolstcl 44-464] Closing hw_target localhost:3121/xilinx_tcf/Digilent/210203B707C6A
open_hw_target {localhost:3121/xilinx_tcf/Digilent/210203B32C16A}
INFO: [Labtoolstcl 44-466] Opening hw_target localhost:3121/xilinx_tcf/Digilent/210203B32C16A
set_property PROGRAM.FILE {C:/Users/Kumar Lab/Desktop/Jasper/xilinx_rx/xilinx_rx.runs/impl_1/top.bit} [get_hw_devices xc7vx690t_0_1]
current_hw_device [get_hw_devices xc7vx690t_0_1]
refresh_hw_device -update_hw_probes false [lindex [get_hw_devices xc7vx690t_0_1] 0]
INFO: [Labtools 27-1435] Device xc7vx690t (JTAG device index = 0) is not programmed (DONE status = 0).
set_property PROBES.FILE {} [get_hw_devices xc7vx690t_0_1]
set_property FULL_PROBES.FILE {} [get_hw_devices xc7vx690t_0_1]
set_property PROGRAM.FILE {C:/Users/Kumar Lab/Desktop/Jasper/xilinx_rx/xilinx_rx.runs/impl_1/top.bit} [get_hw_devices xc7vx690t_0_1]
program_hw_devices [get_hw_devices xc7vx690t_0_1]
INFO: [Labtools 27-3164] End of startup status: HIGH
refresh_hw_device [lindex [get_hw_devices xc7vx690t_0_1] 0]
INFO: [Labtools 27-1434] Device xc7vx690t (JTAG device index = 0) is programmed with a design that has no supported debug core(s) in it.
refresh_hw_device [lindex [get_hw_devices xc7vx690t_0_1] 0]
INFO: [Labtools 27-1434] Device xc7vx690t (JTAG device index = 0) is programmed with a design that has no supported debug core(s) in it.
set_property PROBES.FILE {} [get_hw_devices xc7vx690t_0_1]
set_property FULL_PROBES.FILE {} [get_hw_devices xc7vx690t_0_1]
set_property PROGRAM.FILE {C:/Users/Kumar Lab/Desktop/Jasper/xilinx_rx/xilinx_rx.runs/impl_1/top.bit} [get_hw_devices xc7vx690t_0_1]
program_hw_devices [get_hw_devices xc7vx690t_0_1]
INFO: [Labtools 27-3164] End of startup status: HIGH
refresh_hw_device [lindex [get_hw_devices xc7vx690t_0_1] 0]
INFO: [Labtools 27-1434] Device xc7vx690t (JTAG device index = 0) is programmed with a design that has no supported debug core(s) in it.
set_property PROBES.FILE {} [get_hw_devices xc7vx690t_0_1]
set_property FULL_PROBES.FILE {} [get_hw_devices xc7vx690t_0_1]
set_property PROGRAM.FILE {C:/Users/Kumar Lab/Desktop/Jasper/xilinx_rx/xilinx_rx.runs/impl_1/top.bit} [get_hw_devices xc7vx690t_0_1]
program_hw_devices [get_hw_devices xc7vx690t_0_1]
INFO: [Labtools 27-3164] End of startup status: HIGH
refresh_hw_device [lindex [get_hw_devices xc7vx690t_0_1] 0]
INFO: [Labtools 27-1434] Device xc7vx690t (JTAG device index = 0) is programmed with a design that has no supported debug core(s) in it.
