Copyright 1986-2022 Xilinx, Inc. All Rights Reserved. Copyright 2022-2023 Advanced Micro Devices, Inc. All Rights Reserved.
-------------------------------------------------------------------------------------------------------------------------------------------------
| Tool Version     : Vivado v.2023.2 (win64) Build 4029153 Fri Oct 13 20:14:34 MDT 2023
| Date             : Thu Jul 23 12:42:29 2026
| Host             : ECE-OP7010PC2 running 64-bit major release  (build 9200)
| Command          : report_power -file top_power_routed.rpt -pb top_power_summary_routed.pb -rpx top_power_routed.rpx
| Design           : top
| Device           : xc7vx690tffg1761-2
| Design State     : routed
| Grade            : commercial
| Process          : typical
| Characterization : Production
-------------------------------------------------------------------------------------------------------------------------------------------------

Power Report

Table of Contents
-----------------
1. Summary
1.1 On-Chip Components
1.2 Power Supply Summary
1.3 Confidence Level
2. Settings
2.1 Environment
2.2 Clock Constraints
3. Detailed Reports
3.1 By Hierarchy

1. Summary
----------

+--------------------------+--------------+
| Total On-Chip Power (W)  | 0.897        |
| Design Power Budget (W)  | Unspecified* |
| Power Budget Margin (W)  | NA           |
| Dynamic (W)              | 0.529        |
| Device Static (W)        | 0.368        |
| Effective TJA (C/W)      | 1.1          |
| Max Ambient (C)          | 84.0         |
| Junction Temperature (C) | 26.0         |
| Confidence Level         | Medium       |
| Setting File             | ---          |
| Simulation Activity File | ---          |
| Design Nets Matched      | NA           |
+--------------------------+--------------+
* Specify Design Power Budget using, set_operating_conditions -design_power_budget <value in Watts>


1.1 On-Chip Components
----------------------

+--------------------------+-----------+----------+-----------+-----------------+
| On-Chip                  | Power (W) | Used     | Available | Utilization (%) |
+--------------------------+-----------+----------+-----------+-----------------+
| Clocks                   |     0.037 |        9 |       --- |             --- |
| Slice Logic              |     0.008 |     5090 |       --- |             --- |
|   LUT as Logic           |     0.004 |     1731 |    433200 |            0.40 |
|   LUT as Distributed RAM |     0.002 |       94 |    174200 |            0.05 |
|   Register               |    <0.001 |     2597 |    866400 |            0.30 |
|   CARRY4                 |    <0.001 |       66 |    108300 |            0.06 |
|   F7/F8 Muxes            |    <0.001 |        2 |    433200 |           <0.01 |
|   Others                 |     0.000 |      189 |       --- |             --- |
| Signals                  |     0.009 |     3759 |       --- |             --- |
| MMCM                     |     0.107 |        1 |        20 |            5.00 |
| I/O                      |     0.029 |       20 |       850 |            2.35 |
| GTH                      |     0.339 |        1 |       --- |             --- |
| Static Power             |     0.368 |          |           |                 |
| Total                    |     0.897 |          |           |                 |
+--------------------------+-----------+----------+-----------+-----------------+


1.2 Power Supply Summary
------------------------

+-----------+-------------+-----------+-------------+------------+-------------+-------------+------------+
| Source    | Voltage (V) | Total (A) | Dynamic (A) | Static (A) | Powerup (A) | Budget (A)  | Margin (A) |
+-----------+-------------+-----------+-------------+------------+-------------+-------------+------------+
| Vccint    |       1.000 |     0.296 |       0.103 |      0.193 |       NA    | Unspecified | NA         |
| Vccaux    |       1.800 |     0.116 |       0.063 |      0.053 |       NA    | Unspecified | NA         |
| Vcco33    |       3.300 |     0.000 |       0.000 |      0.000 |       NA    | Unspecified | NA         |
| Vcco25    |       2.500 |     0.000 |       0.000 |      0.000 |       NA    | Unspecified | NA         |
| Vcco18    |       1.800 |     0.013 |       0.012 |      0.001 |       NA    | Unspecified | NA         |
| Vcco15    |       1.500 |     0.000 |       0.000 |      0.000 |       NA    | Unspecified | NA         |
| Vcco135   |       1.350 |     0.000 |       0.000 |      0.000 |       NA    | Unspecified | NA         |
| Vcco12    |       1.200 |     0.000 |       0.000 |      0.000 |       NA    | Unspecified | NA         |
| Vccaux_io |       1.800 |     0.000 |       0.000 |      0.000 |       NA    | Unspecified | NA         |
| Vccbram   |       1.000 |     0.004 |       0.000 |      0.004 |       NA    | Unspecified | NA         |
| MGTAVcc   |       1.000 |     0.225 |       0.197 |      0.028 |       NA    | Unspecified | NA         |
| MGTAVtt   |       1.200 |     0.071 |       0.064 |      0.008 |       NA    | Unspecified | NA         |
| MGTVccaux |       1.800 |     0.010 |       0.010 |      0.000 |       NA    | Unspecified | NA         |
| MGTZVccl  |       1.075 |     0.000 |       0.000 |      0.000 |       NA    | Unspecified | NA         |
| MGTZAVcc  |       1.075 |     0.000 |       0.000 |      0.000 |       NA    | Unspecified | NA         |
| MGTZVcch  |       1.800 |     0.000 |       0.000 |      0.000 |       NA    | Unspecified | NA         |
| Vccadc    |       1.800 |     0.020 |       0.000 |      0.020 |       NA    | Unspecified | NA         |
+-----------+-------------+-----------+-------------+------------+-------------+-------------+------------+


1.3 Confidence Level
--------------------

+-----------------------------+------------+-------------------------------------------------------+------------------------------------------------------------------------------------------------------------+
| User Input Data             | Confidence | Details                                               | Action                                                                                                     |
+-----------------------------+------------+-------------------------------------------------------+------------------------------------------------------------------------------------------------------------+
| Design implementation state | High       | Design is routed                                      |                                                                                                            |
| Clock nodes activity        | High       | User specified more than 95% of clocks                |                                                                                                            |
| I/O nodes activity          | Medium     | More than 5% of inputs are missing user specification | Provide missing input activity with simulation results or by editing the "By Resource Type -> I/Os" view   |
| Internal nodes activity     | Medium     | User specified less than 25% of internal nodes        | Provide missing internal nodes activity with simulation results or by editing the "By Resource Type" views |
| Device models               | High       | Device models are Production                          |                                                                                                            |
|                             |            |                                                       |                                                                                                            |
| Overall confidence level    | Medium     |                                                       |                                                                                                            |
+-----------------------------+------------+-------------------------------------------------------+------------------------------------------------------------------------------------------------------------+


2. Settings
-----------

2.1 Environment
---------------

+-----------------------+--------------------------+
| Ambient Temp (C)      | 25.0                     |
| ThetaJA (C/W)         | 1.1                      |
| Airflow (LFM)         | 250                      |
| Heat Sink             | medium (Medium Profile)  |
| ThetaSA (C/W)         | 2.2                      |
| Board Selection       | medium (10"x10")         |
| # of Board Layers     | 12to15 (12 to 15 Layers) |
| Board Temperature (C) | 25.0                     |
+-----------------------+--------------------------+


2.2 Clock Constraints
---------------------

+------------------------------------------------------------------------------------------------------------------------+--------------------------------------------------------------------------------------------------------------------+-----------------+
| Clock                                                                                                                  | Domain                                                                                                             | Constraint (ns) |
+------------------------------------------------------------------------------------------------------------------------+--------------------------------------------------------------------------------------------------------------------+-----------------+
| clk_100_unbuffered                                                                                                     | system_clock_divider/clk_100_unbuffered                                                                            |            10.0 |
| clkfb_unbuffered                                                                                                       | system_clock_divider/clkfb_unbuffered                                                                              |             5.0 |
| gt_refclk_p                                                                                                            | gt_refclk_p                                                                                                        |             6.4 |
| pcs_pma/inst/ten_gig_eth_pcs_pma_block_i/gt0_gtwizard_10gbaser_multi_gt_i/gt0_gtwizard_gth_10gbaser_i/gthe2_i/RXOUTCLK | pcs_pma/inst/ten_gig_eth_pcs_pma_block_i/gt0_gtwizard_10gbaser_multi_gt_i/gt0_gtwizard_gth_10gbaser_i/rxrecclk_out |             3.1 |
| pcs_pma/inst/ten_gig_eth_pcs_pma_block_i/gt0_gtwizard_10gbaser_multi_gt_i/gt0_gtwizard_gth_10gbaser_i/gthe2_i/TXOUTCLK | pcs_pma/inst/ten_gig_eth_pcs_pma_block_i/gt0_gtwizard_10gbaser_multi_gt_i/gt0_gtwizard_gth_10gbaser_i/txoutclk     |             3.1 |
| si570_156m25                                                                                                           | user_clock_p                                                                                                       |             6.4 |
| sysclk_200                                                                                                             | sysclk_p                                                                                                           |             5.0 |
+------------------------------------------------------------------------------------------------------------------------+--------------------------------------------------------------------------------------------------------------------+-----------------+


3. Detailed Reports
-------------------

3.1 By Hierarchy
----------------

+----------------------------------------------------+-----------+
| Name                                               | Power (W) |
+----------------------------------------------------+-----------+
| top                                                |     0.529 |
|   pcs_pma                                          |     0.388 |
|     inst                                           |     0.388 |
|       ten_gig_eth_pcs_pma_block_i                  |     0.386 |
|       ten_gig_eth_pcs_pma_shared_clock_reset_block |     0.002 |
|   system_clock_divider                             |     0.110 |
+----------------------------------------------------+-----------+


