
*** Running vivado
    with args -log gtwizard_0.vds -m64 -product Vivado -mode batch -messageDb vivado.pb -notrace -source gtwizard_0.tcl


ECHO is off.
ECHO is off.

****** Vivado v2023.2 (64-bit)
  **** SW Build 4029153 on Fri Oct 13 20:14:34 MDT 2023
  **** IP Build 4028589 on Sat Oct 14 00:45:43 MDT 2023
  **** SharedData Build 4025554 on Tue Oct 10 17:18:54 MDT 2023
    ** Copyright 1986-2022 Xilinx, Inc. All Rights Reserved.
    ** Copyright 2022-2023 Advanced Micro Devices, Inc. All Rights Reserved.

source gtwizard_0.tcl -notrace
INFO: [IP_Flow 19-6924] IPCACHE: Running cache check for IP inst: gtwizard_0
Command: synth_design -top gtwizard_0 -part xc7vx690tffg1761-2 -incremental_mode off -mode out_of_context
Starting synth_design
Attempting to get a license for feature 'Synthesis' and/or device 'xc7vx690t'
INFO: [Common 17-349] Got license for feature 'Synthesis' and/or device 'xc7vx690t'
INFO: [Common 17-1540] The version limit for your license is '2024.06' and has expired for new software. A version limit expiration means that, although you may be able to continue to use the current version of tools or IP with this license, you will not be eligible for new releases.
INFO: [Device 21-403] Loading part xc7vx690tffg1761-2
INFO: [Synth 8-7079] Multithreading enabled for synth_design using a maximum of 2 processes.
INFO: [Synth 8-7078] Launching helper process for spawning children vivado processes
INFO: [Synth 8-7075] Helper process launched with PID 62640
---------------------------------------------------------------------------------
Starting RTL Elaboration : Time (s): cpu = 00:00:00 ; elapsed = 00:00:04 . Memory (MB): peak = 1539.953 ; gain = 438.719
---------------------------------------------------------------------------------
INFO: [Synth 8-6157] synthesizing module 'gtwizard_0' [c:/Users/Kumar Lab/Desktop/Jasper/xilinx_rx/xilinx_rx.gen/sources_1/ip/gtwizard_0/gtwizard_0.v:70]
INFO: [Synth 8-6157] synthesizing module 'gtwizard_0_init' [c:/Users/Kumar Lab/Desktop/Jasper/xilinx_rx/xilinx_rx.gen/sources_1/ip/gtwizard_0/gtwizard_0_init.v:70]
INFO: [Synth 8-6157] synthesizing module 'gtwizard_0_multi_gt' [c:/Users/Kumar Lab/Desktop/Jasper/xilinx_rx/xilinx_rx.gen/sources_1/ip/gtwizard_0/gtwizard_0_multi_gt.v:70]
INFO: [Synth 8-6157] synthesizing module 'gtwizard_0_GT' [c:/Users/Kumar Lab/Desktop/Jasper/xilinx_rx/xilinx_rx.gen/sources_1/ip/gtwizard_0/gtwizard_0_gt.v:71]
INFO: [Synth 8-6157] synthesizing module 'GTHE2_CHANNEL' [C:/Xilinx/Vivado/2023.2/scripts/rt/data/unisim_comp.v:43242]
INFO: [Synth 8-6155] done synthesizing module 'GTHE2_CHANNEL' (0#1) [C:/Xilinx/Vivado/2023.2/scripts/rt/data/unisim_comp.v:43242]
INFO: [Synth 8-6155] done synthesizing module 'gtwizard_0_GT' (0#1) [c:/Users/Kumar Lab/Desktop/Jasper/xilinx_rx/xilinx_rx.gen/sources_1/ip/gtwizard_0/gtwizard_0_gt.v:71]
INFO: [Synth 8-6155] done synthesizing module 'gtwizard_0_multi_gt' (0#1) [c:/Users/Kumar Lab/Desktop/Jasper/xilinx_rx/xilinx_rx.gen/sources_1/ip/gtwizard_0/gtwizard_0_multi_gt.v:70]
INFO: [Synth 8-6157] synthesizing module 'gtwizard_0_TX_STARTUP_FSM' [c:/Users/Kumar Lab/Desktop/Jasper/xilinx_rx/xilinx_rx.gen/sources_1/ip/gtwizard_0/gtwizard_0/example_design/gtwizard_0_tx_startup_fsm.v:94]
INFO: [Synth 8-6157] synthesizing module 'gtwizard_0_sync_block' [c:/Users/Kumar Lab/Desktop/Jasper/xilinx_rx/xilinx_rx.gen/sources_1/ip/gtwizard_0/gtwizard_0/example_design/gtwizard_0_sync_block.v:78]
INFO: [Synth 8-6157] synthesizing module 'FD' [C:/Xilinx/Vivado/2023.2/scripts/rt/data/unisim_comp.v:40764]
INFO: [Synth 8-6155] done synthesizing module 'FD' (0#1) [C:/Xilinx/Vivado/2023.2/scripts/rt/data/unisim_comp.v:40764]
INFO: [Synth 8-6155] done synthesizing module 'gtwizard_0_sync_block' (0#1) [c:/Users/Kumar Lab/Desktop/Jasper/xilinx_rx/xilinx_rx.gen/sources_1/ip/gtwizard_0/gtwizard_0/example_design/gtwizard_0_sync_block.v:78]
INFO: [Synth 8-6155] done synthesizing module 'gtwizard_0_TX_STARTUP_FSM' (0#1) [c:/Users/Kumar Lab/Desktop/Jasper/xilinx_rx/xilinx_rx.gen/sources_1/ip/gtwizard_0/gtwizard_0/example_design/gtwizard_0_tx_startup_fsm.v:94]
INFO: [Synth 8-6157] synthesizing module 'BUFG' [C:/Xilinx/Vivado/2023.2/scripts/rt/data/unisim_comp.v:1951]
INFO: [Synth 8-6155] done synthesizing module 'BUFG' (0#1) [C:/Xilinx/Vivado/2023.2/scripts/rt/data/unisim_comp.v:1951]
INFO: [Synth 8-6157] synthesizing module 'gtwizard_0_RX_STARTUP_FSM' [c:/Users/Kumar Lab/Desktop/Jasper/xilinx_rx/xilinx_rx.gen/sources_1/ip/gtwizard_0/gtwizard_0/example_design/gtwizard_0_rx_startup_fsm.v:94]
INFO: [Synth 8-6157] synthesizing module 'FDP' [C:/Xilinx/Vivado/2023.2/scripts/rt/data/unisim_comp.v:40932]
INFO: [Synth 8-6155] done synthesizing module 'FDP' (0#1) [C:/Xilinx/Vivado/2023.2/scripts/rt/data/unisim_comp.v:40932]
INFO: [Synth 8-6155] done synthesizing module 'gtwizard_0_RX_STARTUP_FSM' (0#1) [c:/Users/Kumar Lab/Desktop/Jasper/xilinx_rx/xilinx_rx.gen/sources_1/ip/gtwizard_0/gtwizard_0/example_design/gtwizard_0_rx_startup_fsm.v:94]
INFO: [Synth 8-6155] done synthesizing module 'gtwizard_0_init' (0#1) [c:/Users/Kumar Lab/Desktop/Jasper/xilinx_rx/xilinx_rx.gen/sources_1/ip/gtwizard_0/gtwizard_0_init.v:70]
INFO: [Synth 8-6155] done synthesizing module 'gtwizard_0' (0#1) [c:/Users/Kumar Lab/Desktop/Jasper/xilinx_rx/xilinx_rx.gen/sources_1/ip/gtwizard_0/gtwizard_0.v:70]
WARNING: [Synth 8-6014] Unused sequential element adapt_count_reg was removed.  [c:/Users/Kumar Lab/Desktop/Jasper/xilinx_rx/xilinx_rx.gen/sources_1/ip/gtwizard_0/gtwizard_0/example_design/gtwizard_0_rx_startup_fsm.v:376]
WARNING: [Synth 8-6014] Unused sequential element time_out_adapt_reg was removed.  [c:/Users/Kumar Lab/Desktop/Jasper/xilinx_rx/xilinx_rx.gen/sources_1/ip/gtwizard_0/gtwizard_0/example_design/gtwizard_0_rx_startup_fsm.v:377]
WARNING: [Synth 8-6014] Unused sequential element time_out_500us_reg was removed.  [c:/Users/Kumar Lab/Desktop/Jasper/xilinx_rx/xilinx_rx.gen/sources_1/ip/gtwizard_0/gtwizard_0/example_design/gtwizard_0_rx_startup_fsm.v:401]
WARNING: [Synth 8-6014] Unused sequential element pll_reset_asserted_reg was removed.  [c:/Users/Kumar Lab/Desktop/Jasper/xilinx_rx/xilinx_rx.gen/sources_1/ip/gtwizard_0/gtwizard_0/example_design/gtwizard_0_rx_startup_fsm.v:598]
WARNING: [Synth 8-6014] Unused sequential element adapt_count_reset_reg was removed.  [c:/Users/Kumar Lab/Desktop/Jasper/xilinx_rx/xilinx_rx.gen/sources_1/ip/gtwizard_0/gtwizard_0/example_design/gtwizard_0_rx_startup_fsm.v:605]
WARNING: [Synth 8-7129] Port QPLLREFCLKLOST in module gtwizard_0_RX_STARTUP_FSM is either unconnected or has no load
WARNING: [Synth 8-7129] Port CPLLREFCLKLOST in module gtwizard_0_RX_STARTUP_FSM is either unconnected or has no load
WARNING: [Synth 8-7129] Port CPLLREFCLKLOST in module gtwizard_0_TX_STARTUP_FSM is either unconnected or has no load
WARNING: [Synth 8-7129] Port gt0_rxuserrdy_in in module gtwizard_0_init is either unconnected or has no load
WARNING: [Synth 8-7129] Port gt0_gtrxreset_in in module gtwizard_0_init is either unconnected or has no load
WARNING: [Synth 8-7129] Port gt0_gttxreset_in in module gtwizard_0_init is either unconnected or has no load
WARNING: [Synth 8-7129] Port gt0_txuserrdy_in in module gtwizard_0_init is either unconnected or has no load
---------------------------------------------------------------------------------
Finished RTL Elaboration : Time (s): cpu = 00:00:00 ; elapsed = 00:00:05 . Memory (MB): peak = 1654.980 ; gain = 553.746
---------------------------------------------------------------------------------
---------------------------------------------------------------------------------
Start Handling Custom Attributes
---------------------------------------------------------------------------------
---------------------------------------------------------------------------------
Finished Handling Custom Attributes : Time (s): cpu = 00:00:00 ; elapsed = 00:00:05 . Memory (MB): peak = 1654.980 ; gain = 553.746
---------------------------------------------------------------------------------
---------------------------------------------------------------------------------
Finished RTL Optimization Phase 1 : Time (s): cpu = 00:00:00 ; elapsed = 00:00:05 . Memory (MB): peak = 1654.980 ; gain = 553.746
---------------------------------------------------------------------------------
Netlist sorting complete. Time (s): cpu = 00:00:00 ; elapsed = 00:00:00.011 . Memory (MB): peak = 1654.980 ; gain = 0.000
INFO: [Netlist 29-17] Analyzing 104 Unisim elements for replacement
INFO: [Netlist 29-28] Unisim Transformation completed in 0 CPU seconds
INFO: [Project 1-570] Preparing netlist for logic optimization

Processing XDC Constraints
Initializing timing engine
Parsing XDC File [c:/Users/Kumar Lab/Desktop/Jasper/xilinx_rx/xilinx_rx.gen/sources_1/ip/gtwizard_0/gtwizard_0_ooc.xdc] for cell 'inst'
Finished Parsing XDC File [c:/Users/Kumar Lab/Desktop/Jasper/xilinx_rx/xilinx_rx.gen/sources_1/ip/gtwizard_0/gtwizard_0_ooc.xdc] for cell 'inst'
Parsing XDC File [c:/Users/Kumar Lab/Desktop/Jasper/xilinx_rx/xilinx_rx.gen/sources_1/ip/gtwizard_0/gtwizard_0.xdc] for cell 'inst'
WARNING: [Vivado 12-2489] -period contains time 3.103030 which will be rounded to 3.103 to ensure it is an integer multiple of 1 picosecond [c:/Users/Kumar Lab/Desktop/Jasper/xilinx_rx/xilinx_rx.gen/sources_1/ip/gtwizard_0/gtwizard_0.xdc:72]
WARNING: [Vivado 12-2489] -period contains time 3.103030 which will be rounded to 3.103 to ensure it is an integer multiple of 1 picosecond [c:/Users/Kumar Lab/Desktop/Jasper/xilinx_rx/xilinx_rx.gen/sources_1/ip/gtwizard_0/gtwizard_0.xdc:75]
Finished Parsing XDC File [c:/Users/Kumar Lab/Desktop/Jasper/xilinx_rx/xilinx_rx.gen/sources_1/ip/gtwizard_0/gtwizard_0.xdc] for cell 'inst'
Parsing XDC File [C:/Users/Kumar Lab/Desktop/Jasper/xilinx_rx/xilinx_rx.runs/gtwizard_0_synth_1/dont_touch.xdc]
Finished Parsing XDC File [C:/Users/Kumar Lab/Desktop/Jasper/xilinx_rx/xilinx_rx.runs/gtwizard_0_synth_1/dont_touch.xdc]
Completed Processing XDC Constraints

Netlist sorting complete. Time (s): cpu = 00:00:00 ; elapsed = 00:00:00 . Memory (MB): peak = 1767.355 ; gain = 0.000
INFO: [Project 1-111] Unisim Transformation Summary:
  A total of 104 instances were transformed.
  FD => FDRE: 102 instances
  FDP => FDPE: 2 instances

Access is denied.
Constraint Validation Runtime : Time (s): cpu = 00:00:00 ; elapsed = 00:00:00.024 . Memory (MB): peak = 1767.375 ; gain = 0.020
INFO: [Designutils 20-5008] Incremental synthesis strategy off
---------------------------------------------------------------------------------
Finished Constraint Validation : Time (s): cpu = 00:00:02 ; elapsed = 00:00:12 . Memory (MB): peak = 1767.375 ; gain = 666.141
---------------------------------------------------------------------------------
---------------------------------------------------------------------------------
Start Loading Part and Timing Information
---------------------------------------------------------------------------------
Loading part: xc7vx690tffg1761-2
---------------------------------------------------------------------------------
Finished Loading Part and Timing Information : Time (s): cpu = 00:00:02 ; elapsed = 00:00:12 . Memory (MB): peak = 1767.375 ; gain = 666.141
---------------------------------------------------------------------------------
---------------------------------------------------------------------------------
Start Applying 'set_property' XDC Constraints
---------------------------------------------------------------------------------
Applied set_property KEEP_HIERARCHY = SOFT for inst. (constraint file  {C:/Users/Kumar Lab/Desktop/Jasper/xilinx_rx/xilinx_rx.runs/gtwizard_0_synth_1/dont_touch.xdc}, line 9).
---------------------------------------------------------------------------------
Finished applying 'set_property' XDC Constraints : Time (s): cpu = 00:00:02 ; elapsed = 00:00:12 . Memory (MB): peak = 1767.375 ; gain = 666.141
---------------------------------------------------------------------------------
INFO: [Synth 8-802] inferred FSM for state register 'tx_state_reg' in module 'gtwizard_0_TX_STARTUP_FSM'
INFO: [Synth 8-802] inferred FSM for state register 'rx_state_reg' in module 'gtwizard_0_RX_STARTUP_FSM'
---------------------------------------------------------------------------------------------------
                   State |                     New Encoding |                Previous Encoding 
---------------------------------------------------------------------------------------------------
                    INIT |                             0000 |                             0000
       ASSERT_ALL_RESETS |                             0001 |                             0001
       WAIT_FOR_PLL_LOCK |                             0010 |                             0010
       RELEASE_PLL_RESET |                             0011 |                             0011
       WAIT_FOR_TXOUTCLK |                             0100 |                             0100
      RELEASE_MMCM_RESET |                             0101 |                             0101
       WAIT_FOR_TXUSRCLK |                             0110 |                             0110
         WAIT_RESET_DONE |                             0111 |                             0111
      DO_PHASE_ALIGNMENT |                             1000 |                             1000
          RESET_FSM_DONE |                             1001 |                             1001
---------------------------------------------------------------------------------------------------
INFO: [Synth 8-3354] encoded FSM with state register 'tx_state_reg' using encoding 'sequential' in module 'gtwizard_0_TX_STARTUP_FSM'
---------------------------------------------------------------------------------------------------
                   State |                     New Encoding |                Previous Encoding 
---------------------------------------------------------------------------------------------------
                    INIT |                             0000 |                             0000
       ASSERT_ALL_RESETS |                             0001 |                             0001
       WAIT_FOR_PLL_LOCK |                             0010 |                             0010
       RELEASE_PLL_RESET |                             0011 |                             0011
    VERIFY_RECCLK_STABLE |                             0100 |                             0100
      RELEASE_MMCM_RESET |                             0101 |                             0101
       WAIT_FOR_RXUSRCLK |                             0110 |                             0110
         WAIT_RESET_DONE |                             0111 |                             0111
      DO_PHASE_ALIGNMENT |                             1000 |                             1000
      MONITOR_DATA_VALID |                             1001 |                             1001
                FSM_DONE |                             1010 |                             1010
---------------------------------------------------------------------------------------------------
INFO: [Synth 8-3354] encoded FSM with state register 'rx_state_reg' using encoding 'sequential' in module 'gtwizard_0_RX_STARTUP_FSM'
---------------------------------------------------------------------------------
Finished RTL Optimization Phase 2 : Time (s): cpu = 00:00:03 ; elapsed = 00:00:13 . Memory (MB): peak = 1767.375 ; gain = 666.141
---------------------------------------------------------------------------------
---------------------------------------------------------------------------------
Start RTL Component Statistics 
---------------------------------------------------------------------------------
Detailed RTL Component Info : 
+---Adders : 
	   2 Input   32 Bit       Adders := 1     
	   2 Input    8 Bit       Adders := 6     
	   2 Input    2 Bit       Adders := 1     
+---Registers : 
	               32 Bit    Registers := 1     
	                8 Bit    Registers := 6     
	                2 Bit    Registers := 1     
	                1 Bit    Registers := 45    
+---Muxes : 
	   2 Input   32 Bit        Muxes := 1     
	   2 Input    8 Bit        Muxes := 2     
	  10 Input    4 Bit        Muxes := 1     
	   2 Input    4 Bit        Muxes := 10    
	  11 Input    4 Bit        Muxes := 1     
	   2 Input    2 Bit        Muxes := 1     
	   2 Input    1 Bit        Muxes := 23    
	  10 Input    1 Bit        Muxes := 17    
	  11 Input    1 Bit        Muxes := 20    
---------------------------------------------------------------------------------
Finished RTL Component Statistics 
---------------------------------------------------------------------------------
---------------------------------------------------------------------------------
Start Part Resource Summary
---------------------------------------------------------------------------------
Part Resources:
DSPs: 3600 (col length:200)
BRAMs: 2940 (col length: RAMB18 200 RAMB36 100)
---------------------------------------------------------------------------------
Finished Part Resource Summary
---------------------------------------------------------------------------------
---------------------------------------------------------------------------------
Start Cross Boundary and Area Optimization
---------------------------------------------------------------------------------
WARNING: [Synth 8-7080] Parallel synthesis criteria is not met
WARNING: [Synth 8-7129] Port gt0_rxuserrdy_in in module gtwizard_0_init is either unconnected or has no load
WARNING: [Synth 8-7129] Port gt0_gtrxreset_in in module gtwizard_0_init is either unconnected or has no load
WARNING: [Synth 8-7129] Port gt0_gttxreset_in in module gtwizard_0_init is either unconnected or has no load
WARNING: [Synth 8-7129] Port gt0_txuserrdy_in in module gtwizard_0_init is either unconnected or has no load
INFO: [Synth 8-3332] Sequential element (gt0_txresetfsm_i/sync_cplllock/data_sync_reg1) is unused and will be removed from module gtwizard_0_init.
INFO: [Synth 8-3332] Sequential element (gt0_txresetfsm_i/sync_cplllock/data_sync_reg2) is unused and will be removed from module gtwizard_0_init.
INFO: [Synth 8-3332] Sequential element (gt0_txresetfsm_i/sync_cplllock/data_sync_reg3) is unused and will be removed from module gtwizard_0_init.
INFO: [Synth 8-3332] Sequential element (gt0_txresetfsm_i/sync_cplllock/data_sync_reg4) is unused and will be removed from module gtwizard_0_init.
INFO: [Synth 8-3332] Sequential element (gt0_txresetfsm_i/sync_cplllock/data_sync_reg5) is unused and will be removed from module gtwizard_0_init.
INFO: [Synth 8-3332] Sequential element (gt0_txresetfsm_i/sync_cplllock/data_sync_reg6) is unused and will be removed from module gtwizard_0_init.
INFO: [Synth 8-3332] Sequential element (gt0_rxresetfsm_i/sync_cplllock/data_sync_reg1) is unused and will be removed from module gtwizard_0_init.
INFO: [Synth 8-3332] Sequential element (gt0_rxresetfsm_i/sync_cplllock/data_sync_reg2) is unused and will be removed from module gtwizard_0_init.
INFO: [Synth 8-3332] Sequential element (gt0_rxresetfsm_i/sync_cplllock/data_sync_reg3) is unused and will be removed from module gtwizard_0_init.
INFO: [Synth 8-3332] Sequential element (gt0_rxresetfsm_i/sync_cplllock/data_sync_reg4) is unused and will be removed from module gtwizard_0_init.
INFO: [Synth 8-3332] Sequential element (gt0_rxresetfsm_i/sync_cplllock/data_sync_reg5) is unused and will be removed from module gtwizard_0_init.
INFO: [Synth 8-3332] Sequential element (gt0_rxresetfsm_i/sync_cplllock/data_sync_reg6) is unused and will be removed from module gtwizard_0_init.
---------------------------------------------------------------------------------
Finished Cross Boundary and Area Optimization : Time (s): cpu = 00:00:04 ; elapsed = 00:00:15 . Memory (MB): peak = 1767.375 ; gain = 666.141
---------------------------------------------------------------------------------
---------------------------------------------------------------------------------
Start Applying XDC Timing Constraints
---------------------------------------------------------------------------------
---------------------------------------------------------------------------------
Finished Applying XDC Timing Constraints : Time (s): cpu = 00:00:05 ; elapsed = 00:00:20 . Memory (MB): peak = 1767.375 ; gain = 666.141
---------------------------------------------------------------------------------
---------------------------------------------------------------------------------
Start Timing Optimization
---------------------------------------------------------------------------------
---------------------------------------------------------------------------------
Finished Timing Optimization : Time (s): cpu = 00:00:05 ; elapsed = 00:00:20 . Memory (MB): peak = 1767.375 ; gain = 666.141
---------------------------------------------------------------------------------
---------------------------------------------------------------------------------
Start Technology Mapping
---------------------------------------------------------------------------------
---------------------------------------------------------------------------------
Finished Technology Mapping : Time (s): cpu = 00:00:05 ; elapsed = 00:00:20 . Memory (MB): peak = 1767.375 ; gain = 666.141
---------------------------------------------------------------------------------
---------------------------------------------------------------------------------
Start IO Insertion
---------------------------------------------------------------------------------
---------------------------------------------------------------------------------
Start Flattening Before IO Insertion
---------------------------------------------------------------------------------
---------------------------------------------------------------------------------
Finished Flattening Before IO Insertion
---------------------------------------------------------------------------------
---------------------------------------------------------------------------------
Start Final Netlist Cleanup
---------------------------------------------------------------------------------
---------------------------------------------------------------------------------
Finished Final Netlist Cleanup
---------------------------------------------------------------------------------
---------------------------------------------------------------------------------
Finished IO Insertion : Time (s): cpu = 00:00:05 ; elapsed = 00:00:23 . Memory (MB): peak = 1767.375 ; gain = 666.141
---------------------------------------------------------------------------------
---------------------------------------------------------------------------------
Start Renaming Generated Instances
---------------------------------------------------------------------------------
---------------------------------------------------------------------------------
Finished Renaming Generated Instances : Time (s): cpu = 00:00:05 ; elapsed = 00:00:23 . Memory (MB): peak = 1767.375 ; gain = 666.141
---------------------------------------------------------------------------------
---------------------------------------------------------------------------------
Start Rebuilding User Hierarchy
---------------------------------------------------------------------------------
---------------------------------------------------------------------------------
Finished Rebuilding User Hierarchy : Time (s): cpu = 00:00:05 ; elapsed = 00:00:23 . Memory (MB): peak = 1767.375 ; gain = 666.141
---------------------------------------------------------------------------------
---------------------------------------------------------------------------------
Start Renaming Generated Ports
---------------------------------------------------------------------------------
---------------------------------------------------------------------------------
Finished Renaming Generated Ports : Time (s): cpu = 00:00:05 ; elapsed = 00:00:23 . Memory (MB): peak = 1767.375 ; gain = 666.141
---------------------------------------------------------------------------------
---------------------------------------------------------------------------------
Start Handling Custom Attributes
---------------------------------------------------------------------------------
---------------------------------------------------------------------------------
Finished Handling Custom Attributes : Time (s): cpu = 00:00:05 ; elapsed = 00:00:23 . Memory (MB): peak = 1767.375 ; gain = 666.141
---------------------------------------------------------------------------------
---------------------------------------------------------------------------------
Start Renaming Generated Nets
---------------------------------------------------------------------------------
---------------------------------------------------------------------------------
Finished Renaming Generated Nets : Time (s): cpu = 00:00:05 ; elapsed = 00:00:23 . Memory (MB): peak = 1767.375 ; gain = 666.141
---------------------------------------------------------------------------------
---------------------------------------------------------------------------------
Start Writing Synthesis Report
---------------------------------------------------------------------------------

Report BlackBoxes: 
+-+--------------+----------+
| |BlackBox name |Instances |
+-+--------------+----------+
+-+--------------+----------+

Report Cell Usage: 
+------+--------------+------+
|      |Cell          |Count |
+------+--------------+------+
|1     |BUFG          |     1|
|2     |CARRY4        |    35|
|3     |GTHE2_CHANNEL |     1|
|4     |LUT1          |    44|
|5     |LUT2          |    22|
|6     |LUT3          |    15|
|7     |LUT4          |    31|
|8     |LUT5          |    67|
|9     |LUT6          |    65|
|10    |FD            |    90|
|11    |FDCE          |    19|
|12    |FDP           |     2|
|13    |FDRE          |   177|
|14    |FDSE          |    13|
+------+--------------+------+
---------------------------------------------------------------------------------
Finished Writing Synthesis Report : Time (s): cpu = 00:00:05 ; elapsed = 00:00:23 . Memory (MB): peak = 1767.375 ; gain = 666.141
---------------------------------------------------------------------------------
Synthesis finished with 0 errors, 0 critical warnings and 5 warnings.
Synthesis Optimization Runtime : Time (s): cpu = 00:00:04 ; elapsed = 00:00:20 . Memory (MB): peak = 1767.375 ; gain = 553.746
Synthesis Optimization Complete : Time (s): cpu = 00:00:05 ; elapsed = 00:00:23 . Memory (MB): peak = 1767.375 ; gain = 666.141
INFO: [Project 1-571] Translating synthesized netlist
Netlist sorting complete. Time (s): cpu = 00:00:00 ; elapsed = 00:00:00.010 . Memory (MB): peak = 1767.375 ; gain = 0.000
INFO: [Netlist 29-17] Analyzing 127 Unisim elements for replacement
INFO: [Netlist 29-28] Unisim Transformation completed in 0 CPU seconds
INFO: [Project 1-570] Preparing netlist for logic optimization
INFO: [Opt 31-138] Pushed 0 inverter(s) to 0 load pin(s).
Netlist sorting complete. Time (s): cpu = 00:00:00 ; elapsed = 00:00:00 . Memory (MB): peak = 1767.375 ; gain = 0.000
INFO: [Project 1-111] Unisim Transformation Summary:
  A total of 92 instances were transformed.
  FD => FDRE: 90 instances
  FDP => FDPE: 2 instances

Access is denied.
Synth Design complete | Checksum: 72fd0cc3
INFO: [Common 17-83] Releasing license: Synthesis
57 Infos, 19 Warnings, 0 Critical Warnings and 0 Errors encountered.
synth_design completed successfully
INFO: [Common 17-600] The following parameters have non-default value.
tcl.statsThreshold
Write ShapeDB Complete: Time (s): cpu = 00:00:00 ; elapsed = 00:00:00.001 . Memory (MB): peak = 1767.375 ; gain = 0.000
INFO: [Common 17-1381] The checkpoint 'C:/Users/Kumar Lab/Desktop/Jasper/xilinx_rx/xilinx_rx.runs/gtwizard_0_synth_1/gtwizard_0.dcp' has been generated.
INFO: [Coretcl 2-1648] Added synthesis output to IP cache for IP gtwizard_0, cache-ID = bee2072f9180eddc
Write ShapeDB Complete: Time (s): cpu = 00:00:00 ; elapsed = 00:00:00.001 . Memory (MB): peak = 1767.375 ; gain = 0.000
INFO: [Common 17-1381] The checkpoint 'C:/Users/Kumar Lab/Desktop/Jasper/xilinx_rx/xilinx_rx.runs/gtwizard_0_synth_1/gtwizard_0.dcp' has been generated.
INFO: [runtcl-4] Executing : report_utilization -file gtwizard_0_utilization_synth.rpt -pb gtwizard_0_utilization_synth.pb
INFO: [Common 17-206] Exiting Vivado at Wed Jul 22 11:16:12 2026...
