
*** Running vivado
    with args -log top.vdi -applog -m64 -product Vivado -messageDb vivado.pb -mode batch -source top.tcl -notrace


ECHO is off.
ECHO is off.

****** Vivado v2023.2 (64-bit)
  **** SW Build 4029153 on Fri Oct 13 20:14:34 MDT 2023
  **** IP Build 4028589 on Sat Oct 14 00:45:43 MDT 2023
  **** SharedData Build 4025554 on Tue Oct 10 17:18:54 MDT 2023
    ** Copyright 1986-2022 Xilinx, Inc. All Rights Reserved.
    ** Copyright 2022-2023 Advanced Micro Devices, Inc. All Rights Reserved.

source top.tcl -notrace
create_project: Time (s): cpu = 00:00:04 ; elapsed = 00:00:05 . Memory (MB): peak = 473.648 ; gain = 176.555
Command: link_design -top top -part xc7vx690tffg1761-2
Design is defaulting to srcset: sources_1
Design is defaulting to constrset: constrs_1
INFO: [Device 21-403] Loading part xc7vx690tffg1761-2
INFO: [Project 1-454] Reading design checkpoint 'c:/Users/Kumar Lab/Desktop/Jasper/xilinx_rx/xilinx_rx.gen/sources_1/ip/ten_gig_eth_pcs_pma_0/ten_gig_eth_pcs_pma_0.dcp' for cell 'pcs_pma'
Netlist sorting complete. Time (s): cpu = 00:00:00 ; elapsed = 00:00:00.059 . Memory (MB): peak = 1125.957 ; gain = 0.000
INFO: [Netlist 29-17] Analyzing 143 Unisim elements for replacement
INFO: [Netlist 29-28] Unisim Transformation completed in 0 CPU seconds
INFO: [Project 1-479] Netlist was created with Vivado 2023.2
INFO: [Project 1-570] Preparing netlist for logic optimization
Parsing XDC File [c:/Users/Kumar Lab/Desktop/Jasper/xilinx_rx/xilinx_rx.gen/sources_1/ip/ten_gig_eth_pcs_pma_0/synth/ten_gig_eth_pcs_pma_0.xdc] for cell 'pcs_pma/inst'
INFO: [Timing 38-35] Done setting XDC timing constraints. [c:/Users/Kumar Lab/Desktop/Jasper/xilinx_rx/xilinx_rx.gen/sources_1/ip/ten_gig_eth_pcs_pma_0/synth/ten_gig_eth_pcs_pma_0.xdc:70]
all_fanout: Time (s): cpu = 00:00:02 ; elapsed = 00:00:15 . Memory (MB): peak = 2074.441 ; gain = 807.414
Finished Parsing XDC File [c:/Users/Kumar Lab/Desktop/Jasper/xilinx_rx/xilinx_rx.gen/sources_1/ip/ten_gig_eth_pcs_pma_0/synth/ten_gig_eth_pcs_pma_0.xdc] for cell 'pcs_pma/inst'
Parsing XDC File [C:/Users/Kumar Lab/Desktop/Jasper/xilinx_rx/xilinx_rx.srcs/constrs_1/new/vc709.xdc]
INFO: [Timing 38-2] Deriving generated clocks [C:/Users/Kumar Lab/Desktop/Jasper/xilinx_rx/xilinx_rx.srcs/constrs_1/new/vc709.xdc:68]
Finished Parsing XDC File [C:/Users/Kumar Lab/Desktop/Jasper/xilinx_rx/xilinx_rx.srcs/constrs_1/new/vc709.xdc]
Parsing XDC File [c:/Users/Kumar Lab/Desktop/Jasper/xilinx_rx/xilinx_rx.gen/sources_1/ip/ten_gig_eth_pcs_pma_0/synth/ten_gig_eth_pcs_pma_0_clocks.xdc] for cell 'pcs_pma/inst'
Finished Parsing XDC File [c:/Users/Kumar Lab/Desktop/Jasper/xilinx_rx/xilinx_rx.gen/sources_1/ip/ten_gig_eth_pcs_pma_0/synth/ten_gig_eth_pcs_pma_0_clocks.xdc] for cell 'pcs_pma/inst'
INFO: [Opt 31-138] Pushed 0 inverter(s) to 0 load pin(s).
INFO: [Project 1-1687] 2 scoped IP constraints or related sub-commands were skipped due to synthesis logic optimizations usually triggered by constant connectivity or unconnected output pins. To review the skipped constraints and messages, run the command 'set_param netlist.IPMsgFiltering false' before opening the design.
Netlist sorting complete. Time (s): cpu = 00:00:00 ; elapsed = 00:00:00.003 . Memory (MB): peak = 2074.441 ; gain = 0.000
INFO: [Project 1-111] Unisim Transformation Summary:
  A total of 26 instances were transformed.
  OBUFDS => OBUFDS: 1 instance 
  RAM32M => RAM32M (RAMD32(x6), RAMS32(x2)): 23 instances
  RAM32X1D => RAM32X1D (RAMD32(x2)): 2 instances

Access is denied.
11 Infos, 0 Warnings, 0 Critical Warnings and 0 Errors encountered.
link_design completed successfully
link_design: Time (s): cpu = 00:00:09 ; elapsed = 00:00:27 . Memory (MB): peak = 2074.441 ; gain = 1584.426
Command: opt_design
Attempting to get a license for feature 'Implementation' and/or device 'xc7vx690t'
INFO: [Common 17-349] Got license for feature 'Implementation' and/or device 'xc7vx690t'
INFO: [Common 17-1540] The version limit for your license is '2024.06' and has expired for new software. A version limit expiration means that, although you may be able to continue to use the current version of tools or IP with this license, you will not be eligible for new releases.
Running DRC as a precondition to command opt_design

Starting DRC Task
INFO: [DRC 23-27] Running DRC with 2 threads
INFO: [Project 1-461] DRC finished with 0 Errors
INFO: [Project 1-462] Please refer to the DRC report (report_drc) for more information.

Time (s): cpu = 00:00:01 ; elapsed = 00:00:02 . Memory (MB): peak = 2074.441 ; gain = 0.000

Starting Cache Timing Information Task
INFO: [Timing 38-35] Done setting XDC timing constraints.
Ending Cache Timing Information Task | Checksum: 16793f4c2

Time (s): cpu = 00:00:00 ; elapsed = 00:00:00.241 . Memory (MB): peak = 2074.441 ; gain = 0.000

Starting Logic Optimization Task

Phase 1 Initialization

Phase 1.1 Core Generation And Design Setup
Phase 1.1 Core Generation And Design Setup | Checksum: 16793f4c2

Time (s): cpu = 00:00:00 ; elapsed = 00:00:00.002 . Memory (MB): peak = 2411.516 ; gain = 0.000

Phase 1.2 Setup Constraints And Sort Netlist
Phase 1.2 Setup Constraints And Sort Netlist | Checksum: 16793f4c2

Time (s): cpu = 00:00:00 ; elapsed = 00:00:00.008 . Memory (MB): peak = 2411.516 ; gain = 0.000
Phase 1 Initialization | Checksum: 16793f4c2

Time (s): cpu = 00:00:00 ; elapsed = 00:00:00.009 . Memory (MB): peak = 2411.516 ; gain = 0.000

Phase 2 Timer Update And Timing Data Collection

Phase 2.1 Timer Update
Phase 2.1 Timer Update | Checksum: 16793f4c2

Time (s): cpu = 00:00:00 ; elapsed = 00:00:00.156 . Memory (MB): peak = 2411.516 ; gain = 0.000

Phase 2.2 Timing Data Collection
Phase 2.2 Timing Data Collection | Checksum: 16793f4c2

Time (s): cpu = 00:00:00 ; elapsed = 00:00:00.173 . Memory (MB): peak = 2411.516 ; gain = 0.000
Phase 2 Timer Update And Timing Data Collection | Checksum: 16793f4c2

Time (s): cpu = 00:00:00 ; elapsed = 00:00:00.174 . Memory (MB): peak = 2411.516 ; gain = 0.000

Phase 3 Retarget
INFO: [Opt 31-138] Pushed 1 inverter(s) to 1 load pin(s).
INFO: [Opt 31-49] Retargeted 0 cell(s).
Phase 3 Retarget | Checksum: 1b11326b1

Time (s): cpu = 00:00:00 ; elapsed = 00:00:00.416 . Memory (MB): peak = 2411.516 ; gain = 0.000
Retarget | Checksum: 1b11326b1
INFO: [Opt 31-389] Phase Retarget created 303 cells and removed 396 cells
INFO: [Opt 31-1021] In phase Retarget, 8 netlist objects are constrained preventing optimization. Please run opt_design with -debug_log to get more detail. 

Phase 4 Constant propagation
INFO: [Opt 31-138] Pushed 0 inverter(s) to 0 load pin(s).
Phase 4 Constant propagation | Checksum: 12fe43c24

Time (s): cpu = 00:00:00 ; elapsed = 00:00:00.495 . Memory (MB): peak = 2411.516 ; gain = 0.000
Constant propagation | Checksum: 12fe43c24
INFO: [Opt 31-389] Phase Constant propagation created 22 cells and removed 142 cells
INFO: [Opt 31-1021] In phase Constant propagation, 8 netlist objects are constrained preventing optimization. Please run opt_design with -debug_log to get more detail. 

Phase 5 Sweep
INFO: [Opt 31-120] Instance pcs_pma/inst/ten_gig_eth_pcs_pma_block_i/ten_gig_eth_pcs_pma_0_core/ten_gig_eth_pcs_pma_inst/G_IS_BASER.ten_gig_eth_pcs_pma_inst/BASER.ten_gig_eth_pcs_pma_inst/ebuff_gen.rx_elastic_buffer_i (ten_gig_eth_pcs_pma_0_ten_gig_eth_pcs_pma_v6_0_26_elastic_buffer_wrapper) has been optimized to an empty box cell during sweep but it has constraints that prevent its removal. Empty box cells do not impact the implementation flow but they have no functional relevance.
Resolution: If this is not expected, please check for DONT_TOUCH properties or timing constraint set on the empty box cell or on nets connected to the cell. If found, remove the relevant DONT_TOUCH property or timing constraint and re-run opt_design.
INFO: [Opt 31-120] Instance packet_monitor (xgmii_packet_monitor) has been optimized to an empty box cell during sweep but it has constraints that prevent its removal. Empty box cells do not impact the implementation flow but they have no functional relevance.
Resolution: If this is not expected, please check for DONT_TOUCH properties or timing constraint set on the empty box cell or on nets connected to the cell. If found, remove the relevant DONT_TOUCH property or timing constraint and re-run opt_design.
Phase 5 Sweep | Checksum: 148c79e51

Time (s): cpu = 00:00:01 ; elapsed = 00:00:00.935 . Memory (MB): peak = 2411.516 ; gain = 0.000
Sweep | Checksum: 148c79e51
INFO: [Opt 31-389] Phase Sweep created 0 cells and removed 2218 cells
INFO: [Opt 31-1021] In phase Sweep, 1073 netlist objects are constrained preventing optimization. Please run opt_design with -debug_log to get more detail. 

Phase 6 BUFG optimization
Phase 6 BUFG optimization | Checksum: 148c79e51

Time (s): cpu = 00:00:01 ; elapsed = 00:00:00.994 . Memory (MB): peak = 2411.516 ; gain = 0.000
BUFG optimization | Checksum: 148c79e51
INFO: [Opt 31-662] Phase BUFG optimization created 0 cells of which 0 are BUFGs and removed 0 cells.

Phase 7 Shift Register Optimization
INFO: [Opt 31-1064] SRL Remap converted 0 SRLs to 0 registers and converted 0 registers of register chains to 0 SRLs
Phase 7 Shift Register Optimization | Checksum: 148c79e51

Time (s): cpu = 00:00:01 ; elapsed = 00:00:00.999 . Memory (MB): peak = 2411.516 ; gain = 0.000
Shift Register Optimization | Checksum: 148c79e51
INFO: [Opt 31-389] Phase Shift Register Optimization created 0 cells and removed 0 cells

Phase 8 Post Processing Netlist
Phase 8 Post Processing Netlist | Checksum: 2146e6ade

Time (s): cpu = 00:00:01 ; elapsed = 00:00:01 . Memory (MB): peak = 2411.516 ; gain = 0.000
Post Processing Netlist | Checksum: 2146e6ade
INFO: [Opt 31-389] Phase Post Processing Netlist created 0 cells and removed 0 cells
INFO: [Opt 31-1021] In phase Post Processing Netlist, 1 netlist objects are constrained preventing optimization. Please run opt_design with -debug_log to get more detail. 

Phase 9 Finalization

Phase 9.1 Finalizing Design Cores and Updating Shapes
Phase 9.1 Finalizing Design Cores and Updating Shapes | Checksum: 16c1d4ad7

Time (s): cpu = 00:00:01 ; elapsed = 00:00:01 . Memory (MB): peak = 2411.516 ; gain = 0.000

Phase 9.2 Verifying Netlist Connectivity

Starting Connectivity Check Task

Time (s): cpu = 00:00:00 ; elapsed = 00:00:00.006 . Memory (MB): peak = 2411.516 ; gain = 0.000
Phase 9.2 Verifying Netlist Connectivity | Checksum: 16c1d4ad7

Time (s): cpu = 00:00:01 ; elapsed = 00:00:01 . Memory (MB): peak = 2411.516 ; gain = 0.000
Phase 9 Finalization | Checksum: 16c1d4ad7

Time (s): cpu = 00:00:01 ; elapsed = 00:00:01 . Memory (MB): peak = 2411.516 ; gain = 0.000
Opt_design Change Summary
=========================


-------------------------------------------------------------------------------------------------------------------------
|  Phase                        |  #Cells created  |  #Cells Removed  |  #Constrained objects preventing optimizations  |
-------------------------------------------------------------------------------------------------------------------------
|  Retarget                     |             303  |             396  |                                              8  |
|  Constant propagation         |              22  |             142  |                                              8  |
|  Sweep                        |               0  |            2218  |                                           1073  |
|  BUFG optimization            |               0  |               0  |                                              0  |
|  Shift Register Optimization  |               0  |               0  |                                              0  |
|  Post Processing Netlist      |               0  |               0  |                                              1  |
-------------------------------------------------------------------------------------------------------------------------


Ending Logic Optimization Task | Checksum: 16c1d4ad7

Time (s): cpu = 00:00:01 ; elapsed = 00:00:01 . Memory (MB): peak = 2411.516 ; gain = 0.000
INFO: [Constraints 18-11670] Building netlist checker database with flags, 0x8
Done building netlist checker database: Time (s): cpu = 00:00:00 ; elapsed = 00:00:00.002 . Memory (MB): peak = 2411.516 ; gain = 0.000

Starting Power Optimization Task
INFO: [Pwropt 34-132] Skipping clock gating for clocks with a period < 2.00 ns.
Ending Power Optimization Task | Checksum: 16c1d4ad7

Time (s): cpu = 00:00:00 ; elapsed = 00:00:00.014 . Memory (MB): peak = 2411.516 ; gain = 0.000

Starting Final Cleanup Task
Ending Final Cleanup Task | Checksum: 16c1d4ad7

Time (s): cpu = 00:00:00 ; elapsed = 00:00:00.001 . Memory (MB): peak = 2411.516 ; gain = 0.000

Starting Netlist Obfuscation Task
Netlist sorting complete. Time (s): cpu = 00:00:00 ; elapsed = 00:00:00.002 . Memory (MB): peak = 2411.516 ; gain = 0.000
Ending Netlist Obfuscation Task | Checksum: 16c1d4ad7

Time (s): cpu = 00:00:00 ; elapsed = 00:00:00.002 . Memory (MB): peak = 2411.516 ; gain = 0.000
INFO: [Common 17-83] Releasing license: Implementation
36 Infos, 0 Warnings, 0 Critical Warnings and 0 Errors encountered.
opt_design completed successfully
opt_design: Time (s): cpu = 00:00:02 ; elapsed = 00:00:07 . Memory (MB): peak = 2411.516 ; gain = 337.074
INFO: [runtcl-4] Executing : report_drc -file top_drc_opted.rpt -pb top_drc_opted.pb -rpx top_drc_opted.rpx
Command: report_drc -file top_drc_opted.rpt -pb top_drc_opted.pb -rpx top_drc_opted.rpx
INFO: [IP_Flow 19-1839] IP Catalog is up to date.
INFO: [DRC 23-27] Running DRC with 2 threads
INFO: [Vivado_Tcl 2-168] The results of DRC are in file C:/Users/Kumar Lab/Desktop/Jasper/xilinx_rx/xilinx_rx.runs/impl_1/top_drc_opted.rpt.
report_drc completed successfully
INFO: [Timing 38-35] Done setting XDC timing constraints.
INFO: [Timing 38-480] Writing timing data to binary archive.
Write ShapeDB Complete: Time (s): cpu = 00:00:00 ; elapsed = 00:00:00.008 . Memory (MB): peak = 2421.664 ; gain = 0.000
Wrote PlaceDB: Time (s): cpu = 00:00:00 ; elapsed = 00:00:00.007 . Memory (MB): peak = 2430.812 ; gain = 9.148
Wrote PulsedLatchDB: Time (s): cpu = 00:00:00 ; elapsed = 00:00:00.001 . Memory (MB): peak = 2430.812 ; gain = 0.000
Writing XDEF routing.
Writing XDEF routing logical nets.
Writing XDEF routing special nets.
Wrote RouteStorage: Time (s): cpu = 00:00:00 ; elapsed = 00:00:00.073 . Memory (MB): peak = 2430.812 ; gain = 0.000
Wrote Netlist Cache: Time (s): cpu = 00:00:00 ; elapsed = 00:00:00 . Memory (MB): peak = 2430.812 ; gain = 0.000
Wrote Device Cache: Time (s): cpu = 00:00:01 ; elapsed = 00:00:00.023 . Memory (MB): peak = 2430.812 ; gain = 0.000
Write Physdb Complete: Time (s): cpu = 00:00:01 ; elapsed = 00:00:00.129 . Memory (MB): peak = 2430.812 ; gain = 9.148
INFO: [Common 17-1381] The checkpoint 'C:/Users/Kumar Lab/Desktop/Jasper/xilinx_rx/xilinx_rx.runs/impl_1/top_opt.dcp' has been generated.
Command: place_design
Attempting to get a license for feature 'Implementation' and/or device 'xc7vx690t'
INFO: [Common 17-349] Got license for feature 'Implementation' and/or device 'xc7vx690t'
INFO: [Common 17-1540] The version limit for your license is '2024.06' and has expired for new software. A version limit expiration means that, although you may be able to continue to use the current version of tools or IP with this license, you will not be eligible for new releases.
INFO: [Common 17-83] Releasing license: Implementation
INFO: [DRC 23-27] Running DRC with 2 threads
INFO: [Vivado_Tcl 4-198] DRC finished with 0 Errors, 2 Warnings
INFO: [Vivado_Tcl 4-199] Please refer to the DRC report (report_drc) for more information.
Running DRC as a precondition to command place_design
INFO: [DRC 23-27] Running DRC with 2 threads
INFO: [Vivado_Tcl 4-198] DRC finished with 0 Errors
INFO: [Vivado_Tcl 4-199] Please refer to the DRC report (report_drc) for more information.
INFO: [Place 30-611] Multithreading enabled for place_design using a maximum of 2 CPUs

Starting Placer Task

Phase 1 Placer Initialization

Phase 1.1 Placer Initialization Netlist Sorting
Netlist sorting complete. Time (s): cpu = 00:00:00 ; elapsed = 00:00:00.002 . Memory (MB): peak = 2431.012 ; gain = 0.000
Phase 1.1 Placer Initialization Netlist Sorting | Checksum: fb592a7c

Time (s): cpu = 00:00:00 ; elapsed = 00:00:00.005 . Memory (MB): peak = 2431.012 ; gain = 0.000
Netlist sorting complete. Time (s): cpu = 00:00:00 ; elapsed = 00:00:00.002 . Memory (MB): peak = 2431.012 ; gain = 0.000

Phase 1.2 IO Placement/ Clock Placement/ Build Placer Device
Phase 1.2 IO Placement/ Clock Placement/ Build Placer Device | Checksum: 1a09125cc

Time (s): cpu = 00:00:01 ; elapsed = 00:00:02 . Memory (MB): peak = 2440.848 ; gain = 9.836

Phase 1.3 Build Placer Netlist Model
Phase 1.3 Build Placer Netlist Model | Checksum: 1ee2a97fa

Time (s): cpu = 00:00:01 ; elapsed = 00:00:03 . Memory (MB): peak = 2464.316 ; gain = 33.305

Phase 1.4 Constrain Clocks/Macros
Phase 1.4 Constrain Clocks/Macros | Checksum: 1ee2a97fa

Time (s): cpu = 00:00:01 ; elapsed = 00:00:03 . Memory (MB): peak = 2464.316 ; gain = 33.305
Phase 1 Placer Initialization | Checksum: 1ee2a97fa

Time (s): cpu = 00:00:01 ; elapsed = 00:00:03 . Memory (MB): peak = 2464.316 ; gain = 33.305

Phase 2 Global Placement

Phase 2.1 Floorplanning
Phase 2.1 Floorplanning | Checksum: 29de01122

Time (s): cpu = 00:00:01 ; elapsed = 00:00:03 . Memory (MB): peak = 2464.316 ; gain = 33.305

Phase 2.2 Update Timing before SLR Path Opt
Phase 2.2 Update Timing before SLR Path Opt | Checksum: 2103981ee

Time (s): cpu = 00:00:01 ; elapsed = 00:00:03 . Memory (MB): peak = 2464.316 ; gain = 33.305

Phase 2.3 Post-Processing in Floorplanning
Phase 2.3 Post-Processing in Floorplanning | Checksum: 2103981ee

Time (s): cpu = 00:00:01 ; elapsed = 00:00:03 . Memory (MB): peak = 2464.316 ; gain = 33.305

Phase 2.4 Global Placement Core

Phase 2.4.1 UpdateTiming Before Physical Synthesis
Phase 2.4.1 UpdateTiming Before Physical Synthesis | Checksum: 212037b9b

Time (s): cpu = 00:00:02 ; elapsed = 00:00:06 . Memory (MB): peak = 2502.504 ; gain = 71.492

Phase 2.4.2 Physical Synthesis In Placer
INFO: [Physopt 32-1035] Found 0 LUTNM shape to break, 223 LUT instances to create LUTNM shape
INFO: [Physopt 32-1044] Break lutnm for timing: one critical 0, two critical 0, total 0, new lutff created 0
INFO: [Physopt 32-1138] End 1 Pass. Optimized 104 nets or LUTs. Breaked 0 LUT, combined 104 existing LUTs and moved 0 existing LUT
INFO: [Physopt 32-65] No nets found for high-fanout optimization.
INFO: [Physopt 32-232] Optimized 0 net. Created 0 new instance.
INFO: [Physopt 32-775] End 1 Pass. Optimized 0 net or cell. Created 0 new cell, deleted 0 existing cell and moved 0 existing cell
INFO: [Physopt 32-670] No setup violation found.  DSP Register Optimization was not performed.
INFO: [Physopt 32-670] No setup violation found.  Shift Register to Pipeline Optimization was not performed.
INFO: [Physopt 32-670] No setup violation found.  Shift Register Optimization was not performed.
INFO: [Physopt 32-670] No setup violation found.  BRAM Register Optimization was not performed.
INFO: [Physopt 32-670] No setup violation found.  URAM Register Optimization was not performed.
INFO: [Physopt 32-949] No candidate nets found for dynamic/static region interface net replication
INFO: [Physopt 32-775] End 1 Pass. Optimized 0 net or cell. Created 0 new cell, deleted 0 existing cell and moved 0 existing cell
Netlist sorting complete. Time (s): cpu = 00:00:00 ; elapsed = 00:00:00.002 . Memory (MB): peak = 2502.504 ; gain = 0.000

Summary of Physical Synthesis Optimizations
============================================


-----------------------------------------------------------------------------------------------------------------------------------------------------------
|  Optimization                                     |  Added Cells  |  Removed Cells  |  Optimized Cells/Nets  |  Dont Touch  |  Iterations  |  Elapsed   |
-----------------------------------------------------------------------------------------------------------------------------------------------------------
|  LUT Combining                                    |            0  |            104  |                   104  |           0  |           1  |  00:00:00  |
|  Retime                                           |            0  |              0  |                     0  |           0  |           1  |  00:00:00  |
|  Very High Fanout                                 |            0  |              0  |                     0  |           0  |           1  |  00:00:00  |
|  DSP Register                                     |            0  |              0  |                     0  |           0  |           0  |  00:00:00  |
|  Shift Register to Pipeline                       |            0  |              0  |                     0  |           0  |           0  |  00:00:00  |
|  Shift Register                                   |            0  |              0  |                     0  |           0  |           0  |  00:00:00  |
|  BRAM Register                                    |            0  |              0  |                     0  |           0  |           0  |  00:00:00  |
|  URAM Register                                    |            0  |              0  |                     0  |           0  |           0  |  00:00:00  |
|  Dynamic/Static Region Interface Net Replication  |            0  |              0  |                     0  |           0  |           1  |  00:00:00  |
|  Total                                            |            0  |            104  |                   104  |           0  |           4  |  00:00:00  |
-----------------------------------------------------------------------------------------------------------------------------------------------------------


Phase 2.4.2 Physical Synthesis In Placer | Checksum: 1c6d23243

Time (s): cpu = 00:00:02 ; elapsed = 00:00:07 . Memory (MB): peak = 2502.504 ; gain = 71.492
Phase 2.4 Global Placement Core | Checksum: 1f517a920

Time (s): cpu = 00:00:03 ; elapsed = 00:00:08 . Memory (MB): peak = 2502.504 ; gain = 71.492
Phase 2 Global Placement | Checksum: 1f517a920

Time (s): cpu = 00:00:03 ; elapsed = 00:00:08 . Memory (MB): peak = 2502.504 ; gain = 71.492

Phase 3 Detail Placement

Phase 3.1 Commit Multi Column Macros
Phase 3.1 Commit Multi Column Macros | Checksum: 173c8466a

Time (s): cpu = 00:00:03 ; elapsed = 00:00:08 . Memory (MB): peak = 2502.504 ; gain = 71.492

Phase 3.2 Commit Most Macros & LUTRAMs
Phase 3.2 Commit Most Macros & LUTRAMs | Checksum: c44f6676

Time (s): cpu = 00:00:03 ; elapsed = 00:00:08 . Memory (MB): peak = 2502.504 ; gain = 71.492

Phase 3.3 Area Swap Optimization
Phase 3.3 Area Swap Optimization | Checksum: 1188665a0

Time (s): cpu = 00:00:03 ; elapsed = 00:00:08 . Memory (MB): peak = 2502.504 ; gain = 71.492

Phase 3.4 Pipeline Register Optimization
Phase 3.4 Pipeline Register Optimization | Checksum: f005280f

Time (s): cpu = 00:00:03 ; elapsed = 00:00:09 . Memory (MB): peak = 2502.504 ; gain = 71.492

Phase 3.5 Small Shape Detail Placement
Phase 3.5 Small Shape Detail Placement | Checksum: 1b73df50b

Time (s): cpu = 00:00:03 ; elapsed = 00:00:11 . Memory (MB): peak = 2509.691 ; gain = 78.680

Phase 3.6 Re-assign LUT pins
Phase 3.6 Re-assign LUT pins | Checksum: 20b5a6aac

Time (s): cpu = 00:00:03 ; elapsed = 00:00:11 . Memory (MB): peak = 2509.691 ; gain = 78.680

Phase 3.7 Pipeline Register Optimization
Phase 3.7 Pipeline Register Optimization | Checksum: 80bf141a

Time (s): cpu = 00:00:03 ; elapsed = 00:00:11 . Memory (MB): peak = 2509.691 ; gain = 78.680
Phase 3 Detail Placement | Checksum: 80bf141a

Time (s): cpu = 00:00:03 ; elapsed = 00:00:11 . Memory (MB): peak = 2509.691 ; gain = 78.680

Phase 4 Post Placement Optimization and Clean-Up

Phase 4.1 Post Commit Optimization
INFO: [Timing 38-35] Done setting XDC timing constraints.

Phase 4.1.1 Post Placement Optimization
Post Placement Optimization Initialization | Checksum: 1d2661b35

Phase 4.1.1.1 BUFG Insertion

Starting Physical Synthesis Task

Phase 1 Physical Synthesis Initialization
INFO: [Physopt 32-721] Multithreading enabled for phys_opt_design using a maximum of 2 CPUs
INFO: [Physopt 32-619] Estimated Timing Summary | WNS=0.022 | TNS=0.000 |
Phase 1 Physical Synthesis Initialization | Checksum: 14bda3d54

Time (s): cpu = 00:00:01 ; elapsed = 00:00:00.245 . Memory (MB): peak = 2575.934 ; gain = 0.000
INFO: [Place 46-56] BUFG insertion identified 0 candidate nets. Inserted BUFG: 0, Replicated BUFG Driver: 0, Skipped due to Placement/Routing Conflicts: 0, Skipped due to Timing Degradation: 0, Skipped due to netlist editing failed: 0.
Ending Physical Synthesis Task | Checksum: 14bda3d54

Time (s): cpu = 00:00:01 ; elapsed = 00:00:00.282 . Memory (MB): peak = 2575.934 ; gain = 0.000
Phase 4.1.1.1 BUFG Insertion | Checksum: 1d2661b35

Time (s): cpu = 00:00:04 ; elapsed = 00:00:13 . Memory (MB): peak = 2575.934 ; gain = 144.922

Phase 4.1.1.2 Post Placement Timing Optimization
INFO: [Place 30-746] Post Placement Timing Summary WNS=0.331. For the most accurate timing information please run report_timing.
Phase 4.1.1.2 Post Placement Timing Optimization | Checksum: 1c0f32ae2

Time (s): cpu = 00:00:07 ; elapsed = 00:00:22 . Memory (MB): peak = 2575.934 ; gain = 144.922

Time (s): cpu = 00:00:07 ; elapsed = 00:00:22 . Memory (MB): peak = 2575.934 ; gain = 144.922
Phase 4.1 Post Commit Optimization | Checksum: 1c0f32ae2

Time (s): cpu = 00:00:07 ; elapsed = 00:00:22 . Memory (MB): peak = 2575.934 ; gain = 144.922

Phase 4.2 Post Placement Cleanup
Phase 4.2 Post Placement Cleanup | Checksum: 1c0f32ae2

Time (s): cpu = 00:00:07 ; elapsed = 00:00:22 . Memory (MB): peak = 2575.934 ; gain = 144.922

Phase 4.3 Placer Reporting

Phase 4.3.1 Print Estimated Congestion
INFO: [Place 30-612] Post-Placement Estimated Congestion 
 ____________________________________________________
|           | Global Congestion | Short Congestion  |
| Direction | Region Size       | Region Size       |
|___________|___________________|___________________|
|      North|                1x1|                1x1|
|___________|___________________|___________________|
|      South|                1x1|                1x1|
|___________|___________________|___________________|
|       East|                1x1|                1x1|
|___________|___________________|___________________|
|       West|                1x1|                1x1|
|___________|___________________|___________________|

Phase 4.3.1 Print Estimated Congestion | Checksum: 1c0f32ae2

Time (s): cpu = 00:00:07 ; elapsed = 00:00:22 . Memory (MB): peak = 2575.934 ; gain = 144.922
Phase 4.3 Placer Reporting | Checksum: 1c0f32ae2

Time (s): cpu = 00:00:07 ; elapsed = 00:00:22 . Memory (MB): peak = 2575.934 ; gain = 144.922

Phase 4.4 Final Placement Cleanup
Netlist sorting complete. Time (s): cpu = 00:00:00 ; elapsed = 00:00:00.001 . Memory (MB): peak = 2575.934 ; gain = 0.000

Time (s): cpu = 00:00:07 ; elapsed = 00:00:22 . Memory (MB): peak = 2575.934 ; gain = 144.922
Phase 4 Post Placement Optimization and Clean-Up | Checksum: 1925e573f

Time (s): cpu = 00:00:07 ; elapsed = 00:00:22 . Memory (MB): peak = 2575.934 ; gain = 144.922
Ending Placer Task | Checksum: 18aba33d1

Time (s): cpu = 00:00:07 ; elapsed = 00:00:22 . Memory (MB): peak = 2575.934 ; gain = 144.922
72 Infos, 0 Warnings, 0 Critical Warnings and 0 Errors encountered.
place_design completed successfully
place_design: Time (s): cpu = 00:00:07 ; elapsed = 00:00:24 . Memory (MB): peak = 2575.934 ; gain = 145.121
INFO: [runtcl-4] Executing : report_io -file top_io_placed.rpt
report_io: Time (s): cpu = 00:00:00 ; elapsed = 00:00:00.153 . Memory (MB): peak = 2575.934 ; gain = 0.000
INFO: [runtcl-4] Executing : report_utilization -file top_utilization_placed.rpt -pb top_utilization_placed.pb
INFO: [runtcl-4] Executing : report_control_sets -verbose -file top_control_sets_placed.rpt
report_control_sets: Time (s): cpu = 00:00:00 ; elapsed = 00:00:00.010 . Memory (MB): peak = 2575.934 ; gain = 0.000
INFO: [Timing 38-480] Writing timing data to binary archive.
Write ShapeDB Complete: Time (s): cpu = 00:00:00 ; elapsed = 00:00:00.007 . Memory (MB): peak = 2575.934 ; gain = 0.000
Wrote PlaceDB: Time (s): cpu = 00:00:00 ; elapsed = 00:00:00.138 . Memory (MB): peak = 2575.934 ; gain = 0.000
Wrote PulsedLatchDB: Time (s): cpu = 00:00:00 ; elapsed = 00:00:00 . Memory (MB): peak = 2575.934 ; gain = 0.000
Writing XDEF routing.
Writing XDEF routing logical nets.
Writing XDEF routing special nets.
Wrote RouteStorage: Time (s): cpu = 00:00:00 ; elapsed = 00:00:00.037 . Memory (MB): peak = 2575.934 ; gain = 0.000
Wrote Netlist Cache: Time (s): cpu = 00:00:00 ; elapsed = 00:00:00.004 . Memory (MB): peak = 2575.934 ; gain = 0.000
Wrote Device Cache: Time (s): cpu = 00:00:00 ; elapsed = 00:00:00.014 . Memory (MB): peak = 2575.934 ; gain = 0.000
Write Physdb Complete: Time (s): cpu = 00:00:00 ; elapsed = 00:00:00.206 . Memory (MB): peak = 2575.934 ; gain = 0.000
INFO: [Common 17-1381] The checkpoint 'C:/Users/Kumar Lab/Desktop/Jasper/xilinx_rx/xilinx_rx.runs/impl_1/top_placed.dcp' has been generated.
Command: phys_opt_design
Attempting to get a license for feature 'Implementation' and/or device 'xc7vx690t'
INFO: [Common 17-349] Got license for feature 'Implementation' and/or device 'xc7vx690t'
INFO: [Common 17-1540] The version limit for your license is '2024.06' and has expired for new software. A version limit expiration means that, although you may be able to continue to use the current version of tools or IP with this license, you will not be eligible for new releases.

Starting Initial Update Timing Task

Time (s): cpu = 00:00:00 ; elapsed = 00:00:00.268 . Memory (MB): peak = 2575.934 ; gain = 0.000
INFO: [Vivado_Tcl 4-383] Design worst setup slack (WNS) is greater than or equal to 0.000 ns. Skipping all physical synthesis optimizations.
INFO: [Vivado_Tcl 4-232] No setup violation found. The netlist was not modified.
INFO: [Common 17-83] Releasing license: Implementation
82 Infos, 0 Warnings, 0 Critical Warnings and 0 Errors encountered.
phys_opt_design completed successfully
INFO: [Timing 38-480] Writing timing data to binary archive.
Write ShapeDB Complete: Time (s): cpu = 00:00:00 ; elapsed = 00:00:00.009 . Memory (MB): peak = 2575.934 ; gain = 0.000
Wrote PlaceDB: Time (s): cpu = 00:00:01 ; elapsed = 00:00:00.144 . Memory (MB): peak = 2575.934 ; gain = 0.000
Wrote PulsedLatchDB: Time (s): cpu = 00:00:00 ; elapsed = 00:00:00 . Memory (MB): peak = 2575.934 ; gain = 0.000
Writing XDEF routing.
Writing XDEF routing logical nets.
Writing XDEF routing special nets.
Wrote RouteStorage: Time (s): cpu = 00:00:00 ; elapsed = 00:00:00.040 . Memory (MB): peak = 2575.934 ; gain = 0.000
Wrote Netlist Cache: Time (s): cpu = 00:00:00 ; elapsed = 00:00:00.004 . Memory (MB): peak = 2575.934 ; gain = 0.000
Wrote Device Cache: Time (s): cpu = 00:00:00 ; elapsed = 00:00:00.015 . Memory (MB): peak = 2575.934 ; gain = 0.000
Write Physdb Complete: Time (s): cpu = 00:00:01 ; elapsed = 00:00:00.218 . Memory (MB): peak = 2575.934 ; gain = 0.000
INFO: [Common 17-1381] The checkpoint 'C:/Users/Kumar Lab/Desktop/Jasper/xilinx_rx/xilinx_rx.runs/impl_1/top_physopt.dcp' has been generated.
Command: route_design
Attempting to get a license for feature 'Implementation' and/or device 'xc7vx690t'
INFO: [Common 17-349] Got license for feature 'Implementation' and/or device 'xc7vx690t'
INFO: [Common 17-1540] The version limit for your license is '2024.06' and has expired for new software. A version limit expiration means that, although you may be able to continue to use the current version of tools or IP with this license, you will not be eligible for new releases.
Running DRC as a precondition to command route_design
INFO: [DRC 23-27] Running DRC with 2 threads
INFO: [Vivado_Tcl 4-198] DRC finished with 0 Errors
INFO: [Vivado_Tcl 4-199] Please refer to the DRC report (report_drc) for more information.


Starting Routing Task
INFO: [Route 35-254] Multithreading enabled for route_design using a maximum of 8 CPUs

Phase 1 Build RT Design
Checksum: PlaceDB: e6d3692e ConstDB: 0 ShapeSum: a3e6caa3 RouteDB: 0
Post Restoration Checksum: NetGraph: bea98a97 | NumContArr: 6103d286 | Constraints: c2a8fa9d | Timing: c2a8fa9d
Phase 1 Build RT Design | Checksum: 2a4ff5257

Time (s): cpu = 00:00:43 ; elapsed = 00:00:33 . Memory (MB): peak = 3065.844 ; gain = 489.910

Phase 2 Router Initialization

Phase 2.1 Fix Topology Constraints
Phase 2.1 Fix Topology Constraints | Checksum: 2a4ff5257

Time (s): cpu = 00:00:43 ; elapsed = 00:00:33 . Memory (MB): peak = 3065.844 ; gain = 489.910

Phase 2.2 Pre Route Cleanup
Phase 2.2 Pre Route Cleanup | Checksum: 2a4ff5257

Time (s): cpu = 00:00:43 ; elapsed = 00:00:33 . Memory (MB): peak = 3065.844 ; gain = 489.910
 Number of Nodes with overlaps = 0

Phase 2.3 Update Timing
Phase 2.3 Update Timing | Checksum: 24d1dfebc

Time (s): cpu = 00:00:46 ; elapsed = 00:00:36 . Memory (MB): peak = 3584.410 ; gain = 1008.477
INFO: [Route 35-416] Intermediate Timing Summary | WNS=0.389  | TNS=0.000  | WHS=-0.325 | THS=-172.002|


Router Utilization Summary
  Global Vertical Routing Utilization    = 0 %
  Global Horizontal Routing Utilization  = 0 %
  Routable Net Status*
  *Does not include unroutable nets such as driverless and loadless.
  Run report_route_status for detailed report.
  Number of Failed Nets               = 2728
    (Failed Nets is the sum of unrouted and partially routed nets)
  Number of Unrouted Nets             = 2728
  Number of Partially Routed Nets     = 0
  Number of Node Overlaps             = 0

Phase 2 Router Initialization | Checksum: 1b69a2fb6

Time (s): cpu = 00:00:48 ; elapsed = 00:00:37 . Memory (MB): peak = 3621.820 ; gain = 1045.887

Phase 3 Initial Routing

Phase 3.1 Global Routing
Phase 3.1 Global Routing | Checksum: 1b69a2fb6

Time (s): cpu = 00:00:48 ; elapsed = 00:00:37 . Memory (MB): peak = 3621.820 ; gain = 1045.887

Phase 3.2 Initial Net Routing
Phase 3.2 Initial Net Routing | Checksum: 288954052

Time (s): cpu = 00:00:48 ; elapsed = 00:00:37 . Memory (MB): peak = 3621.820 ; gain = 1045.887
Phase 3 Initial Routing | Checksum: 288954052

Time (s): cpu = 00:00:48 ; elapsed = 00:00:37 . Memory (MB): peak = 3621.820 ; gain = 1045.887

Phase 4 Rip-up And Reroute

Phase 4.1 Global Iteration 0
 Number of Nodes with overlaps = 214
 Number of Nodes with overlaps = 42
 Number of Nodes with overlaps = 24
 Number of Nodes with overlaps = 4
 Number of Nodes with overlaps = 0
INFO: [Route 35-416] Intermediate Timing Summary | WNS=0.343  | TNS=0.000  | WHS=N/A    | THS=N/A    |

Phase 4.1 Global Iteration 0 | Checksum: 1abfab884

Time (s): cpu = 00:00:48 ; elapsed = 00:00:38 . Memory (MB): peak = 3621.820 ; gain = 1045.887
Phase 4 Rip-up And Reroute | Checksum: 1abfab884

Time (s): cpu = 00:00:48 ; elapsed = 00:00:38 . Memory (MB): peak = 3621.820 ; gain = 1045.887

Phase 5 Delay and Skew Optimization

Phase 5.1 Delay CleanUp
Phase 5.1 Delay CleanUp | Checksum: 1abfab884

Time (s): cpu = 00:00:48 ; elapsed = 00:00:38 . Memory (MB): peak = 3621.820 ; gain = 1045.887

Phase 5.2 Clock Skew Optimization
Phase 5.2 Clock Skew Optimization | Checksum: 1abfab884

Time (s): cpu = 00:00:48 ; elapsed = 00:00:38 . Memory (MB): peak = 3621.820 ; gain = 1045.887
Phase 5 Delay and Skew Optimization | Checksum: 1abfab884

Time (s): cpu = 00:00:48 ; elapsed = 00:00:38 . Memory (MB): peak = 3621.820 ; gain = 1045.887

Phase 6 Post Hold Fix

Phase 6.1 Hold Fix Iter

Phase 6.1.1 Update Timing
Phase 6.1.1 Update Timing | Checksum: 2560522fc

Time (s): cpu = 00:00:48 ; elapsed = 00:00:39 . Memory (MB): peak = 3621.820 ; gain = 1045.887
INFO: [Route 35-416] Intermediate Timing Summary | WNS=0.343  | TNS=0.000  | WHS=0.058  | THS=0.000  |

Phase 6.1 Hold Fix Iter | Checksum: 2560522fc

Time (s): cpu = 00:00:48 ; elapsed = 00:00:39 . Memory (MB): peak = 3621.820 ; gain = 1045.887
Phase 6 Post Hold Fix | Checksum: 2560522fc

Time (s): cpu = 00:00:48 ; elapsed = 00:00:39 . Memory (MB): peak = 3621.820 ; gain = 1045.887

Phase 7 Route finalize

Router Utilization Summary
  Global Vertical Routing Utilization    = 0.0470805 %
  Global Horizontal Routing Utilization  = 0.0580568 %
  Routable Net Status*
  *Does not include unroutable nets such as driverless and loadless.
  Run report_route_status for detailed report.
  Number of Failed Nets               = 0
    (Failed Nets is the sum of unrouted and partially routed nets)
  Number of Unrouted Nets             = 0
  Number of Partially Routed Nets     = 0
  Number of Node Overlaps             = 0

Phase 7 Route finalize | Checksum: 2560522fc

Time (s): cpu = 00:00:48 ; elapsed = 00:00:39 . Memory (MB): peak = 3621.820 ; gain = 1045.887

Phase 8 Verifying routed nets

 Verification completed successfully
Phase 8 Verifying routed nets | Checksum: 2560522fc

Time (s): cpu = 00:00:48 ; elapsed = 00:00:39 . Memory (MB): peak = 3621.820 ; gain = 1045.887

Phase 9 Depositing Routes
INFO: [Route 35-467] Router swapped GT pin pcs_pma/inst/ten_gig_eth_pcs_pma_gt_common_block/gthe2_common_0_i/GTREFCLK0 to physical pin GTHE2_COMMON_X1Y3/GTREFCLK1
Phase 9 Depositing Routes | Checksum: 2d5c32798

Time (s): cpu = 00:00:48 ; elapsed = 00:00:39 . Memory (MB): peak = 3621.820 ; gain = 1045.887

Phase 10 Post Router Timing
INFO: [Route 35-57] Estimated Timing Summary | WNS=0.343  | TNS=0.000  | WHS=0.058  | THS=0.000  |

INFO: [Route 35-327] The final timing numbers are based on the router estimated timing analysis. For a complete and accurate timing signoff, please run report_timing_summary.
Phase 10 Post Router Timing | Checksum: 2d5c32798

Time (s): cpu = 00:00:48 ; elapsed = 00:00:39 . Memory (MB): peak = 3621.820 ; gain = 1045.887
INFO: [Route 35-16] Router Completed Successfully

Phase 11 Post-Route Event Processing
Phase 11 Post-Route Event Processing | Checksum: 25c30ac54

Time (s): cpu = 00:00:48 ; elapsed = 00:00:39 . Memory (MB): peak = 3621.820 ; gain = 1045.887
Ending Routing Task | Checksum: 25c30ac54

Time (s): cpu = 00:00:49 ; elapsed = 00:00:39 . Memory (MB): peak = 3621.820 ; gain = 1045.887

Routing Is Done.
INFO: [Common 17-83] Releasing license: Implementation
98 Infos, 0 Warnings, 0 Critical Warnings and 0 Errors encountered.
route_design completed successfully
route_design: Time (s): cpu = 00:00:50 ; elapsed = 00:00:40 . Memory (MB): peak = 3621.820 ; gain = 1045.887
INFO: [runtcl-4] Executing : report_drc -file top_drc_routed.rpt -pb top_drc_routed.pb -rpx top_drc_routed.rpx
Command: report_drc -file top_drc_routed.rpt -pb top_drc_routed.pb -rpx top_drc_routed.rpx
INFO: [IP_Flow 19-1839] IP Catalog is up to date.
INFO: [DRC 23-27] Running DRC with 2 threads
INFO: [Vivado_Tcl 2-168] The results of DRC are in file C:/Users/Kumar Lab/Desktop/Jasper/xilinx_rx/xilinx_rx.runs/impl_1/top_drc_routed.rpt.
report_drc completed successfully
INFO: [runtcl-4] Executing : report_methodology -file top_methodology_drc_routed.rpt -pb top_methodology_drc_routed.pb -rpx top_methodology_drc_routed.rpx
Command: report_methodology -file top_methodology_drc_routed.rpt -pb top_methodology_drc_routed.pb -rpx top_methodology_drc_routed.rpx
INFO: [Timing 38-35] Done setting XDC timing constraints.
INFO: [DRC 23-133] Running Methodology with 2 threads
INFO: [Vivado_Tcl 2-1520] The results of Report Methodology are in file C:/Users/Kumar Lab/Desktop/Jasper/xilinx_rx/xilinx_rx.runs/impl_1/top_methodology_drc_routed.rpt.
report_methodology completed successfully
INFO: [runtcl-4] Executing : report_power -file top_power_routed.rpt -pb top_power_summary_routed.pb -rpx top_power_routed.rpx
Command: report_power -file top_power_routed.rpt -pb top_power_summary_routed.pb -rpx top_power_routed.rpx
INFO: [Timing 38-35] Done setting XDC timing constraints.
Running Vector-less Activity Propagation...

Finished Running Vector-less Activity Propagation
WARNING: [Power 33-332] Found switching activity that implies high-fanout reset nets being asserted for excessive periods of time which may result in inaccurate power analysis.
Resolution: To review and fix problems, please run Power Constraints Advisor in the GUI from Tools > Power Constraints Advisor or run report_power with the -advisory option to generate a text report.
108 Infos, 1 Warnings, 0 Critical Warnings and 0 Errors encountered.
report_power completed successfully
INFO: [runtcl-4] Executing : report_route_status -file top_route_status.rpt -pb top_route_status.pb
INFO: [runtcl-4] Executing : report_timing_summary -max_paths 10 -report_unconstrained -file top_timing_summary_routed.rpt -pb top_timing_summary_routed.pb -rpx top_timing_summary_routed.rpx -warn_on_violation 
INFO: [Timing 38-91] UpdateTimingParams: Speed grade: -2, Delay Type: min_max.
INFO: [Timing 38-191] Multithreading enabled for timing update using a maximum of 2 CPUs
INFO: [runtcl-4] Executing : report_incremental_reuse -file top_incremental_reuse_routed.rpt
INFO: [Vivado_Tcl 4-1062] Incremental flow is disabled. No incremental reuse Info to report.
INFO: [runtcl-4] Executing : report_clock_utilization -file top_clock_utilization_routed.rpt
INFO: [runtcl-4] Executing : report_bus_skew -warn_on_violation -file top_bus_skew_routed.rpt -pb top_bus_skew_routed.pb -rpx top_bus_skew_routed.rpx
INFO: [Timing 38-91] UpdateTimingParams: Speed grade: -2, Delay Type: min_max.
INFO: [Timing 38-191] Multithreading enabled for timing update using a maximum of 2 CPUs
INFO: [Timing 38-480] Writing timing data to binary archive.
Write ShapeDB Complete: Time (s): cpu = 00:00:00 ; elapsed = 00:00:00.007 . Memory (MB): peak = 3621.820 ; gain = 0.000
Wrote PlaceDB: Time (s): cpu = 00:00:00 ; elapsed = 00:00:00.142 . Memory (MB): peak = 3621.820 ; gain = 0.000
Wrote PulsedLatchDB: Time (s): cpu = 00:00:00 ; elapsed = 00:00:00 . Memory (MB): peak = 3621.820 ; gain = 0.000
Writing XDEF routing.
Writing XDEF routing logical nets.
Writing XDEF routing special nets.
Wrote RouteStorage: Time (s): cpu = 00:00:01 ; elapsed = 00:00:00.075 . Memory (MB): peak = 3621.820 ; gain = 0.000
Wrote Netlist Cache: Time (s): cpu = 00:00:00 ; elapsed = 00:00:00.004 . Memory (MB): peak = 3621.820 ; gain = 0.000
Wrote Device Cache: Time (s): cpu = 00:00:00 ; elapsed = 00:00:00.021 . Memory (MB): peak = 3621.820 ; gain = 0.000
Write Physdb Complete: Time (s): cpu = 00:00:01 ; elapsed = 00:00:00.259 . Memory (MB): peak = 3621.820 ; gain = 0.000
INFO: [Common 17-1381] The checkpoint 'C:/Users/Kumar Lab/Desktop/Jasper/xilinx_rx/xilinx_rx.runs/impl_1/top_routed.dcp' has been generated.
Command: write_bitstream -force top.bit
Attempting to get a license for feature 'Implementation' and/or device 'xc7vx690t'
INFO: [Common 17-349] Got license for feature 'Implementation' and/or device 'xc7vx690t'
INFO: [Common 17-1540] The version limit for your license is '2024.06' and has expired for new software. A version limit expiration means that, although you may be able to continue to use the current version of tools or IP with this license, you will not be eligible for new releases.
CRITICAL WARNING: [Vivado 12-1790] Evaluation License Warning: This design contains one or more evaluation cores that will cease to function after a certain period of time. This design should NOT be used in production systems.

Evaluation cores found in this design:
    IP core 'ten_gig_eth_pcs_pma_0' (ten_gig_eth_pcs_pma_v6_0_26) was generated using a design_linking license.

Resolution: If a new IP Core license was added, in order for the new license to be picked up, the current netlist needs to be updated by resetting and re-generating the IP output products before bitstream generation.
Running DRC as a precondition to command write_bitstream
INFO: [IP_Flow 19-1839] IP Catalog is up to date.
INFO: [DRC 23-27] Running DRC with 2 threads
WARNING: [DRC NDRV-5] DriverAndLoadless Nets: Undriven nets found. Running opt_design will clean up the undriven nets from your design. Please ensure that opt_design has been run on your design and check the remaining
nets for DONT_TOUCH properties. The undriven nets in your design are: Bus Net xgmii_rxc[7:0] has undriven and unloaded bits 0:7.
WARNING: [DRC NDRV-5] DriverAndLoadless Nets: Undriven nets found. Running opt_design will clean up the undriven nets from your design. Please ensure that opt_design has been run on your design and check the remaining
nets for DONT_TOUCH properties. The undriven nets in your design are: Bus Net xgmii_rxd[63:0] has undriven and unloaded bits 0:63.
WARNING: [DRC RTSTAT-10] No routable loads: 36 net(s) have no routable loads. The problem bus(es) and/or net(s) are packet_error, packet_led, packet_seen, rx_in_frame, and rx_packet_count[31:0].
INFO: [Vivado 12-3199] DRC finished with 0 Errors, 3 Warnings
INFO: [Vivado 12-3200] Please refer to the DRC report (report_drc) for more information.
INFO: [Designutils 20-2272] Running write_bitstream with 2 threads.
Loading data files...
Loading site data...
Loading route data...
Processing options...
Creating bitmap...
Creating bitstream...
Writing bitstream ./top.bit...
INFO: [Vivado 12-1842] Bitgen Completed Successfully.
INFO: [Common 17-83] Releasing license: Implementation
14 Infos, 3 Warnings, 1 Critical Warnings and 0 Errors encountered.
write_bitstream completed successfully
write_bitstream: Time (s): cpu = 00:00:20 ; elapsed = 00:00:28 . Memory (MB): peak = 3805.914 ; gain = 184.094
INFO: [Common 17-206] Exiting Vivado at Thu Jul 23 11:55:12 2026...
