Copyright 1986-2022 Xilinx, Inc. All Rights Reserved. Copyright 2022-2023 Advanced Micro Devices, Inc. All Rights Reserved.
---------------------------------------------------------------------------------------------------------------------------------------------
| Tool Version : Vivado v.2023.2 (win64) Build 4029153 Fri Oct 13 20:14:34 MDT 2023
| Date         : Thu Jul 23 12:47:36 2026
| Host         : ECE-OP7010PC2 running 64-bit major release  (build 9200)
| Command      : report_clock_utilization -file top_clock_utilization_routed.rpt
| Design       : top
| Device       : 7vx690t-ffg1761
| Speed File   : -2  PRODUCTION 1.11 2014-09-11
| Design State : Routed
---------------------------------------------------------------------------------------------------------------------------------------------

Clock Utilization Report

Table of Contents
-----------------
1. Clock Primitive Utilization
2. Global Clock Resources
3. Global Clock Source Details
4. Clock Regions: Key Resource Utilization
5. Clock Regions : Global Clock Summary
6. Device Cell Placement Summary for Global Clock g0
7. Device Cell Placement Summary for Global Clock g1
8. Device Cell Placement Summary for Global Clock g2
9. Device Cell Placement Summary for Global Clock g3
10. Device Cell Placement Summary for Global Clock g4
11. Clock Region Cell Placement per Global Clock: Region X1Y2
12. Clock Region Cell Placement per Global Clock: Region X1Y3
13. Clock Region Cell Placement per Global Clock: Region X1Y4
14. Clock Region Cell Placement per Global Clock: Region X1Y5
15. Clock Region Cell Placement per Global Clock: Region X1Y8

1. Clock Primitive Utilization
------------------------------

+----------+------+-----------+-----+--------------+--------+
| Type     | Used | Available | LOC | Clock Region | Pblock |
+----------+------+-----------+-----+--------------+--------+
| BUFGCTRL |    4 |        32 |   0 |            0 |      0 |
| BUFH     |    1 |       240 |   0 |            0 |      0 |
| BUFIO    |    0 |        80 |   0 |            0 |      0 |
| BUFMR    |    0 |        40 |   0 |            0 |      0 |
| BUFR     |    0 |        80 |   0 |            0 |      0 |
| MMCM     |    1 |        20 |   0 |            0 |      0 |
| PLL      |    0 |        20 |   0 |            0 |      0 |
+----------+------+-----------+-----+--------------+--------+


2. Global Clock Resources
-------------------------

+-----------+-----------+-----------------+------------+----------------+--------------+-------------------+-------------+-----------------+--------------+------------------------------------------------------------------------------------------------------------------------+----------------------------------------------------------------------------------------------------------+--------------------------------------------------------------------------------------------+
| Global Id | Source Id | Driver Type/Pin | Constraint | Site           | Clock Region | Load Clock Region | Clock Loads | Non-Clock Loads | Clock Period | Clock                                                                                                                  | Driver Pin                                                                                               | Net                                                                                        |
+-----------+-----------+-----------------+------------+----------------+--------------+-------------------+-------------+-----------------+--------------+------------------------------------------------------------------------------------------------------------------------+----------------------------------------------------------------------------------------------------------+--------------------------------------------------------------------------------------------+
| g0        | src0      | BUFH/O          | None       | BUFHCE_X1Y36   | X1Y3         |                 1 |        1329 |               0 |        3.103 | pcs_pma/inst/ten_gig_eth_pcs_pma_block_i/gt0_gtwizard_10gbaser_multi_gt_i/gt0_gtwizard_gth_10gbaser_i/gthe2_i/RXOUTCLK | pcs_pma/inst/ten_gig_eth_pcs_pma_block_i/ten_gig_eth_pcs_pma_0_local_clock_reset_block/rxoutclk_bufh_i/O | pcs_pma/inst/ten_gig_eth_pcs_pma_block_i/ten_gig_eth_pcs_pma_0_local_clock_reset_block/CLK |
| g1        | src1      | BUFG/O          | None       | BUFGCTRL_X0Y1  | n/a          |                 4 |        1052 |               0 |        6.400 | gt_refclk_p                                                                                                            | pcs_pma/inst/ten_gig_eth_pcs_pma_shared_clock_reset_block/coreclk_bufg_inst/O                            | pcs_pma/inst/ten_gig_eth_pcs_pma_shared_clock_reset_block/coreclk_out                      |
| g2        | src2      | BUFG/O          | None       | BUFGCTRL_X0Y0  | n/a          |                 2 |         202 |               0 |        3.103 | pcs_pma/inst/ten_gig_eth_pcs_pma_block_i/gt0_gtwizard_10gbaser_multi_gt_i/gt0_gtwizard_gth_10gbaser_i/gthe2_i/TXOUTCLK | pcs_pma/inst/ten_gig_eth_pcs_pma_shared_clock_reset_block/txoutclk_bufg_i/O                              | pcs_pma/inst/ten_gig_eth_pcs_pma_shared_clock_reset_block/CLK                              |
| g3        | src3      | BUFG/O          | None       | BUFGCTRL_X0Y16 | n/a          |                 2 |          42 |               0 |       10.000 | clk_100_unbuffered                                                                                                     | system_clock_divider/output_buffer/O                                                                     | system_clock_divider/clk_100_out                                                           |
| g4        | src4      | BUFG/O          | None       | BUFGCTRL_X0Y17 | n/a          |                 1 |           1 |               0 |        5.000 | clkfb_unbuffered                                                                                                       | system_clock_divider/feedback_buffer/O                                                                   | system_clock_divider/clkfb                                                                 |
+-----------+-----------+-----------------+------------+----------------+--------------+-------------------+-------------+-----------------+--------------+------------------------------------------------------------------------------------------------------------------------+----------------------------------------------------------------------------------------------------------+--------------------------------------------------------------------------------------------+
* Clock Loads column represents cell count of net connects that connect to a clock pin. Internal cell leaf pins are not considered
** Non-Clock Loads column represents cell count of non-clock pin loads


3. Global Clock Source Details
------------------------------

+-----------+-----------+------------------------+---------------------+---------------------+--------------+-------------+-----------------+---------------------+------------------------------------------------------------------------------------------------------------------------+------------------------------------------------------------------------------------------------------------------------+--------------------------------------------------------------------------------------------------------------------+
| Source Id | Global Id | Driver Type/Pin        | Constraint          | Site                | Clock Region | Clock Loads | Non-Clock Loads | Source Clock Period | Source Clock                                                                                                           | Driver Pin                                                                                                             | Net                                                                                                                |
+-----------+-----------+------------------------+---------------------+---------------------+--------------+-------------+-----------------+---------------------+------------------------------------------------------------------------------------------------------------------------+------------------------------------------------------------------------------------------------------------------------+--------------------------------------------------------------------------------------------------------------------+
| src0      | g0        | GTHE2_CHANNEL/RXOUTCLK | GTHE2_CHANNEL_X1Y12 | GTHE2_CHANNEL_X1Y12 | X1Y3         |           1 |               0 |               3.103 | pcs_pma/inst/ten_gig_eth_pcs_pma_block_i/gt0_gtwizard_10gbaser_multi_gt_i/gt0_gtwizard_gth_10gbaser_i/gthe2_i/RXOUTCLK | pcs_pma/inst/ten_gig_eth_pcs_pma_block_i/gt0_gtwizard_10gbaser_multi_gt_i/gt0_gtwizard_gth_10gbaser_i/gthe2_i/RXOUTCLK | pcs_pma/inst/ten_gig_eth_pcs_pma_block_i/gt0_gtwizard_10gbaser_multi_gt_i/gt0_gtwizard_gth_10gbaser_i/rxrecclk_out |
| src1      | g1        | IBUFDS_GTE2/O          | IBUFDS_GTE2_X1Y7    | IBUFDS_GTE2_X1Y7    | X1Y3         |           2 |               0 |               6.400 | gt_refclk_p                                                                                                            | pcs_pma/inst/ten_gig_eth_pcs_pma_shared_clock_reset_block/ibufds_inst/O                                                | pcs_pma/inst/ten_gig_eth_pcs_pma_shared_clock_reset_block/refclk                                                   |
| src2      | g2        | GTHE2_CHANNEL/TXOUTCLK | GTHE2_CHANNEL_X1Y12 | GTHE2_CHANNEL_X1Y12 | X1Y3         |           1 |               0 |               3.103 | pcs_pma/inst/ten_gig_eth_pcs_pma_block_i/gt0_gtwizard_10gbaser_multi_gt_i/gt0_gtwizard_gth_10gbaser_i/gthe2_i/TXOUTCLK | pcs_pma/inst/ten_gig_eth_pcs_pma_block_i/gt0_gtwizard_10gbaser_multi_gt_i/gt0_gtwizard_gth_10gbaser_i/gthe2_i/TXOUTCLK | pcs_pma/inst/ten_gig_eth_pcs_pma_block_i/gt0_gtwizard_10gbaser_multi_gt_i/gt0_gtwizard_gth_10gbaser_i/txoutclk     |
| src3      | g3        | MMCME2_ADV/CLKOUT0     | None                | MMCME2_ADV_X1Y8     | X1Y8         |           1 |               0 |              10.000 | clk_100_unbuffered                                                                                                     | system_clock_divider/mmcm/CLKOUT0                                                                                      | system_clock_divider/clk_100_unbuffered                                                                            |
| src4      | g4        | MMCME2_ADV/CLKFBOUT    | None                | MMCME2_ADV_X1Y8     | X1Y8         |           1 |               0 |               5.000 | clkfb_unbuffered                                                                                                       | system_clock_divider/mmcm/CLKFBOUT                                                                                     | system_clock_divider/clkfb_unbuffered                                                                              |
+-----------+-----------+------------------------+---------------------+---------------------+--------------+-------------+-----------------+---------------------+------------------------------------------------------------------------------------------------------------------------+------------------------------------------------------------------------------------------------------------------------+--------------------------------------------------------------------------------------------------------------------+
* Clock Loads column represents cell count of net connects that connect to a clock pin. Internal cell leaf pins are not considered
** Non-Clock Loads column represents cell count of non-clock pin loads


4. Clock Regions: Key Resource Utilization
------------------------------------------

+-------------------+--------------+--------------+--------------+--------------+--------------+--------------+--------------+--------------+--------------+--------------+--------------+--------------+--------------+--------------+--------------+
|                   | Global Clock |     BUFRs    |    BUFMRs    |    BUFIOs    |     MMCM     |      PLL     |      GT      |      PCI     |    ILOGIC    |    OLOGIC    |      FF      |     LUTM     |    RAMB18    |    RAMB36    |    DSP48E2   |
+-------------------+------+-------+------+-------+------+-------+------+-------+------+-------+------+-------+------+-------+------+-------+------+-------+------+-------+------+-------+------+-------+------+-------+------+-------+------+-------+
| Clock Region Name | Used | Avail | Used | Avail | Used | Avail | Used | Avail | Used | Avail | Used | Avail | Used | Avail | Used | Avail | Used | Avail | Used | Avail | Used | Avail | Used | Avail | Used | Avail | Used | Avail | Used | Avail |
+-------------------+------+-------+------+-------+------+-------+------+-------+------+-------+------+-------+------+-------+------+-------+------+-------+------+-------+------+-------+------+-------+------+-------+------+-------+------+-------+
| X0Y0              |    0 |    12 |    0 |     4 |    0 |     2 |    0 |     4 |    0 |     1 |    0 |     1 |    0 |     4 |    0 |     0 |    0 |    50 |    0 |    50 |    0 |  5300 |    0 |  1850 |    0 |   140 |    0 |    70 |    0 |   140 |
| X1Y0              |    0 |    12 |    0 |     4 |    0 |     2 |    0 |     4 |    0 |     1 |    0 |     1 |    0 |     4 |    0 |     0 |    0 |    50 |    0 |    50 |    0 |  5800 |    0 |  2550 |    0 |   160 |    0 |    80 |    0 |   220 |
| X0Y1              |    0 |    12 |    0 |     4 |    0 |     2 |    0 |     4 |    0 |     1 |    0 |     1 |    0 |     4 |    0 |     0 |    0 |    50 |    0 |    50 |    0 |  5300 |    0 |  1850 |    0 |   140 |    0 |    70 |    0 |   140 |
| X1Y1              |    0 |    12 |    0 |     4 |    0 |     2 |    0 |     4 |    0 |     1 |    0 |     1 |    0 |     4 |    0 |     0 |    0 |    50 |    0 |    50 |    0 |  5550 |    0 |  2475 |    0 |   150 |    0 |    75 |    0 |   220 |
| X0Y2              |    0 |    12 |    0 |     4 |    0 |     2 |    0 |     4 |    0 |     1 |    0 |     1 |    0 |     4 |    0 |     0 |    0 |    50 |    0 |    50 |    0 |  5300 |    0 |  1850 |    0 |   140 |    0 |    70 |    0 |   140 |
| X1Y2              |    3 |    12 |    0 |     4 |    0 |     2 |    0 |     4 |    0 |     1 |    0 |     1 |    0 |     4 |    0 |     1 |    0 |    50 |    0 |    50 |  732 |  5550 |  195 |  2475 |    0 |   150 |    0 |    75 |    0 |   220 |
| X0Y3              |    0 |    12 |    0 |     4 |    0 |     2 |    0 |     4 |    0 |     1 |    0 |     1 |    0 |     4 |    0 |     0 |    0 |    50 |    0 |    50 |    0 |  5300 |    0 |  1850 |    0 |   140 |    0 |    70 |    0 |   140 |
| X1Y3              |    4 |    12 |    0 |     4 |    0 |     2 |    0 |     4 |    0 |     1 |    0 |     1 |    1 |     4 |    0 |     0 |    0 |    50 |    0 |    50 | 1793 |  5800 |  516 |  2550 |    0 |   160 |    0 |    80 |    0 |   220 |
| X0Y4              |    0 |    12 |    0 |     4 |    0 |     2 |    0 |     4 |    0 |     1 |    0 |     1 |    0 |     4 |    0 |     0 |    0 |    50 |    0 |    50 |    0 |  4700 |    0 |  1850 |    0 |   140 |    0 |    70 |    0 |   140 |
| X1Y4              |    1 |    12 |    0 |     4 |    0 |     2 |    0 |     4 |    0 |     1 |    0 |     1 |    0 |     4 |    0 |     0 |    0 |    50 |    0 |    50 |   19 |  5550 |    8 |  2475 |    0 |   150 |    0 |    75 |    0 |   220 |
| X0Y5              |    0 |    12 |    0 |     4 |    0 |     2 |    0 |     4 |    0 |     1 |    0 |     1 |    0 |     4 |    0 |     0 |    0 |    50 |    0 |    50 |    0 |  4700 |    0 |  1850 |    0 |   140 |    0 |    70 |    0 |   140 |
| X1Y5              |    1 |    12 |    0 |     4 |    0 |     2 |    0 |     4 |    0 |     1 |    0 |     1 |    0 |     4 |    0 |     1 |    0 |    50 |    0 |    50 |   53 |  5550 |   30 |  2475 |    0 |   150 |    0 |    75 |    0 |   220 |
| X0Y6              |    0 |    12 |    0 |     4 |    0 |     2 |    0 |     4 |    0 |     1 |    0 |     1 |    0 |     4 |    0 |     0 |    0 |    50 |    0 |    50 |    0 |  5300 |    0 |  1850 |    0 |   140 |    0 |    70 |    0 |   140 |
| X1Y6              |    0 |    12 |    0 |     4 |    0 |     2 |    0 |     4 |    0 |     1 |    0 |     1 |    0 |     4 |    0 |     0 |    0 |    50 |    0 |    50 |    0 |  5800 |    0 |  2550 |    0 |   160 |    0 |    80 |    0 |   220 |
| X0Y7              |    0 |    12 |    0 |     4 |    0 |     2 |    0 |     4 |    0 |     1 |    0 |     1 |    0 |     4 |    0 |     0 |    0 |    50 |    0 |    50 |    0 |  5300 |    0 |  1850 |    0 |   140 |    0 |    70 |    0 |   140 |
| X1Y7              |    0 |    12 |    0 |     4 |    0 |     2 |    0 |     4 |    0 |     1 |    0 |     1 |    0 |     4 |    0 |     0 |    0 |    50 |    0 |    50 |    0 |  5550 |    0 |  2475 |    0 |   150 |    0 |    75 |    0 |   220 |
| X0Y8              |    0 |    12 |    0 |     4 |    0 |     2 |    0 |     4 |    0 |     1 |    0 |     1 |    0 |     4 |    0 |     0 |    0 |    50 |    0 |    50 |    0 |  5300 |    0 |  1850 |    0 |   140 |    0 |    70 |    0 |   140 |
| X1Y8              |    1 |    12 |    0 |     4 |    0 |     2 |    0 |     4 |    1 |     1 |    0 |     1 |    0 |     4 |    0 |     1 |    0 |    50 |    0 |    50 |    0 |  5550 |    0 |  2475 |    0 |   150 |    0 |    75 |    0 |   220 |
| X0Y9              |    0 |    12 |    0 |     4 |    0 |     2 |    0 |     4 |    0 |     1 |    0 |     1 |    0 |     4 |    0 |     0 |    0 |    50 |    0 |    50 |    0 |  5300 |    0 |  1850 |    0 |   140 |    0 |    70 |    0 |   140 |
| X1Y9              |    0 |    12 |    0 |     4 |    0 |     2 |    0 |     4 |    0 |     1 |    0 |     1 |    0 |     4 |    0 |     0 |    0 |    50 |    0 |    50 |    0 |  5800 |    0 |  2550 |    0 |   160 |    0 |    80 |    0 |   220 |
+-------------------+------+-------+------+-------+------+-------+------+-------+------+-------+------+-------+------+-------+------+-------+------+-------+------+-------+------+-------+------+-------+------+-------+------+-------+------+-------+
* Global Clock column represents track count; while other columns represents cell counts


5. Clock Regions : Global Clock Summary
---------------------------------------

All Modules
+----+----+----+
|    | X0 | X1 |
+----+----+----+
| Y9 |  0 |  0 |
| Y8 |  0 |  0 |
| Y7 |  0 |  0 |
| Y6 |  0 |  0 |
| Y5 |  0 |  0 |
| Y4 |  0 |  0 |
| Y3 |  0 |  0 |
| Y2 |  0 |  0 |
| Y1 |  0 |  0 |
| Y0 |  0 |  0 |
+----+----+----+


6. Device Cell Placement Summary for Global Clock g0
----------------------------------------------------

+-----------+-----------------+-------------------+------------------------------------------------------------------------------------------------------------------------+-------------+---------------+-------------+----------+----------------+----------+--------------------------------------------------------------------------------------------+
| Global Id | Driver Type/Pin | Driver Region (D) | Clock                                                                                                                  | Period (ns) | Waveform (ns) | Slice Loads | IO Loads | Clocking Loads | GT Loads | Net                                                                                        |
+-----------+-----------------+-------------------+------------------------------------------------------------------------------------------------------------------------+-------------+---------------+-------------+----------+----------------+----------+--------------------------------------------------------------------------------------------+
| g0        | BUFH/O          | X1Y3              | pcs_pma/inst/ten_gig_eth_pcs_pma_block_i/gt0_gtwizard_10gbaser_multi_gt_i/gt0_gtwizard_gth_10gbaser_i/gthe2_i/RXOUTCLK |       3.103 | {0.000 1.551} |        1314 |        0 |              0 |        1 | pcs_pma/inst/ten_gig_eth_pcs_pma_block_i/ten_gig_eth_pcs_pma_0_local_clock_reset_block/CLK |
+-----------+-----------------+-------------------+------------------------------------------------------------------------------------------------------------------------+-------------+---------------+-------------+----------+----------------+----------+--------------------------------------------------------------------------------------------+
* Slice Loads column represents load cell count of all cell types other than IO, GT and clock resources
** IO Loads column represents load cell count of IO types
*** Clocking Loads column represents load cell count that are clock resources (global clock buffer, MMCM, PLL, etc)
**** GT Loads column represents load cell count of GT types


+----+----+-----------+-----------------------+
|    | X0 | X1        | HORIZONTAL PROG DELAY |
+----+----+-----------+-----------------------+
| Y9 |  0 |         0 |                     - |
| Y8 |  0 |         0 |                     - |
| Y7 |  0 |         0 |                     - |
| Y6 |  0 |         0 |                     - |
| Y5 |  0 |         0 |                     - |
| Y4 |  0 |         0 |                     - |
| Y3 |  0 |  (D) 1315 |                     0 |
| Y2 |  0 |         0 |                     - |
| Y1 |  0 |         0 |                     - |
| Y0 |  0 |         0 |                     - |
+----+----+-----------+-----------------------+


7. Device Cell Placement Summary for Global Clock g1
----------------------------------------------------

+-----------+-----------------+-------------------+-------------+-------------+---------------+-------------+----------+----------------+----------+-----------------------------------------------------------------------+
| Global Id | Driver Type/Pin | Driver Region (D) | Clock       | Period (ns) | Waveform (ns) | Slice Loads | IO Loads | Clocking Loads | GT Loads | Net                                                                   |
+-----------+-----------------+-------------------+-------------+-------------+---------------+-------------+----------+----------------+----------+-----------------------------------------------------------------------+
| g1        | BUFG/O          | n/a               | gt_refclk_p |       6.400 | {0.000 3.200} |        1041 |        0 |              0 |        0 | pcs_pma/inst/ten_gig_eth_pcs_pma_shared_clock_reset_block/coreclk_out |
+-----------+-----------------+-------------------+-------------+-------------+---------------+-------------+----------+----------------+----------+-----------------------------------------------------------------------+
* Slice Loads column represents load cell count of all cell types other than IO, GT and clock resources
** IO Loads column represents load cell count of IO types
*** Clocking Loads column represents load cell count that are clock resources (global clock buffer, MMCM, PLL, etc)
**** GT Loads column represents load cell count of GT types


+----+----+------+-----------------------+
|    | X0 | X1   | HORIZONTAL PROG DELAY |
+----+----+------+-----------------------+
| Y9 |  0 |    0 |                     - |
| Y8 |  0 |    0 |                     - |
| Y7 |  0 |    0 |                     - |
| Y6 |  0 |    0 |                     - |
| Y5 |  0 |   53 |                     0 |
| Y4 |  0 |   19 |                     0 |
| Y3 |  0 |  411 |                     0 |
| Y2 |  0 |  558 |                     0 |
| Y1 |  0 |    0 |                     - |
| Y0 |  0 |    0 |                     - |
+----+----+------+-----------------------+


8. Device Cell Placement Summary for Global Clock g2
----------------------------------------------------

+-----------+-----------------+-------------------+------------------------------------------------------------------------------------------------------------------------+-------------+---------------+-------------+----------+----------------+----------+---------------------------------------------------------------+
| Global Id | Driver Type/Pin | Driver Region (D) | Clock                                                                                                                  | Period (ns) | Waveform (ns) | Slice Loads | IO Loads | Clocking Loads | GT Loads | Net                                                           |
+-----------+-----------------+-------------------+------------------------------------------------------------------------------------------------------------------------+-------------+---------------+-------------+----------+----------------+----------+---------------------------------------------------------------+
| g2        | BUFG/O          | n/a               | pcs_pma/inst/ten_gig_eth_pcs_pma_block_i/gt0_gtwizard_10gbaser_multi_gt_i/gt0_gtwizard_gth_10gbaser_i/gthe2_i/TXOUTCLK |       3.103 | {0.000 1.551} |         201 |        0 |              0 |        1 | pcs_pma/inst/ten_gig_eth_pcs_pma_shared_clock_reset_block/CLK |
+-----------+-----------------+-------------------+------------------------------------------------------------------------------------------------------------------------+-------------+---------------+-------------+----------+----------------+----------+---------------------------------------------------------------+
* Slice Loads column represents load cell count of all cell types other than IO, GT and clock resources
** IO Loads column represents load cell count of IO types
*** Clocking Loads column represents load cell count that are clock resources (global clock buffer, MMCM, PLL, etc)
**** GT Loads column represents load cell count of GT types


+----+----+------+-----------------------+
|    | X0 | X1   | HORIZONTAL PROG DELAY |
+----+----+------+-----------------------+
| Y9 |  0 |    0 |                     - |
| Y8 |  0 |    0 |                     - |
| Y7 |  0 |    0 |                     - |
| Y6 |  0 |    0 |                     - |
| Y5 |  0 |    0 |                     - |
| Y4 |  0 |    0 |                     - |
| Y3 |  0 |   39 |                     0 |
| Y2 |  0 |  163 |                     0 |
| Y1 |  0 |    0 |                     - |
| Y0 |  0 |    0 |                     - |
+----+----+------+-----------------------+


9. Device Cell Placement Summary for Global Clock g3
----------------------------------------------------

+-----------+-----------------+-------------------+--------------------+-------------+---------------+-------------+----------+----------------+----------+----------------------------------+
| Global Id | Driver Type/Pin | Driver Region (D) | Clock              | Period (ns) | Waveform (ns) | Slice Loads | IO Loads | Clocking Loads | GT Loads | Net                              |
+-----------+-----------------+-------------------+--------------------+-------------+---------------+-------------+----------+----------------+----------+----------------------------------+
| g3        | BUFG/O          | n/a               | clk_100_unbuffered |      10.000 | {0.000 5.000} |          41 |        0 |              0 |        1 | system_clock_divider/clk_100_out |
+-----------+-----------------+-------------------+--------------------+-------------+---------------+-------------+----------+----------------+----------+----------------------------------+
* Slice Loads column represents load cell count of all cell types other than IO, GT and clock resources
** IO Loads column represents load cell count of IO types
*** Clocking Loads column represents load cell count that are clock resources (global clock buffer, MMCM, PLL, etc)
**** GT Loads column represents load cell count of GT types


+----+----+-----+-----------------------+
|    | X0 | X1  | HORIZONTAL PROG DELAY |
+----+----+-----+-----------------------+
| Y9 |  0 |   0 |                     - |
| Y8 |  0 |   0 |                     - |
| Y7 |  0 |   0 |                     - |
| Y6 |  0 |   0 |                     - |
| Y5 |  0 |   0 |                     - |
| Y4 |  0 |   0 |                     - |
| Y3 |  0 |  31 |                     0 |
| Y2 |  0 |  11 |                     0 |
| Y1 |  0 |   0 |                     - |
| Y0 |  0 |   0 |                     - |
+----+----+-----+-----------------------+


10. Device Cell Placement Summary for Global Clock g4
-----------------------------------------------------

+-----------+-----------------+-------------------+------------------+-------------+---------------+-------------+----------+----------------+----------+----------------------------+
| Global Id | Driver Type/Pin | Driver Region (D) | Clock            | Period (ns) | Waveform (ns) | Slice Loads | IO Loads | Clocking Loads | GT Loads | Net                        |
+-----------+-----------------+-------------------+------------------+-------------+---------------+-------------+----------+----------------+----------+----------------------------+
| g4        | BUFG/O          | n/a               | clkfb_unbuffered |       5.000 | {0.000 2.500} |           0 |        0 |              1 |        0 | system_clock_divider/clkfb |
+-----------+-----------------+-------------------+------------------+-------------+---------------+-------------+----------+----------------+----------+----------------------------+
* Slice Loads column represents load cell count of all cell types other than IO, GT and clock resources
** IO Loads column represents load cell count of IO types
*** Clocking Loads column represents load cell count that are clock resources (global clock buffer, MMCM, PLL, etc)
**** GT Loads column represents load cell count of GT types


+----+----+----+-----------------------+
|    | X0 | X1 | HORIZONTAL PROG DELAY |
+----+----+----+-----------------------+
| Y9 |  0 |  0 |                     - |
| Y8 |  0 |  1 |                     0 |
| Y7 |  0 |  0 |                     - |
| Y6 |  0 |  0 |                     - |
| Y5 |  0 |  0 |                     - |
| Y4 |  0 |  0 |                     - |
| Y3 |  0 |  0 |                     - |
| Y2 |  0 |  0 |                     - |
| Y1 |  0 |  0 |                     - |
| Y0 |  0 |  0 |                     - |
+----+----+----+-----------------------+


11. Clock Region Cell Placement per Global Clock: Region X1Y2
-------------------------------------------------------------

+-----------+-------+-----------------+------------+-------------+-----------------+-----+-------------+------+-----+----+------+-----+---------+-----------------------------------------------------------------------+
| Global Id | Track | Driver Type/Pin | Constraint | Clock Loads | Non-Clock Loads | FF  | Memory LUTs | RAMB | DSP | GT | MMCM | PLL | Hard IP | Net                                                                   |
+-----------+-------+-----------------+------------+-------------+-----------------+-----+-------------+------+-----+----+------+-----+---------+-----------------------------------------------------------------------+
| g1        | n/a   | BUFG/O          | None       |         558 |               0 | 558 |           0 |    0 |   0 |  0 |    0 |   0 |       0 | pcs_pma/inst/ten_gig_eth_pcs_pma_shared_clock_reset_block/coreclk_out |
| g2        | n/a   | BUFG/O          | None       |         163 |               0 | 163 |           0 |    0 |   0 |  0 |    0 |   0 |       0 | pcs_pma/inst/ten_gig_eth_pcs_pma_shared_clock_reset_block/CLK         |
| g3        | n/a   | BUFG/O          | None       |          11 |               0 |  11 |           0 |    0 |   0 |  0 |    0 |   0 |       0 | system_clock_divider/clk_100_out                                      |
+-----------+-------+-----------------+------------+-------------+-----------------+-----+-------------+------+-----+----+------+-----+---------+-----------------------------------------------------------------------+
* Clock Loads column represents cell count of net connects that connect to a clock pin. Internal cell leaf pins are not considered
** Non-Clock Loads column represents cell count of non-clock pin loads
*** Columns FF, LUTRAM, RAMB through 'Hard IP' represents load cell counts


12. Clock Region Cell Placement per Global Clock: Region X1Y3
-------------------------------------------------------------

+-----------+-------+-----------------+------------+-------------+-----------------+------+-------------+------+-----+----+------+-----+---------+--------------------------------------------------------------------------------------------+
| Global Id | Track | Driver Type/Pin | Constraint | Clock Loads | Non-Clock Loads | FF   | Memory LUTs | RAMB | DSP | GT | MMCM | PLL | Hard IP | Net                                                                                        |
+-----------+-------+-----------------+------------+-------------+-----------------+------+-------------+------+-----+----+------+-----+---------+--------------------------------------------------------------------------------------------+
| g0        | n/a   | BUFH/O          | None       |        1315 |               0 | 1314 |           0 |    0 |   0 |  1 |    0 |   0 |       0 | pcs_pma/inst/ten_gig_eth_pcs_pma_block_i/ten_gig_eth_pcs_pma_0_local_clock_reset_block/CLK |
| g1        | n/a   | BUFG/O          | None       |         411 |               0 |  411 |           0 |    0 |   0 |  0 |    0 |   0 |       0 | pcs_pma/inst/ten_gig_eth_pcs_pma_shared_clock_reset_block/coreclk_out                      |
| g2        | n/a   | BUFG/O          | None       |          39 |               0 |   38 |           0 |    0 |   0 |  1 |    0 |   0 |       0 | pcs_pma/inst/ten_gig_eth_pcs_pma_shared_clock_reset_block/CLK                              |
| g3        | n/a   | BUFG/O          | None       |          31 |               0 |   30 |           0 |    0 |   0 |  1 |    0 |   0 |       0 | system_clock_divider/clk_100_out                                                           |
+-----------+-------+-----------------+------------+-------------+-----------------+------+-------------+------+-----+----+------+-----+---------+--------------------------------------------------------------------------------------------+
* Clock Loads column represents cell count of net connects that connect to a clock pin. Internal cell leaf pins are not considered
** Non-Clock Loads column represents cell count of non-clock pin loads
*** Columns FF, LUTRAM, RAMB through 'Hard IP' represents load cell counts


13. Clock Region Cell Placement per Global Clock: Region X1Y4
-------------------------------------------------------------

+-----------+-------+-----------------+------------+-------------+-----------------+----+-------------+------+-----+----+------+-----+---------+-----------------------------------------------------------------------+
| Global Id | Track | Driver Type/Pin | Constraint | Clock Loads | Non-Clock Loads | FF | Memory LUTs | RAMB | DSP | GT | MMCM | PLL | Hard IP | Net                                                                   |
+-----------+-------+-----------------+------------+-------------+-----------------+----+-------------+------+-----+----+------+-----+---------+-----------------------------------------------------------------------+
| g1        | n/a   | BUFG/O          | None       |          19 |               0 | 19 |           0 |    0 |   0 |  0 |    0 |   0 |       0 | pcs_pma/inst/ten_gig_eth_pcs_pma_shared_clock_reset_block/coreclk_out |
+-----------+-------+-----------------+------------+-------------+-----------------+----+-------------+------+-----+----+------+-----+---------+-----------------------------------------------------------------------+
* Clock Loads column represents cell count of net connects that connect to a clock pin. Internal cell leaf pins are not considered
** Non-Clock Loads column represents cell count of non-clock pin loads
*** Columns FF, LUTRAM, RAMB through 'Hard IP' represents load cell counts


14. Clock Region Cell Placement per Global Clock: Region X1Y5
-------------------------------------------------------------

+-----------+-------+-----------------+------------+-------------+-----------------+----+-------------+------+-----+----+------+-----+---------+-----------------------------------------------------------------------+
| Global Id | Track | Driver Type/Pin | Constraint | Clock Loads | Non-Clock Loads | FF | Memory LUTs | RAMB | DSP | GT | MMCM | PLL | Hard IP | Net                                                                   |
+-----------+-------+-----------------+------------+-------------+-----------------+----+-------------+------+-----+----+------+-----+---------+-----------------------------------------------------------------------+
| g1        | n/a   | BUFG/O          | None       |          53 |               0 | 53 |           0 |    0 |   0 |  0 |    0 |   0 |       0 | pcs_pma/inst/ten_gig_eth_pcs_pma_shared_clock_reset_block/coreclk_out |
+-----------+-------+-----------------+------------+-------------+-----------------+----+-------------+------+-----+----+------+-----+---------+-----------------------------------------------------------------------+
* Clock Loads column represents cell count of net connects that connect to a clock pin. Internal cell leaf pins are not considered
** Non-Clock Loads column represents cell count of non-clock pin loads
*** Columns FF, LUTRAM, RAMB through 'Hard IP' represents load cell counts


15. Clock Region Cell Placement per Global Clock: Region X1Y8
-------------------------------------------------------------

+-----------+-------+-----------------+------------+-------------+-----------------+----+-------------+------+-----+----+------+-----+---------+----------------------------+
| Global Id | Track | Driver Type/Pin | Constraint | Clock Loads | Non-Clock Loads | FF | Memory LUTs | RAMB | DSP | GT | MMCM | PLL | Hard IP | Net                        |
+-----------+-------+-----------------+------------+-------------+-----------------+----+-------------+------+-----+----+------+-----+---------+----------------------------+
| g4        | n/a   | BUFG/O          | None       |           1 |               0 |  0 |           0 |    0 |   0 |  0 |    1 |   0 |       0 | system_clock_divider/clkfb |
+-----------+-------+-----------------+------------+-------------+-----------------+----+-------------+------+-----+----+------+-----+---------+----------------------------+
* Clock Loads column represents cell count of net connects that connect to a clock pin. Internal cell leaf pins are not considered
** Non-Clock Loads column represents cell count of non-clock pin loads
*** Columns FF, LUTRAM, RAMB through 'Hard IP' represents load cell counts



# Location of BUFG Primitives 
set_property LOC BUFGCTRL_X0Y17 [get_cells system_clock_divider/feedback_buffer]
set_property LOC BUFGCTRL_X0Y16 [get_cells system_clock_divider/output_buffer]
set_property LOC BUFGCTRL_X0Y1 [get_cells pcs_pma/inst/ten_gig_eth_pcs_pma_shared_clock_reset_block/coreclk_bufg_inst]
set_property LOC BUFGCTRL_X0Y0 [get_cells pcs_pma/inst/ten_gig_eth_pcs_pma_shared_clock_reset_block/txoutclk_bufg_i]

# Location of BUFH Primitives 
set_property LOC BUFHCE_X1Y36 [get_cells pcs_pma/inst/ten_gig_eth_pcs_pma_block_i/ten_gig_eth_pcs_pma_0_local_clock_reset_block/rxoutclk_bufh_i]

# Location of IO Primitives which is load of clock spine

# Location of clock ports
set_property LOC IPAD_X2Y101 [get_ports gt_refclk_n]
set_property LOC IPAD_X2Y100 [get_ports gt_refclk_p]
set_property LOC IOB_X1Y423 [get_ports sysclk_n]
set_property LOC IOB_X1Y424 [get_ports sysclk_p]

# Clock net "system_clock_divider/clk_100_out" driven by instance "system_clock_divider/output_buffer" located at site "BUFGCTRL_X0Y16"
#startgroup
create_pblock {CLKAG_system_clock_divider/clk_100_out}
add_cells_to_pblock [get_pblocks  {CLKAG_system_clock_divider/clk_100_out}] [get_cells -filter { PRIMITIVE_GROUP != I/O && IS_PRIMITIVE==1 && PRIMITIVE_LEVEL !=INTERNAL } -of_object [get_pins -filter {DIRECTION==IN} -of_objects [get_nets -hierarchical -filter {PARENT=="system_clock_divider/clk_100_out"}]]]
resize_pblock [get_pblocks {CLKAG_system_clock_divider/clk_100_out}] -add {CLOCKREGION_X1Y2:CLOCKREGION_X1Y2 CLOCKREGION_X1Y3:CLOCKREGION_X1Y3}
#endgroup

# Clock net "pcs_pma/inst/ten_gig_eth_pcs_pma_shared_clock_reset_block/coreclk_out" driven by instance "pcs_pma/inst/ten_gig_eth_pcs_pma_shared_clock_reset_block/coreclk_bufg_inst" located at site "BUFGCTRL_X0Y1"
#startgroup
create_pblock {CLKAG_pcs_pma/inst/ten_gig_eth_pcs_pma_shared_clock_reset_block/coreclk_out}
add_cells_to_pblock [get_pblocks  {CLKAG_pcs_pma/inst/ten_gig_eth_pcs_pma_shared_clock_reset_block/coreclk_out}] [get_cells -filter { PRIMITIVE_GROUP != I/O && IS_PRIMITIVE==1 && PRIMITIVE_LEVEL !=INTERNAL } -of_object [get_pins -filter {DIRECTION==IN} -of_objects [get_nets -hierarchical -filter {PARENT=="pcs_pma/inst/ten_gig_eth_pcs_pma_shared_clock_reset_block/coreclk_out"}]]]
resize_pblock [get_pblocks {CLKAG_pcs_pma/inst/ten_gig_eth_pcs_pma_shared_clock_reset_block/coreclk_out}] -add {CLOCKREGION_X1Y2:CLOCKREGION_X1Y2 CLOCKREGION_X1Y3:CLOCKREGION_X1Y3 CLOCKREGION_X1Y4:CLOCKREGION_X1Y4 CLOCKREGION_X1Y5:CLOCKREGION_X1Y5}
#endgroup

# Clock net "pcs_pma/inst/ten_gig_eth_pcs_pma_shared_clock_reset_block/CLK" driven by instance "pcs_pma/inst/ten_gig_eth_pcs_pma_shared_clock_reset_block/txoutclk_bufg_i" located at site "BUFGCTRL_X0Y0"
#startgroup
create_pblock {CLKAG_pcs_pma/inst/ten_gig_eth_pcs_pma_shared_clock_reset_block/CLK}
add_cells_to_pblock [get_pblocks  {CLKAG_pcs_pma/inst/ten_gig_eth_pcs_pma_shared_clock_reset_block/CLK}] [get_cells -filter { PRIMITIVE_GROUP != I/O && IS_PRIMITIVE==1 && PRIMITIVE_LEVEL !=INTERNAL } -of_object [get_pins -filter {DIRECTION==IN} -of_objects [get_nets -hierarchical -filter {PARENT=="pcs_pma/inst/ten_gig_eth_pcs_pma_shared_clock_reset_block/CLK"}]]]
resize_pblock [get_pblocks {CLKAG_pcs_pma/inst/ten_gig_eth_pcs_pma_shared_clock_reset_block/CLK}] -add {CLOCKREGION_X1Y2:CLOCKREGION_X1Y2 CLOCKREGION_X1Y3:CLOCKREGION_X1Y3}
#endgroup

# Clock net "pcs_pma/inst/ten_gig_eth_pcs_pma_block_i/ten_gig_eth_pcs_pma_0_local_clock_reset_block/CLK" driven by instance "pcs_pma/inst/ten_gig_eth_pcs_pma_block_i/ten_gig_eth_pcs_pma_0_local_clock_reset_block/rxoutclk_bufh_i" located at site "BUFHCE_X1Y36"
#startgroup
create_pblock {CLKAG_pcs_pma/inst/ten_gig_eth_pcs_pma_block_i/ten_gig_eth_pcs_pma_0_local_clock_reset_block/CLK}
add_cells_to_pblock [get_pblocks  {CLKAG_pcs_pma/inst/ten_gig_eth_pcs_pma_block_i/ten_gig_eth_pcs_pma_0_local_clock_reset_block/CLK}] [get_cells -filter { PRIMITIVE_GROUP != I/O && IS_PRIMITIVE==1 && PRIMITIVE_LEVEL !=INTERNAL } -of_object [get_pins -filter {DIRECTION==IN} -of_objects [get_nets -hierarchical -filter {PARENT=="pcs_pma/inst/ten_gig_eth_pcs_pma_block_i/ten_gig_eth_pcs_pma_0_local_clock_reset_block/CLK"}]]]
resize_pblock [get_pblocks {CLKAG_pcs_pma/inst/ten_gig_eth_pcs_pma_block_i/ten_gig_eth_pcs_pma_0_local_clock_reset_block/CLK}] -add {CLOCKREGION_X1Y3:CLOCKREGION_X1Y3}
#endgroup
