Copyright 1986-2022 Xilinx, Inc. All Rights Reserved. Copyright 2022-2023 Advanced Micro Devices, Inc. All Rights Reserved.
---------------------------------------------------------------------------------------------------------------------------------------------
| Tool Version : Vivado v.2023.2 (win64) Build 4029153 Fri Oct 13 20:14:34 MDT 2023
| Date         : Thu Jul 23 11:53:58 2026
| Host         : ECE-OP7010PC2 running 64-bit major release  (build 9200)
| Command      : report_control_sets -verbose -file top_control_sets_placed.rpt
| Design       : top
| Device       : xc7vx690t
---------------------------------------------------------------------------------------------------------------------------------------------

Control Set Information

Table of Contents
-----------------
1. Summary
2. Histogram
3. Flip-Flop Distribution
4. Detailed Control Set Information

1. Summary
----------

+----------------------------------------------------------+-------+
|                          Status                          | Count |
+----------------------------------------------------------+-------+
| Total control sets                                       |    93 |
|    Minimum number of control sets                        |    81 |
|    Addition due to synthesis replication                 |    12 |
|    Addition due to physical synthesis replication        |     0 |
| Unused register locations in slices containing registers |   350 |
+----------------------------------------------------------+-------+
* Control sets can be merged at opt_design using control_set_merge or merge_equivalent_drivers
** Run report_qor_suggestions for automated merging and remapping suggestions


2. Histogram
------------

+--------------------+-------+
|       Fanout       | Count |
+--------------------+-------+
| Total control sets |    93 |
| >= 0 to < 4        |    22 |
| >= 4 to < 6        |    22 |
| >= 6 to < 8        |     6 |
| >= 8 to < 10       |    12 |
| >= 10 to < 12      |     4 |
| >= 12 to < 14      |     0 |
| >= 14 to < 16      |     1 |
| >= 16              |    26 |
+--------------------+-------+
* Control sets can be remapped at either synth_design or opt_design


3. Flip-Flop Distribution
-------------------------

+--------------+-----------------------+------------------------+-----------------+--------------+
| Clock Enable | Synchronous Set/Reset | Asynchronous Set/Reset | Total Registers | Total Slices |
+--------------+-----------------------+------------------------+-----------------+--------------+
| No           | No                    | No                     |             649 |          159 |
| No           | No                    | Yes                    |             182 |           45 |
| No           | Yes                   | No                     |             283 |           98 |
| Yes          | No                    | No                     |             538 |          119 |
| Yes          | No                    | Yes                    |              69 |           18 |
| Yes          | Yes                   | No                     |             225 |           60 |
+--------------+-----------------------+------------------------+-----------------+--------------+


4. Detailed Control Set Information
-----------------------------------

+---------------------------------------------------------------------------------------------+-----------------------------------------------------------------------------------------------------------------------------------------------------------------------------------------------------------------------------------------+--------------------------------------------------------------------------------------------------------------------------------------------------------------------------------------------------------------------------------------+------------------+----------------+--------------+
|                                         Clock Signal                                        |                                                                                                              Enable Signal                                                                                                              |                                                                                                           Set/Reset Signal                                                                                                           | Slice Load Count | Bel Load Count | Bels / Slice |
+---------------------------------------------------------------------------------------------+-----------------------------------------------------------------------------------------------------------------------------------------------------------------------------------------------------------------------------------------+--------------------------------------------------------------------------------------------------------------------------------------------------------------------------------------------------------------------------------------+------------------+----------------+--------------+
|  pcs_pma/inst/ten_gig_eth_pcs_pma_block_i/ten_gig_eth_pcs_pma_0_local_clock_reset_block/CLK |                                                                                                                                                                                                                                         | pcs_pma/inst/ten_gig_eth_pcs_pma_block_i/ten_gig_eth_pcs_pma_0_core/ten_gig_eth_pcs_pma_inst/G_IS_BASER.ten_gig_eth_pcs_pma_inst/BASER.ten_gig_eth_pcs_pma_inst/pcs_top_i/rx_pcs_i/rxreset_6                                         |                1 |              1 |         1.00 |
|  pcs_pma/inst/ten_gig_eth_pcs_pma_shared_clock_reset_block/CLK                              |                                                                                                                                                                                                                                         | pcs_pma/inst/ten_gig_eth_pcs_pma_shared_clock_reset_block/gttxreset_txusrclk2_sync_i/gttxreset_txusrclk2                                                                                                                             |                1 |              1 |         1.00 |
|  pcs_pma/inst/ten_gig_eth_pcs_pma_shared_clock_reset_block/CLK                              |                                                                                                                                                                                                                                         | pcs_pma/inst/ten_gig_eth_pcs_pma_block_i/ten_gig_eth_pcs_pma_0_local_clock_reset_block/txreset_txusrclk2_sync_i/txreset_txusrclk2                                                                                                    |                1 |              1 |         1.00 |
|  pcs_pma/inst/ten_gig_eth_pcs_pma_block_i/ten_gig_eth_pcs_pma_0_local_clock_reset_block/CLK |                                                                                                                                                                                                                                         | pcs_pma/inst/ten_gig_eth_pcs_pma_block_i/ten_gig_eth_pcs_pma_0_local_clock_reset_block/rxreset_rxusrclk2_sync_i/rxreset_rxusrclk2                                                                                                    |                1 |              1 |         1.00 |
|  pcs_pma/inst/ten_gig_eth_pcs_pma_block_i/ten_gig_eth_pcs_pma_0_local_clock_reset_block/CLK |                                                                                                                                                                                                                                         | pcs_pma/inst/ten_gig_eth_pcs_pma_block_i/ten_gig_eth_pcs_pma_0_core/ten_gig_eth_pcs_pma_inst/G_IS_BASER.ten_gig_eth_pcs_pma_inst/BASER.ten_gig_eth_pcs_pma_inst/gt_slip                                                              |                1 |              1 |         1.00 |
|  pcs_pma/inst/ten_gig_eth_pcs_pma_block_i/ten_gig_eth_pcs_pma_0_local_clock_reset_block/CLK | pcs_pma/inst/ten_gig_eth_pcs_pma_block_i/ten_gig_eth_pcs_pma_0_core/ten_gig_eth_pcs_pma_inst/G_IS_BASER.ten_gig_eth_pcs_pma_inst/BASER.ten_gig_eth_pcs_pma_inst/G_7SERIES_RXRATECOUNTER.rxratecounter_i/rxusrclk2_en156_reg_rep__2_0[0] | pcs_pma/inst/ten_gig_eth_pcs_pma_block_i/ten_gig_eth_pcs_pma_0_core/ten_gig_eth_pcs_pma_inst/G_IS_BASER.ten_gig_eth_pcs_pma_inst/BASER.ten_gig_eth_pcs_pma_inst/pcs_top_i/rx_pcs_i/rxreset_4                                         |                1 |              1 |         1.00 |
|  pcs_pma/inst/ten_gig_eth_pcs_pma_block_i/ten_gig_eth_pcs_pma_0_local_clock_reset_block/CLK |                                                                                                                                                                                                                                         | pcs_pma/inst/ten_gig_eth_pcs_pma_block_i/ten_gig_eth_pcs_pma_0_core/ten_gig_eth_pcs_pma_inst/G_IS_BASER.ten_gig_eth_pcs_pma_inst/BASER.ten_gig_eth_pcs_pma_inst/pcs_top_i/rx_pcs_i/rxreset_2                                         |                2 |              2 |         1.00 |
|  pcs_pma/inst/ten_gig_eth_pcs_pma_shared_clock_reset_block/coreclk_out                      | pcs_pma/inst/ten_gig_eth_pcs_pma_block_i/ten_gig_eth_pcs_pma_0_core/ten_gig_eth_pcs_pma_inst/G_IS_BASER.ten_gig_eth_pcs_pma_inst/BASER.ten_gig_eth_pcs_pma_inst/pcs_top_i/tx_pcs_i/tx_encoder_i/tx_xgmii_ctrl_reg2[1]                   | pcs_pma/inst/ten_gig_eth_pcs_pma_block_i/ten_gig_eth_pcs_pma_0_core/ten_gig_eth_pcs_pma_inst/G_IS_BASER.ten_gig_eth_pcs_pma_inst/BASER.ten_gig_eth_pcs_pma_inst/pcs_top_i/tx_pcs_i/tx_encoder_i/c1[2]_i_1_n_0                        |                1 |              2 |         2.00 |
|  pcs_pma/inst/ten_gig_eth_pcs_pma_shared_clock_reset_block/coreclk_out                      | pcs_pma/inst/ten_gig_eth_pcs_pma_block_i/ten_gig_eth_pcs_pma_0_core/ten_gig_eth_pcs_pma_inst/G_IS_BASER.ten_gig_eth_pcs_pma_inst/BASER.ten_gig_eth_pcs_pma_inst/pcs_top_i/tx_pcs_i/tx_encoder_i/tx_xgmii_ctrl_reg2[1]                   |                                                                                                                                                                                                                                      |                1 |              2 |         2.00 |
|  pcs_pma/inst/ten_gig_eth_pcs_pma_shared_clock_reset_block/coreclk_out                      | pcs_pma/inst/ten_gig_eth_pcs_pma_block_i/ten_gig_eth_pcs_pma_0_core/ten_gig_eth_pcs_pma_inst/G_IS_BASER.ten_gig_eth_pcs_pma_inst/BASER.ten_gig_eth_pcs_pma_inst/pcs_top_i/tx_pcs_i/tx_encoder_i/tx_xgmii_ctrl_reg2[5]                   | pcs_pma/inst/ten_gig_eth_pcs_pma_block_i/ten_gig_eth_pcs_pma_0_core/ten_gig_eth_pcs_pma_inst/G_IS_BASER.ten_gig_eth_pcs_pma_inst/BASER.ten_gig_eth_pcs_pma_inst/pcs_top_i/tx_pcs_i/tx_encoder_i/c5[2]_i_1_n_0                        |                1 |              2 |         2.00 |
|  pcs_pma/inst/ten_gig_eth_pcs_pma_shared_clock_reset_block/coreclk_out                      | pcs_pma/inst/ten_gig_eth_pcs_pma_block_i/ten_gig_eth_pcs_pma_0_core/ten_gig_eth_pcs_pma_inst/G_IS_BASER.ten_gig_eth_pcs_pma_inst/BASER.ten_gig_eth_pcs_pma_inst/pcs_top_i/tx_pcs_i/tx_encoder_i/tx_xgmii_ctrl_reg2[2]                   |                                                                                                                                                                                                                                      |                1 |              2 |         2.00 |
|  pcs_pma/inst/ten_gig_eth_pcs_pma_shared_clock_reset_block/coreclk_out                      | pcs_pma/inst/ten_gig_eth_pcs_pma_block_i/ten_gig_eth_pcs_pma_0_core/ten_gig_eth_pcs_pma_inst/G_IS_BASER.ten_gig_eth_pcs_pma_inst/BASER.ten_gig_eth_pcs_pma_inst/pcs_top_i/tx_pcs_i/tx_encoder_i/tx_xgmii_ctrl_reg2[2]                   | pcs_pma/inst/ten_gig_eth_pcs_pma_block_i/ten_gig_eth_pcs_pma_0_core/ten_gig_eth_pcs_pma_inst/G_IS_BASER.ten_gig_eth_pcs_pma_inst/BASER.ten_gig_eth_pcs_pma_inst/pcs_top_i/tx_pcs_i/tx_encoder_i/c2[2]_i_1_n_0                        |                2 |              2 |         1.00 |
|  pcs_pma/inst/ten_gig_eth_pcs_pma_shared_clock_reset_block/coreclk_out                      | pcs_pma/inst/ten_gig_eth_pcs_pma_block_i/ten_gig_eth_pcs_pma_0_core/ten_gig_eth_pcs_pma_inst/G_IS_BASER.ten_gig_eth_pcs_pma_inst/BASER.ten_gig_eth_pcs_pma_inst/pcs_top_i/tx_pcs_i/tx_encoder_i/tx_xgmii_ctrl_reg2[5]                   |                                                                                                                                                                                                                                      |                1 |              2 |         2.00 |
|  pcs_pma/inst/ten_gig_eth_pcs_pma_shared_clock_reset_block/coreclk_out                      | pcs_pma/inst/ten_gig_eth_pcs_pma_block_i/ten_gig_eth_pcs_pma_0_core/ten_gig_eth_pcs_pma_inst/G_IS_BASER.ten_gig_eth_pcs_pma_inst/BASER.ten_gig_eth_pcs_pma_inst/pcs_top_i/tx_pcs_i/tx_encoder_i/tx_xgmii_ctrl_reg2[7]                   |                                                                                                                                                                                                                                      |                2 |              2 |         1.00 |
|  pcs_pma/inst/ten_gig_eth_pcs_pma_shared_clock_reset_block/coreclk_out                      | pcs_pma/inst/ten_gig_eth_pcs_pma_block_i/ten_gig_eth_pcs_pma_0_core/ten_gig_eth_pcs_pma_inst/G_IS_BASER.ten_gig_eth_pcs_pma_inst/BASER.ten_gig_eth_pcs_pma_inst/pcs_top_i/tx_pcs_i/tx_encoder_i/tx_xgmii_ctrl_reg2[7]                   | pcs_pma/inst/ten_gig_eth_pcs_pma_block_i/ten_gig_eth_pcs_pma_0_core/ten_gig_eth_pcs_pma_inst/G_IS_BASER.ten_gig_eth_pcs_pma_inst/BASER.ten_gig_eth_pcs_pma_inst/pcs_top_i/tx_pcs_i/tx_encoder_i/c7[2]_i_1_n_0                        |                1 |              2 |         2.00 |
|  pcs_pma/inst/ten_gig_eth_pcs_pma_shared_clock_reset_block/coreclk_out                      | pcs_pma/inst/ten_gig_eth_pcs_pma_block_i/ten_gig_eth_pcs_pma_0_core/ten_gig_eth_pcs_pma_inst/G_IS_BASER.ten_gig_eth_pcs_pma_inst/BASER.ten_gig_eth_pcs_pma_inst/pcs_top_i/tx_pcs_i/tx_encoder_i/tx_xgmii_ctrl_reg2[3]                   |                                                                                                                                                                                                                                      |                1 |              2 |         2.00 |
|  pcs_pma/inst/ten_gig_eth_pcs_pma_shared_clock_reset_block/coreclk_out                      | pcs_pma/inst/ten_gig_eth_pcs_pma_block_i/ten_gig_eth_pcs_pma_0_core/ten_gig_eth_pcs_pma_inst/G_IS_BASER.ten_gig_eth_pcs_pma_inst/BASER.ten_gig_eth_pcs_pma_inst/pcs_top_i/tx_pcs_i/tx_encoder_i/tx_xgmii_ctrl_reg2[3]                   | pcs_pma/inst/ten_gig_eth_pcs_pma_block_i/ten_gig_eth_pcs_pma_0_core/ten_gig_eth_pcs_pma_inst/G_IS_BASER.ten_gig_eth_pcs_pma_inst/BASER.ten_gig_eth_pcs_pma_inst/pcs_top_i/tx_pcs_i/tx_encoder_i/c3[2]_i_1_n_0                        |                1 |              2 |         2.00 |
|  pcs_pma/inst/ten_gig_eth_pcs_pma_shared_clock_reset_block/coreclk_out                      | pcs_pma/inst/ten_gig_eth_pcs_pma_block_i/ten_gig_eth_pcs_pma_0_core/ten_gig_eth_pcs_pma_inst/G_IS_BASER.ten_gig_eth_pcs_pma_inst/BASER.ten_gig_eth_pcs_pma_inst/pcs_top_i/tx_pcs_i/tx_encoder_i/tx_xgmii_ctrl_reg2[6]                   |                                                                                                                                                                                                                                      |                1 |              2 |         2.00 |
|  pcs_pma/inst/ten_gig_eth_pcs_pma_shared_clock_reset_block/coreclk_out                      | pcs_pma/inst/ten_gig_eth_pcs_pma_block_i/ten_gig_eth_pcs_pma_0_core/ten_gig_eth_pcs_pma_inst/G_IS_BASER.ten_gig_eth_pcs_pma_inst/BASER.ten_gig_eth_pcs_pma_inst/pcs_top_i/tx_pcs_i/tx_encoder_i/tx_xgmii_ctrl_reg2[6]                   | pcs_pma/inst/ten_gig_eth_pcs_pma_block_i/ten_gig_eth_pcs_pma_0_core/ten_gig_eth_pcs_pma_inst/G_IS_BASER.ten_gig_eth_pcs_pma_inst/BASER.ten_gig_eth_pcs_pma_inst/pcs_top_i/tx_pcs_i/tx_encoder_i/c6[2]_i_1_n_0                        |                1 |              2 |         2.00 |
|  pcs_pma/inst/ten_gig_eth_pcs_pma_shared_clock_reset_block/coreclk_out                      |                                                                                                                                                                                                                                         | pcs_pma/inst/ten_gig_eth_pcs_pma_shared_clock_reset_block/areset_coreclk_sync_i/SS[0]                                                                                                                                                |                1 |              3 |         3.00 |
|  pcs_pma/inst/ten_gig_eth_pcs_pma_block_i/ten_gig_eth_pcs_pma_0_local_clock_reset_block/CLK | pcs_pma/inst/ten_gig_eth_pcs_pma_block_i/cable_pull_logic_i/gearboxslipignorecount[2]_i_1_n_0                                                                                                                                           | pcs_pma/inst/ten_gig_eth_pcs_pma_block_i/ten_gig_eth_pcs_pma_0_core/ten_gig_eth_pcs_pma_inst/G_IS_BASER.ten_gig_eth_pcs_pma_inst/BASER.ten_gig_eth_pcs_pma_inst/gt_slip                                                              |                1 |              3 |         3.00 |
|  pcs_pma/inst/ten_gig_eth_pcs_pma_block_i/ten_gig_eth_pcs_pma_0_local_clock_reset_block/CLK | pcs_pma/inst/ten_gig_eth_pcs_pma_block_i/ten_gig_eth_pcs_pma_0_core/ten_gig_eth_pcs_pma_inst/G_IS_BASER.ten_gig_eth_pcs_pma_inst/BASER.ten_gig_eth_pcs_pma_inst/G_7SERIES_RXRATECOUNTER.rxratecounter_i/rxusrclk2_en156_reg_rep__2_0[0] | pcs_pma/inst/ten_gig_eth_pcs_pma_block_i/ten_gig_eth_pcs_pma_0_core/ten_gig_eth_pcs_pma_inst/G_IS_BASER.ten_gig_eth_pcs_pma_inst/BASER.ten_gig_eth_pcs_pma_inst/pcs_top_i/rx_pcs_i/rxreset_5                                         |                1 |              3 |         3.00 |
|  pcs_pma/inst/ten_gig_eth_pcs_pma_block_i/ten_gig_eth_pcs_pma_0_local_clock_reset_block/CLK |                                                                                                                                                                                                                                         | pcs_pma/inst/ten_gig_eth_pcs_pma_block_i/ten_gig_eth_pcs_pma_0_core/ten_gig_eth_pcs_pma_inst/G_IS_BASER.ten_gig_eth_pcs_pma_inst/BASER.ten_gig_eth_pcs_pma_inst/pcs_top_i/rx_pcs_i/synch_signal_ok/SR[0]                             |                2 |              4 |         2.00 |
|  pcs_pma/inst/ten_gig_eth_pcs_pma_shared_clock_reset_block/coreclk_out                      |                                                                                                                                                                                                                                         | pcs_pma/inst/ten_gig_eth_pcs_pma_block_i/ten_gig_eth_pcs_pma_0_local_clock_reset_block/coreclk_reset_tx_sync_i/AS[0]                                                                                                                 |                3 |              4 |         1.33 |
|  pcs_pma/inst/ten_gig_eth_pcs_pma_block_i/ten_gig_eth_pcs_pma_0_local_clock_reset_block/CLK | pcs_pma/inst/ten_gig_eth_pcs_pma_block_i/ten_gig_eth_pcs_pma_0_core/ten_gig_eth_pcs_pma_inst/G_IS_BASER.ten_gig_eth_pcs_pma_inst/BASER.ten_gig_eth_pcs_pma_inst/G_7SERIES_RXRATECOUNTER.rxratecounter_i/rxusrclk2_en156_reg_rep__2_0[1] |                                                                                                                                                                                                                                      |                1 |              4 |         4.00 |
|  pcs_pma/inst/ten_gig_eth_pcs_pma_block_i/ten_gig_eth_pcs_pma_0_local_clock_reset_block/CLK | pcs_pma/inst/ten_gig_eth_pcs_pma_block_i/ten_gig_eth_pcs_pma_0_core/ten_gig_eth_pcs_pma_inst/G_IS_BASER.ten_gig_eth_pcs_pma_inst/BASER.ten_gig_eth_pcs_pma_inst/pcs_top_i/rx_pcs_i/rx_block_lock_fsm_i/mcp1_sh_invalid_cnt[3]_i_1_n_0   | pcs_pma/inst/ten_gig_eth_pcs_pma_block_i/ten_gig_eth_pcs_pma_0_core/ten_gig_eth_pcs_pma_inst/G_IS_BASER.ten_gig_eth_pcs_pma_inst/BASER.ten_gig_eth_pcs_pma_inst/pcs_top_i/rx_pcs_i/synch_signal_ok/SR[0]                             |                1 |              4 |         4.00 |
|  pcs_pma/inst/ten_gig_eth_pcs_pma_shared_clock_reset_block/coreclk_out                      | pcs_pma/inst/ten_gig_eth_pcs_pma_block_i/ten_gig_eth_pcs_pma_0_core/ten_gig_eth_pcs_pma_inst/G_IS_BASER.ten_gig_eth_pcs_pma_inst/BASER.ten_gig_eth_pcs_pma_inst/pcs_top_i/tx_pcs_i/tx_encoder_i/c0[4]_i_2_n_0                           | pcs_pma/inst/ten_gig_eth_pcs_pma_block_i/ten_gig_eth_pcs_pma_0_core/ten_gig_eth_pcs_pma_inst/G_IS_BASER.ten_gig_eth_pcs_pma_inst/BASER.ten_gig_eth_pcs_pma_inst/pcs_top_i/tx_pcs_i/tx_encoder_i/c0[4]_i_1_n_0                        |                2 |              4 |         2.00 |
|  pcs_pma/inst/ten_gig_eth_pcs_pma_shared_clock_reset_block/coreclk_out                      | pcs_pma/inst/ten_gig_eth_pcs_pma_shared_clock_reset_block/Q[0]                                                                                                                                                                          | pcs_pma/inst/ten_gig_eth_pcs_pma_shared_clock_reset_block/areset_coreclk_sync_i/SS[0]                                                                                                                                                |                2 |              4 |         2.00 |
|  pcs_pma/inst/ten_gig_eth_pcs_pma_shared_clock_reset_block/coreclk_out                      | pcs_pma/inst/ten_gig_eth_pcs_pma_block_i/ten_gig_eth_pcs_pma_0_core/ten_gig_eth_pcs_pma_inst/G_IS_BASER.ten_gig_eth_pcs_pma_inst/BASER.ten_gig_eth_pcs_pma_inst/pcs_top_i/tx_pcs_i/tx_encoder_i/c4[4]_i_2_n_0                           | pcs_pma/inst/ten_gig_eth_pcs_pma_block_i/ten_gig_eth_pcs_pma_0_core/ten_gig_eth_pcs_pma_inst/G_IS_BASER.ten_gig_eth_pcs_pma_inst/BASER.ten_gig_eth_pcs_pma_inst/pcs_top_i/tx_pcs_i/tx_encoder_i/c4[4]_i_1_n_0                        |                1 |              4 |         4.00 |
|  pcs_pma/inst/ten_gig_eth_pcs_pma_block_i/ten_gig_eth_pcs_pma_0_local_clock_reset_block/CLK | pcs_pma/inst/ten_gig_eth_pcs_pma_block_i/ten_gig_eth_pcs_pma_0_core/ten_gig_eth_pcs_pma_inst/G_IS_BASER.ten_gig_eth_pcs_pma_inst/BASER.ten_gig_eth_pcs_pma_inst/pcs_top_i/rx_pcs_i/rx_ber_mon_fsm_i/mcp1_ber_cnt[4]_i_1_n_0             |                                                                                                                                                                                                                                      |                2 |              4 |         2.00 |
|  pcs_pma/inst/ten_gig_eth_pcs_pma_block_i/ten_gig_eth_pcs_pma_0_local_clock_reset_block/CLK |                                                                                                                                                                                                                                         | pcs_pma/inst/ten_gig_eth_pcs_pma_gt_common_block/AR[0]                                                                                                                                                                               |                1 |              5 |         5.00 |
|  pcs_pma/inst/ten_gig_eth_pcs_pma_block_i/ten_gig_eth_pcs_pma_0_local_clock_reset_block/CLK |                                                                                                                                                                                                                                         | pcs_pma/inst/ten_gig_eth_pcs_pma_block_i/gt0_gtrxreset_i                                                                                                                                                                             |                1 |              5 |         5.00 |
|  pcs_pma/inst/ten_gig_eth_pcs_pma_block_i/ten_gig_eth_pcs_pma_0_local_clock_reset_block/CLK |                                                                                                                                                                                                                                         | pcs_pma/inst/ten_gig_eth_pcs_pma_block_i/ten_gig_eth_pcs_pma_0_local_clock_reset_block/coreclk_reset_rx_sync_i/AS[0]                                                                                                                 |                1 |              5 |         5.00 |
|  pcs_pma/inst/ten_gig_eth_pcs_pma_shared_clock_reset_block/coreclk_out                      |                                                                                                                                                                                                                                         | pcs_pma/inst/ten_gig_eth_pcs_pma_shared_clock_reset_block/reset_pulse_reg[0]_0[0]                                                                                                                                                    |                1 |              5 |         5.00 |
|  pcs_pma/inst/ten_gig_eth_pcs_pma_shared_clock_reset_block/coreclk_out                      |                                                                                                                                                                                                                                         | pcs_pma/inst/ten_gig_eth_pcs_pma_block_i/ten_gig_eth_pcs_pma_0_local_clock_reset_block/coreclk_areset_sync_i/data_out_reg_0[0]                                                                                                       |                1 |              5 |         5.00 |
|  pcs_pma/inst/ten_gig_eth_pcs_pma_block_i/ten_gig_eth_pcs_pma_0_local_clock_reset_block/CLK |                                                                                                                                                                                                                                         | system_clock_divider/reset                                                                                                                                                                                                           |                1 |              5 |         5.00 |
|  pcs_pma/inst/ten_gig_eth_pcs_pma_block_i/ten_gig_eth_pcs_pma_0_local_clock_reset_block/CLK |                                                                                                                                                                                                                                         | pcs_pma/inst/ten_gig_eth_pcs_pma_block_i/cable_pull_logic_i/cable_unpull_reset_rising                                                                                                                                                |                1 |              5 |         5.00 |
|  pcs_pma/inst/ten_gig_eth_pcs_pma_shared_clock_reset_block/CLK                              |                                                                                                                                                                                                                                         | pcs_pma/inst/ten_gig_eth_pcs_pma_shared_clock_reset_block/reset_pulse_reg[0]_0[0]                                                                                                                                                    |                1 |              5 |         5.00 |
|  pcs_pma/inst/ten_gig_eth_pcs_pma_shared_clock_reset_block/coreclk_out                      |                                                                                                                                                                                                                                         | pcs_pma/inst/ten_gig_eth_pcs_pma_gt_common_block/AR[0]                                                                                                                                                                               |                1 |              5 |         5.00 |
|  pcs_pma/inst/ten_gig_eth_pcs_pma_block_i/ten_gig_eth_pcs_pma_0_local_clock_reset_block/CLK | pcs_pma/inst/ten_gig_eth_pcs_pma_block_i/ten_gig_eth_pcs_pma_0_core/ten_gig_eth_pcs_pma_inst/G_IS_BASER.ten_gig_eth_pcs_pma_inst/BASER.ten_gig_eth_pcs_pma_inst/G_7SERIES_RXRATECOUNTER.rxratecounter_i/E[0]                            | pcs_pma/inst/ten_gig_eth_pcs_pma_block_i/ten_gig_eth_pcs_pma_0_core/ten_gig_eth_pcs_pma_inst/G_IS_BASER.ten_gig_eth_pcs_pma_inst/BASER.ten_gig_eth_pcs_pma_inst/pcs_top_i/rx_pcs_i/rx_block_lock_fsm_i/mcp1_slip_done_cnt[4]_i_1_n_0 |                1 |              5 |         5.00 |
|  pcs_pma/inst/ten_gig_eth_pcs_pma_shared_clock_reset_block/coreclk_out                      |                                                                                                                                                                                                                                         | pcs_pma/inst/ten_gig_eth_pcs_pma_block_i/ten_gig_eth_pcs_pma_0_local_clock_reset_block/coreclk_areset_sync_i/AS[0]                                                                                                                   |                1 |              5 |         5.00 |
|  system_clock_divider/clk_100_out                                                           |                                                                                                                                                                                                                                         | system_clock_divider/reset                                                                                                                                                                                                           |                1 |              5 |         5.00 |
|  system_clock_divider/clk_100_out                                                           |                                                                                                                                                                                                                                         | pcs_pma/inst/ten_gig_eth_pcs_pma_block_i/ten_gig_eth_pcs_pma_0_local_clock_reset_block/dclk_reset_rx_tmp__0                                                                                                                          |                1 |              5 |         5.00 |
|  pcs_pma/inst/ten_gig_eth_pcs_pma_block_i/ten_gig_eth_pcs_pma_0_local_clock_reset_block/CLK |                                                                                                                                                                                                                                         | pcs_pma/inst/ten_gig_eth_pcs_pma_block_i/cable_pull_logic_i/cable_pull_reset_rising                                                                                                                                                  |                1 |              5 |         5.00 |
|  pcs_pma/inst/ten_gig_eth_pcs_pma_block_i/ten_gig_eth_pcs_pma_0_local_clock_reset_block/CLK | pcs_pma/inst/ten_gig_eth_pcs_pma_block_i/ten_gig_eth_pcs_pma_0_core/ten_gig_eth_pcs_pma_inst/G_IS_BASER.ten_gig_eth_pcs_pma_inst/BASER.ten_gig_eth_pcs_pma_inst/G_7SERIES_RXRATECOUNTER.rxratecounter_i/rxusrclk2_en156_reg_rep__2_0[0] |                                                                                                                                                                                                                                      |                2 |              6 |         3.00 |
|  pcs_pma/inst/ten_gig_eth_pcs_pma_block_i/ten_gig_eth_pcs_pma_0_local_clock_reset_block/CLK | pcs_pma/inst/ten_gig_eth_pcs_pma_block_i/ten_gig_eth_pcs_pma_0_core/ten_gig_eth_pcs_pma_inst/G_IS_BASER.ten_gig_eth_pcs_pma_inst/BASER.ten_gig_eth_pcs_pma_inst/pcs_top_i/rx_pcs_i/rx_pcs_fsm_i/sel                                     | pcs_pma/inst/ten_gig_eth_pcs_pma_block_i/ten_gig_eth_pcs_pma_0_core/ten_gig_eth_pcs_pma_inst/G_IS_BASER.ten_gig_eth_pcs_pma_inst/BASER.ten_gig_eth_pcs_pma_inst/pcs_top_i/rx_pcs_i/rx_pcs_fsm_i/b_lock_deassert_count[4]_i_1_n_0     |                2 |              6 |         3.00 |
|  pcs_pma/inst/ten_gig_eth_pcs_pma_block_i/ten_gig_eth_pcs_pma_0_local_clock_reset_block/CLK | pcs_pma/inst/ten_gig_eth_pcs_pma_block_i/ten_gig_eth_pcs_pma_0_core/ten_gig_eth_pcs_pma_inst/G_IS_BASER.ten_gig_eth_pcs_pma_inst/BASER.ten_gig_eth_pcs_pma_inst/pcs_top_i/rx_pcs_i/rx_block_lock_fsm_i/mcp1_sh_cnt[5]_i_1_n_0           | pcs_pma/inst/ten_gig_eth_pcs_pma_block_i/ten_gig_eth_pcs_pma_0_core/ten_gig_eth_pcs_pma_inst/G_IS_BASER.ten_gig_eth_pcs_pma_inst/BASER.ten_gig_eth_pcs_pma_inst/pcs_top_i/rx_pcs_i/synch_signal_ok/SR[0]                             |                2 |              6 |         3.00 |
|  pcs_pma/inst/ten_gig_eth_pcs_pma_shared_clock_reset_block/CLK                              |                                                                                                                                                                                                                                         | pcs_pma/inst/ten_gig_eth_pcs_pma_block_i/ten_gig_eth_pcs_pma_0_core/ten_gig_eth_pcs_pma_inst/G_IS_BASER.ten_gig_eth_pcs_pma_inst/BASER.ten_gig_eth_pcs_pma_inst/G_7SERIES_TXFIFO.txratefifo_i/txsequence_int0                        |                2 |              7 |         3.50 |
|  pcs_pma/inst/ten_gig_eth_pcs_pma_block_i/ten_gig_eth_pcs_pma_0_local_clock_reset_block/CLK | pcs_pma/inst/ten_gig_eth_pcs_pma_block_i/ten_gig_eth_pcs_pma_0_core/ten_gig_eth_pcs_pma_inst/G_IS_BASER.ten_gig_eth_pcs_pma_inst/BASER.ten_gig_eth_pcs_pma_inst/G_7SERIES_RXRATECOUNTER.rxratecounter_i/rxusrclk2_en156_reg_rep__5_0[2] |                                                                                                                                                                                                                                      |                3 |              7 |         2.33 |
|  pcs_pma/inst/ten_gig_eth_pcs_pma_shared_clock_reset_block/CLK                              |                                                                                                                                                                                                                                         | pcs_pma/inst/ten_gig_eth_pcs_pma_block_i/ten_gig_eth_pcs_pma_0_local_clock_reset_block/coreclk_reset_tx_sync_i/AS[0]                                                                                                                 |                1 |              7 |         7.00 |
|  pcs_pma/inst/ten_gig_eth_pcs_pma_shared_clock_reset_block/coreclk_out                      |                                                                                                                                                                                                                                         | pcs_pma/inst/ten_gig_eth_pcs_pma_block_i/ten_gig_eth_pcs_pma_0_core/ten_gig_eth_pcs_pma_inst/G_IS_BASER.ten_gig_eth_pcs_pma_inst/BASER.ten_gig_eth_pcs_pma_inst/pcs_top_i/tx_pcs_i/tx_encoder_i/tx_xgmii_valid_code1__11             |                7 |              8 |         1.14 |
|  pcs_pma/inst/ten_gig_eth_pcs_pma_shared_clock_reset_block/coreclk_out                      | pcs_pma/inst/ten_gig_eth_pcs_pma_block_i/ten_gig_eth_pcs_pma_0_core/ten_gig_eth_pcs_pma_inst/G_IS_BASER.ten_gig_eth_pcs_pma_inst/BASER.ten_gig_eth_pcs_pma_inst/pcs_top_i/tx_pcs_i/tx_encoder_i/d6[7]_i_1_n_0                           |                                                                                                                                                                                                                                      |                1 |              8 |         8.00 |
|  pcs_pma/inst/ten_gig_eth_pcs_pma_shared_clock_reset_block/coreclk_out                      | pcs_pma/inst/ten_gig_eth_pcs_pma_block_i/ten_gig_eth_pcs_pma_0_core/ten_gig_eth_pcs_pma_inst/G_IS_BASER.ten_gig_eth_pcs_pma_inst/BASER.ten_gig_eth_pcs_pma_inst/pcs_top_i/tx_pcs_i/tx_encoder_i/d3[7]_i_1_n_0                           |                                                                                                                                                                                                                                      |                2 |              8 |         4.00 |
|  pcs_pma/inst/ten_gig_eth_pcs_pma_shared_clock_reset_block/coreclk_out                      | pcs_pma/inst/ten_gig_eth_pcs_pma_block_i/ten_gig_eth_pcs_pma_0_core/ten_gig_eth_pcs_pma_inst/G_IS_BASER.ten_gig_eth_pcs_pma_inst/BASER.ten_gig_eth_pcs_pma_inst/pcs_top_i/tx_pcs_i/tx_encoder_i/d4[7]_i_1_n_0                           |                                                                                                                                                                                                                                      |                2 |              8 |         4.00 |
|  pcs_pma/inst/ten_gig_eth_pcs_pma_shared_clock_reset_block/coreclk_out                      | pcs_pma/inst/ten_gig_eth_pcs_pma_block_i/ten_gig_eth_pcs_pma_0_core/ten_gig_eth_pcs_pma_inst/G_IS_BASER.ten_gig_eth_pcs_pma_inst/BASER.ten_gig_eth_pcs_pma_inst/pcs_top_i/tx_pcs_i/tx_encoder_i/d1[7]_i_1_n_0                           |                                                                                                                                                                                                                                      |                2 |              8 |         4.00 |
|  pcs_pma/inst/ten_gig_eth_pcs_pma_shared_clock_reset_block/coreclk_out                      | pcs_pma/inst/ten_gig_eth_pcs_pma_block_i/ten_gig_eth_pcs_pma_0_core/ten_gig_eth_pcs_pma_inst/G_IS_BASER.ten_gig_eth_pcs_pma_inst/BASER.ten_gig_eth_pcs_pma_inst/pcs_top_i/tx_pcs_i/tx_encoder_i/d7[7]_i_1_n_0                           |                                                                                                                                                                                                                                      |                2 |              8 |         4.00 |
|  pcs_pma/inst/ten_gig_eth_pcs_pma_shared_clock_reset_block/coreclk_out                      | pcs_pma/inst/ten_gig_eth_pcs_pma_block_i/ten_gig_eth_pcs_pma_0_core/ten_gig_eth_pcs_pma_inst/G_IS_BASER.ten_gig_eth_pcs_pma_inst/BASER.ten_gig_eth_pcs_pma_inst/pcs_top_i/tx_pcs_i/tx_encoder_i/d5[7]_i_1_n_0                           |                                                                                                                                                                                                                                      |                2 |              8 |         4.00 |
|  pcs_pma/inst/ten_gig_eth_pcs_pma_shared_clock_reset_block/coreclk_out                      | pcs_pma/inst/ten_gig_eth_pcs_pma_block_i/ten_gig_eth_pcs_pma_0_core/ten_gig_eth_pcs_pma_inst/G_IS_BASER.ten_gig_eth_pcs_pma_inst/BASER.ten_gig_eth_pcs_pma_inst/pcs_top_i/tx_pcs_i/tx_encoder_i/d2[7]_i_1_n_0                           |                                                                                                                                                                                                                                      |                3 |              8 |         2.67 |
|  pcs_pma/inst/ten_gig_eth_pcs_pma_shared_clock_reset_block/coreclk_out                      | pcs_pma/inst/ten_gig_eth_pcs_pma_block_i/ten_gig_eth_pcs_pma_0_core/ten_gig_eth_pcs_pma_inst/G_IS_BASER.ten_gig_eth_pcs_pma_inst/BASER.ten_gig_eth_pcs_pma_inst/pcs_top_i/tx_pcs_i/tx_encoder_i/d0[7]_i_1_n_0                           |                                                                                                                                                                                                                                      |                2 |              8 |         4.00 |
|  pcs_pma/inst/ten_gig_eth_pcs_pma_block_i/ten_gig_eth_pcs_pma_0_local_clock_reset_block/CLK | pcs_pma/inst/ten_gig_eth_pcs_pma_block_i/cable_pull_logic_i/gearboxslipignore                                                                                                                                                           | pcs_pma/inst/ten_gig_eth_pcs_pma_block_i/cable_pull_logic_i/cable_pull_reset_rising_rxusrclk2_sync_i/cable_pull_reset_rising_rxusrclk2                                                                                               |                1 |              8 |         8.00 |
|  pcs_pma/inst/ten_gig_eth_pcs_pma_block_i/ten_gig_eth_pcs_pma_0_local_clock_reset_block/CLK | pcs_pma/inst/ten_gig_eth_pcs_pma_block_i/ten_gig_eth_pcs_pma_0_core/ten_gig_eth_pcs_pma_inst/G_IS_BASER.ten_gig_eth_pcs_pma_inst/BASER.ten_gig_eth_pcs_pma_inst/G_7SERIES_RXRATECOUNTER.rxratecounter_i/rxusrclk2_en156_reg_rep__5_0[0] |                                                                                                                                                                                                                                      |                2 |              9 |         4.50 |
|  pcs_pma/inst/ten_gig_eth_pcs_pma_shared_clock_reset_block/coreclk_out                      | pcs_pma/inst/ten_gig_eth_pcs_pma_shared_clock_reset_block/sel                                                                                                                                                                           |                                                                                                                                                                                                                                      |                2 |              9 |         4.50 |
|  pcs_pma/inst/ten_gig_eth_pcs_pma_shared_clock_reset_block/CLK                              |                                                                                                                                                                                                                                         | pcs_pma/inst/ten_gig_eth_pcs_pma_gt_common_block/AR[0]                                                                                                                                                                               |                2 |             10 |         5.00 |
|  pcs_pma/inst/ten_gig_eth_pcs_pma_shared_clock_reset_block/coreclk_out                      |                                                                                                                                                                                                                                         | system_clock_divider/reset                                                                                                                                                                                                           |                2 |             10 |         5.00 |
|  pcs_pma/inst/ten_gig_eth_pcs_pma_block_i/ten_gig_eth_pcs_pma_0_local_clock_reset_block/CLK | pcs_pma/inst/ten_gig_eth_pcs_pma_block_i/cable_pull_logic_i/cable_unpull_watchdog_event                                                                                                                                                 | pcs_pma/inst/ten_gig_eth_pcs_pma_block_i/cable_pull_logic_i/cable_unpull_reset_rising_rxusrclk2_sync_i/SR[0]                                                                                                                         |                4 |             11 |         2.75 |
|  pcs_pma/inst/ten_gig_eth_pcs_pma_shared_clock_reset_block/coreclk_out                      | test_transmitter/FSM_onehot_state[10]_i_1_n_0                                                                                                                                                                                           | test_transmitter_i_1_n_0                                                                                                                                                                                                             |                3 |             11 |         3.67 |
|  pcs_pma/inst/ten_gig_eth_pcs_pma_shared_clock_reset_block/coreclk_out                      | pcs_pma/inst/ten_gig_eth_pcs_pma_block_i/ten_gig_eth_pcs_pma_0_core/ten_gig_eth_pcs_pma_inst/G_IS_BASER.ten_gig_eth_pcs_pma_inst/BASER.ten_gig_eth_pcs_pma_inst/G_7SERIES_TXFIFO.txratefifo_i/asynch_fifo_i/dp_ram_i/E[0]               | pcs_pma/inst/ten_gig_eth_pcs_pma_block_i/ten_gig_eth_pcs_pma_0_local_clock_reset_block/coreclk_reset_tx_sync_i/AS[0]                                                                                                                 |                3 |             14 |         4.67 |
|  pcs_pma/inst/ten_gig_eth_pcs_pma_block_i/ten_gig_eth_pcs_pma_0_local_clock_reset_block/CLK | pcs_pma/inst/ten_gig_eth_pcs_pma_block_i/ten_gig_eth_pcs_pma_0_core/ten_gig_eth_pcs_pma_inst/G_IS_BASER.ten_gig_eth_pcs_pma_inst/BASER.ten_gig_eth_pcs_pma_inst/pcs_top_i/rx_pcs_i/rx_ber_mon_fsm_i/mcp1_timer_125us[15]_i_1_n_0        |                                                                                                                                                                                                                                      |                6 |             16 |         2.67 |
|  pcs_pma/inst/ten_gig_eth_pcs_pma_shared_clock_reset_block/CLK                              | pcs_pma/inst/ten_gig_eth_pcs_pma_block_i/ten_gig_eth_pcs_pma_0_core/ten_gig_eth_pcs_pma_inst/G_IS_BASER.ten_gig_eth_pcs_pma_inst/BASER.ten_gig_eth_pcs_pma_inst/G_7SERIES_TXFIFO.txratefifo_i/asynch_fifo_i/empty_allow0                | pcs_pma/inst/ten_gig_eth_pcs_pma_block_i/ten_gig_eth_pcs_pma_0_local_clock_reset_block/txreset_txusrclk2_sync_i/txreset_txusrclk2                                                                                                    |                4 |             19 |         4.75 |
|  pcs_pma/inst/ten_gig_eth_pcs_pma_block_i/ten_gig_eth_pcs_pma_0_local_clock_reset_block/CLK | pcs_pma/inst/ten_gig_eth_pcs_pma_block_i/cable_pull_logic_i/cable_unpull_reset1                                                                                                                                                         | pcs_pma/inst/ten_gig_eth_pcs_pma_block_i/cable_pull_logic_i/cable_unpull_reset_rising_rxusrclk2_sync_i/data_out_reg_0                                                                                                                |                5 |             20 |         4.00 |
|  pcs_pma/inst/ten_gig_eth_pcs_pma_block_i/ten_gig_eth_pcs_pma_0_local_clock_reset_block/CLK | pcs_pma/inst/ten_gig_eth_pcs_pma_block_i/cable_pull_logic_i/cable_pull_watchdog_event0                                                                                                                                                  | pcs_pma/inst/ten_gig_eth_pcs_pma_block_i/cable_pull_logic_i/cable_pull_reset_rising_rxusrclk2_sync_i/data_out_reg_0                                                                                                                  |                5 |             20 |         4.00 |
|  pcs_pma/inst/ten_gig_eth_pcs_pma_block_i/ten_gig_eth_pcs_pma_0_local_clock_reset_block/CLK |                                                                                                                                                                                                                                         | pcs_pma/inst/ten_gig_eth_pcs_pma_block_i/ten_gig_eth_pcs_pma_0_core/ten_gig_eth_pcs_pma_inst/G_IS_BASER.ten_gig_eth_pcs_pma_inst/BASER.ten_gig_eth_pcs_pma_inst/pcs_top_i/rx_pcs_i/rx_pcs_fsm_i/b_lock_count[0]_i_1_n_0              |                5 |             20 |         4.00 |
|  pcs_pma/inst/ten_gig_eth_pcs_pma_block_i/ten_gig_eth_pcs_pma_0_local_clock_reset_block/CLK | pcs_pma/inst/ten_gig_eth_pcs_pma_block_i/ten_gig_eth_pcs_pma_0_core/ten_gig_eth_pcs_pma_inst/G_IS_BASER.ten_gig_eth_pcs_pma_inst/BASER.ten_gig_eth_pcs_pma_inst/G_7SERIES_RXRATECOUNTER.rxratecounter_i/rxusrclk2_en156_reg_rep__6_0[0] |                                                                                                                                                                                                                                      |                3 |             21 |         7.00 |
|  pcs_pma/inst/ten_gig_eth_pcs_pma_block_i/ten_gig_eth_pcs_pma_0_local_clock_reset_block/CLK | pcs_pma/inst/ten_gig_eth_pcs_pma_block_i/ten_gig_eth_pcs_pma_0_local_clock_reset_block/rxuserrdy_counter1_carry__1_n_7                                                                                                                  | pcs_pma/inst/ten_gig_eth_pcs_pma_block_i/ten_gig_eth_pcs_pma_0_local_clock_reset_block/gtrxreset_rxusrclk2_sync_i/rxuserrdy_counter0                                                                                                 |                6 |             24 |         4.00 |
|  pcs_pma/inst/ten_gig_eth_pcs_pma_shared_clock_reset_block/coreclk_out                      | test_transmitter/delay_counter                                                                                                                                                                                                          | test_transmitter_i_1_n_0                                                                                                                                                                                                             |                7 |             26 |         3.71 |
|  pcs_pma/inst/ten_gig_eth_pcs_pma_block_i/ten_gig_eth_pcs_pma_0_local_clock_reset_block/CLK | pcs_pma/inst/ten_gig_eth_pcs_pma_block_i/ten_gig_eth_pcs_pma_0_core/ten_gig_eth_pcs_pma_inst/G_IS_BASER.ten_gig_eth_pcs_pma_inst/BASER.ten_gig_eth_pcs_pma_inst/G_7SERIES_RXRATECOUNTER.rxratecounter_i/rxusrclk2_en156_reg_rep__2_0[2] | pcs_pma/inst/ten_gig_eth_pcs_pma_block_i/ten_gig_eth_pcs_pma_0_core/ten_gig_eth_pcs_pma_inst/G_IS_BASER.ten_gig_eth_pcs_pma_inst/BASER.ten_gig_eth_pcs_pma_inst/pcs_top_i/rx_pcs_i/rxreset_4                                         |                5 |             27 |         5.40 |
|  pcs_pma/inst/ten_gig_eth_pcs_pma_shared_clock_reset_block/coreclk_out                      |                                                                                                                                                                                                                                         | pcs_pma/inst/ten_gig_eth_pcs_pma_block_i/gt0_txresetdone_i_sync_i/core_in_testmode_reg                                                                                                                                               |                8 |             29 |         3.62 |
|  pcs_pma/inst/ten_gig_eth_pcs_pma_block_i/ten_gig_eth_pcs_pma_0_local_clock_reset_block/CLK | pcs_pma/inst/ten_gig_eth_pcs_pma_block_i/ten_gig_eth_pcs_pma_0_core/ten_gig_eth_pcs_pma_inst/G_IS_BASER.ten_gig_eth_pcs_pma_inst/BASER.ten_gig_eth_pcs_pma_inst/G_7SERIES_RXRATECOUNTER.rxratecounter_i/rxusrclk2_en156_reg_rep__2_0[1] | pcs_pma/inst/ten_gig_eth_pcs_pma_block_i/ten_gig_eth_pcs_pma_0_core/ten_gig_eth_pcs_pma_inst/G_IS_BASER.ten_gig_eth_pcs_pma_inst/BASER.ten_gig_eth_pcs_pma_inst/pcs_top_i/rx_pcs_i/rxreset_4                                         |                6 |             30 |         5.00 |
|  system_clock_divider/clk_100_out                                                           |                                                                                                                                                                                                                                         |                                                                                                                                                                                                                                      |                6 |             31 |         5.17 |
|  pcs_pma/inst/ten_gig_eth_pcs_pma_shared_clock_reset_block/coreclk_out                      | test_transmitter/FSM_onehot_state_reg_n_0_[10]                                                                                                                                                                                          | test_transmitter_i_1_n_0                                                                                                                                                                                                             |                8 |             32 |         4.00 |
|  pcs_pma/inst/ten_gig_eth_pcs_pma_block_i/ten_gig_eth_pcs_pma_0_local_clock_reset_block/CLK | pcs_pma/inst/ten_gig_eth_pcs_pma_block_i/ten_gig_eth_pcs_pma_0_core/ten_gig_eth_pcs_pma_inst/G_IS_BASER.ten_gig_eth_pcs_pma_inst/BASER.ten_gig_eth_pcs_pma_inst/G_7SERIES_RXRATECOUNTER.rxratecounter_i/rxusrclk2_en156_reg0            |                                                                                                                                                                                                                                      |                6 |             32 |         5.33 |
|  pcs_pma/inst/ten_gig_eth_pcs_pma_block_i/ten_gig_eth_pcs_pma_0_local_clock_reset_block/CLK | pcs_pma/inst/ten_gig_eth_pcs_pma_block_i/ten_gig_eth_pcs_pma_0_core/ten_gig_eth_pcs_pma_inst/G_IS_BASER.ten_gig_eth_pcs_pma_inst/BASER.ten_gig_eth_pcs_pma_inst/G_7SERIES_RXRATECOUNTER.rxratecounter_i/rxusrclk2_en156_reg_rep__0_0[0] |                                                                                                                                                                                                                                      |                8 |             33 |         4.12 |
|  pcs_pma/inst/ten_gig_eth_pcs_pma_block_i/ten_gig_eth_pcs_pma_0_local_clock_reset_block/CLK | pcs_pma/inst/ten_gig_eth_pcs_pma_block_i/ten_gig_eth_pcs_pma_0_core/ten_gig_eth_pcs_pma_inst/G_IS_BASER.ten_gig_eth_pcs_pma_inst/BASER.ten_gig_eth_pcs_pma_inst/G_7SERIES_RXRATECOUNTER.rxratecounter_i/rx_66_out_reg0                  |                                                                                                                                                                                                                                      |                6 |             34 |         5.67 |
|  pcs_pma/inst/ten_gig_eth_pcs_pma_block_i/ten_gig_eth_pcs_pma_0_local_clock_reset_block/CLK | pcs_pma/inst/ten_gig_eth_pcs_pma_block_i/ten_gig_eth_pcs_pma_0_core/ten_gig_eth_pcs_pma_inst/G_IS_BASER.ten_gig_eth_pcs_pma_inst/BASER.ten_gig_eth_pcs_pma_inst/G_7SERIES_RXRATECOUNTER.rxratecounter_i/rxusrclk2_en156_reg_rep__8_0[0] |                                                                                                                                                                                                                                      |                7 |             45 |         6.43 |
|  pcs_pma/inst/ten_gig_eth_pcs_pma_block_i/ten_gig_eth_pcs_pma_0_local_clock_reset_block/CLK | pcs_pma/inst/ten_gig_eth_pcs_pma_block_i/ten_gig_eth_pcs_pma_0_core/ten_gig_eth_pcs_pma_inst/G_IS_BASER.ten_gig_eth_pcs_pma_inst/BASER.ten_gig_eth_pcs_pma_inst/G_7SERIES_RXRATECOUNTER.rxratecounter_i/rxusrclk2_en156_reg_rep__5_0[1] |                                                                                                                                                                                                                                      |               15 |             50 |         3.33 |
|  pcs_pma/inst/ten_gig_eth_pcs_pma_shared_clock_reset_block/CLK                              | pcs_pma/inst/ten_gig_eth_pcs_pma_block_i/ten_gig_eth_pcs_pma_0_core/ten_gig_eth_pcs_pma_inst/G_IS_BASER.ten_gig_eth_pcs_pma_inst/BASER.ten_gig_eth_pcs_pma_inst/G_7SERIES_TXFIFO.txratefifo_i/asynch_fifo_i/dp_ram_i/ram_rd_en          |                                                                                                                                                                                                                                      |               10 |             66 |         6.60 |
|  pcs_pma/inst/ten_gig_eth_pcs_pma_shared_clock_reset_block/CLK                              |                                                                                                                                                                                                                                         |                                                                                                                                                                                                                                      |               22 |             85 |         3.86 |
|  pcs_pma/inst/ten_gig_eth_pcs_pma_shared_clock_reset_block/coreclk_out                      | pcs_pma/inst/ten_gig_eth_pcs_pma_block_i/ten_gig_eth_pcs_pma_0_core/ten_gig_eth_pcs_pma_inst/G_IS_BASER.ten_gig_eth_pcs_pma_inst/BASER.ten_gig_eth_pcs_pma_inst/G_7SERIES_TXFIFO.txratefifo_i/asynch_fifo_i/dp_ram_i/E[0]               |                                                                                                                                                                                                                                      |               11 |             88 |         8.00 |
|  pcs_pma/inst/ten_gig_eth_pcs_pma_shared_clock_reset_block/coreclk_out                      |                                                                                                                                                                                                                                         | test_transmitter_i_1_n_0                                                                                                                                                                                                             |               26 |             89 |         3.42 |
|  pcs_pma/inst/ten_gig_eth_pcs_pma_block_i/ten_gig_eth_pcs_pma_0_local_clock_reset_block/CLK | pcs_pma/inst/ten_gig_eth_pcs_pma_block_i/ten_gig_eth_pcs_pma_0_core/ten_gig_eth_pcs_pma_inst/G_IS_BASER.ten_gig_eth_pcs_pma_inst/BASER.ten_gig_eth_pcs_pma_inst/G_7SERIES_RXRATECOUNTER.rxratecounter_i/E[0]                            |                                                                                                                                                                                                                                      |               23 |            126 |         5.48 |
|  pcs_pma/inst/ten_gig_eth_pcs_pma_block_i/ten_gig_eth_pcs_pma_0_local_clock_reset_block/CLK |                                                                                                                                                                                                                                         |                                                                                                                                                                                                                                      |               41 |            156 |         3.80 |
|  pcs_pma/inst/ten_gig_eth_pcs_pma_shared_clock_reset_block/coreclk_out                      |                                                                                                                                                                                                                                         | pcs_pma/inst/ten_gig_eth_pcs_pma_block_i/ten_gig_eth_pcs_pma_0_core/ten_gig_eth_pcs_pma_inst/G_IS_BASER.ten_gig_eth_pcs_pma_inst/BASER.ten_gig_eth_pcs_pma_inst/pcs_top_i/reset_local                                                |               64 |            202 |         3.16 |
|  pcs_pma/inst/ten_gig_eth_pcs_pma_shared_clock_reset_block/coreclk_out                      |                                                                                                                                                                                                                                         |                                                                                                                                                                                                                                      |               90 |            377 |         4.19 |
+---------------------------------------------------------------------------------------------+-----------------------------------------------------------------------------------------------------------------------------------------------------------------------------------------------------------------------------------------+--------------------------------------------------------------------------------------------------------------------------------------------------------------------------------------------------------------------------------------+------------------+----------------+--------------+


